#
# There is insufficient memory for the Java Runtime Environment to continue.
# Native memory allocation (malloc) failed to allocate 1048176 bytes. Error detail: Chunk::new
# Possible reasons:
#   The system is out of physical RAM or swap space
#   This process is running with CompressedOops enabled, and the Java Heap may be blocking the growth of the native heap
# Possible solutions:
#   Reduce memory load on the system
#   Increase physical memory or swap space
#   Check if swap backing store is full
#   Decrease Java heap size (-Xmx/-Xms)
#   Decrease number of Java threads
#   Decrease Java thread stack sizes (-Xss)
#   Set larger code cache with -XX:ReservedCodeCacheSize=
#   JVM is running with Unscaled Compressed Oops mode in which the Java heap is
#     placed in the first 4GB address space. The Java Heap base address is the
#     maximum limit for the native heap growth. Please use -XX:HeapBaseMinAddress
#     to set the Java Heap base and to place the Java Heap above 4GB virtual address.
# This output file may be truncated or incomplete.
#
#  Out of Memory Error (arena.cpp:168), pid=20476, tid=4828
#
# JRE version: OpenJDK Runtime Environment Temurin-21.0.12.1+1 (21.0.12.1+1) (build 21.0.12.1+1-LTS)
# Java VM: OpenJDK 64-Bit Server VM Temurin-21.0.12.1+1 (21.0.12.1+1-LTS, mixed mode, sharing, tiered, compressed oops, compressed class ptrs, parallel gc, windows-amd64)
# No core dump will be written. Minidumps are not enabled by default on client versions of Windows
#

---------------  S U M M A R Y ------------

Command Line: --add-modules=ALL-SYSTEM --add-opens=java.base/java.util=ALL-UNNAMED --add-opens=java.base/java.lang=ALL-UNNAMED --add-opens=java.base/sun.nio.fs=ALL-UNNAMED -Declipse.application=org.eclipse.jdt.ls.core.id1 -Dosgi.bundles.defaultStartLevel=4 -Declipse.product=org.eclipse.jdt.ls.core.product -Djava.import.generatesMetadataFilesAtProjectRoot=false -Dm2e.project.cache.size=50 -DDetectVMInstallationsJob.disabled=true -Dfile.encoding=utf8 -XX:+UseParallelGC -XX:GCTimeRatio=4 -XX:AdaptiveSizePolicyWeight=90 -Dsun.zip.disableMemoryMapping=true -Xmx2G -Xms100m -Xlog:disable -javaagent:c:\Users\admin\.vscode\extensions\redhat.java-1.56.0-win32-x64\lombok\lombok-1.18.39-4050.jar -XX:+HeapDumpOnOutOfMemoryError -XX:HeapDumpPath=c:\Users\admin\AppData\Roaming\Code\User\workspaceStorage\05061040026b19977ea05106b8f7e486\redhat.java -Daether.dependencyCollector.impl=bf c:\Users\admin\.vscode\extensions\redhat.java-1.56.0-win32-x64\server\plugins\org.eclipse.equinox.launcher_1.8.0.v20260804-1928.jar -configuration c:\Users\admin\AppData\Roaming\Code\User\globalStorage\redhat.java\1.56.0\config_win -data c:\Users\admin\AppData\Roaming\Code\User\workspaceStorage\05061040026b19977ea05106b8f7e486\redhat.java\jdt_ws --pipe=\\.\pipe\lsp-1672445867d3201fc257f68b0795871b-sock

Host: AMD Ryzen 3 3200U with Radeon Vega Mobile Gfx  , 4 cores, 3G,  Windows 11 , 64 bit Build 26100 (10.0.26100.9444)
Time: Thu Sep 24 12:10:05 2026 India Standard Time elapsed time: 2758.924583 seconds (0d 0h 45m 58s)

---------------  T H R E A D  ---------------

Current thread (0x00000215d07a7520):  JavaThread "C2 CompilerThread0" daemon [_thread_in_native, id=4828, stack(0x000000b436800000,0x000000b436900000) (1024K)]


Current CompileTask:
C2:2758925 19443       4       org.eclipse.jdt.ls.core.internal.ParentProcessWatcher$$Lambda/0x00000215814cdf60::consume (13 bytes)

Stack: [0x000000b436800000,0x000000b436900000]
Native frames: (J=compiled Java code, j=interpreted, Vv=VM code, C=native code)
V  [jvm.dll+0x6d83e9]
V  [jvm.dll+0x8b5736]
V  [jvm.dll+0x8b7cee]
V  [jvm.dll+0x8b83d3]
V  [jvm.dll+0x284596]
V  [jvm.dll+0xc685d]
V  [jvm.dll+0xc6da1]
V  [jvm.dll+0x3bf151]
V  [jvm.dll+0x38b6d2]
V  [jvm.dll+0x38ab1a]
V  [jvm.dll+0x24c700]
V  [jvm.dll+0x24bce0]
V  [jvm.dll+0x1cb4ae]
V  [jvm.dll+0x25baad]
V  [jvm.dll+0x25a03a]
V  [jvm.dll+0x3f8aae]
V  [jvm.dll+0x8600cd]
V  [jvm.dll+0x6d6c1d]
C  [ucrtbase.dll+0x2cd30]
C  [KERNEL32.DLL+0x2cd87]
C  [ntdll.dll+0xacaec]


---------------  P R O C E S S  ---------------

Threads class SMR info:
_java_thread_list=0x00000215efaee7f0, length=37, elements={
0x00000215d08abda0, 0x00000215d07995f0, 0x00000215d079cb10, 0x00000215d07a0550,
0x00000215d07a11b0, 0x00000215d07a3d20, 0x00000215d07a4780, 0x00000215d07a7520,
0x00000215d08197a0, 0x00000215ec1b4620, 0x00000215ec368b80, 0x00000215ec23cc90,
0x00000215d07e4e40, 0x00000215ec8c62d0, 0x00000215ec8c6d10, 0x00000215ecb532d0,
0x00000215ec0b79b0, 0x00000215ec853ac0, 0x00000215ed03fe20, 0x00000215eca8aa60,
0x00000215eca89020, 0x00000215ef3fa710, 0x00000215ef3fc7e0, 0x00000215ef3fce70,
0x00000215ef3fada0, 0x00000215ef3fd500, 0x00000215ef3fa080, 0x00000215ef3fb430,
0x00000215ec0bc100, 0x00000215ee33d6a0, 0x00000215ee340490, 0x00000215ec0bc790,
0x00000215ec0ba6c0, 0x00000215ec0b85f0, 0x00000215ec0bb3e0, 0x00000215ec0b9310,
0x00000215ec0b99a0
}

Java Threads: ( => current thread )
  0x00000215d08abda0 JavaThread "main"                              [_thread_blocked, id=5640, stack(0x000000b435e00000,0x000000b435f00000) (1024K)]
  0x00000215d07995f0 JavaThread "Reference Handler"          daemon [_thread_blocked, id=14284, stack(0x000000b436200000,0x000000b436300000) (1024K)]
  0x00000215d079cb10 JavaThread "Finalizer"                  daemon [_thread_blocked, id=16080, stack(0x000000b436300000,0x000000b436400000) (1024K)]
  0x00000215d07a0550 JavaThread "Signal Dispatcher"          daemon [_thread_blocked, id=17656, stack(0x000000b436400000,0x000000b436500000) (1024K)]
  0x00000215d07a11b0 JavaThread "Attach Listener"            daemon [_thread_blocked, id=12336, stack(0x000000b436500000,0x000000b436600000) (1024K)]
  0x00000215d07a3d20 JavaThread "Service Thread"             daemon [_thread_blocked, id=19136, stack(0x000000b436600000,0x000000b436700000) (1024K)]
  0x00000215d07a4780 JavaThread "Monitor Deflation Thread"   daemon [_thread_blocked, id=16324, stack(0x000000b436700000,0x000000b436800000) (1024K)]
=>0x00000215d07a7520 JavaThread "C2 CompilerThread0"         daemon [_thread_in_native, id=4828, stack(0x000000b436800000,0x000000b436900000) (1024K)]
  0x00000215d08197a0 JavaThread "C1 CompilerThread0"         daemon [_thread_blocked, id=15236, stack(0x000000b436900000,0x000000b436a00000) (1024K)]
  0x00000215ec1b4620 JavaThread "Common-Cleaner"             daemon [_thread_blocked, id=14740, stack(0x000000b436a00000,0x000000b436b00000) (1024K)]
  0x00000215ec368b80 JavaThread "Notification Thread"        daemon [_thread_blocked, id=15388, stack(0x000000b436b00000,0x000000b436c00000) (1024K)]
  0x00000215ec23cc90 JavaThread "Active Thread: Equinox Container: d341cb96-0b8a-4d4f-8bf9-5ca0c4cc90f9"        [_thread_blocked, id=2392, stack(0x000000b436f00000,0x000000b437000000) (1024K)]
  0x00000215d07e4e40 JavaThread "Refresh Thread: Equinox Container: d341cb96-0b8a-4d4f-8bf9-5ca0c4cc90f9" daemon [_thread_blocked, id=13648, stack(0x000000b437000000,0x000000b437100000) (1024K)]
  0x00000215ec8c62d0 JavaThread "Framework Event Dispatcher: Equinox Container: d341cb96-0b8a-4d4f-8bf9-5ca0c4cc90f9" daemon [_thread_blocked, id=17552, stack(0x000000b437100000,0x000000b437200000) (1024K)]
  0x00000215ec8c6d10 JavaThread "Start Level: Equinox Container: d341cb96-0b8a-4d4f-8bf9-5ca0c4cc90f9" daemon [_thread_blocked, id=18272, stack(0x000000b437200000,0x000000b437300000) (1024K)]
  0x00000215ecb532d0 JavaThread "Bundle File Closer"         daemon [_thread_blocked, id=19024, stack(0x000000b437300000,0x000000b437400000) (1024K)]
  0x00000215ec0b79b0 JavaThread "SCR Component Actor"        daemon [_thread_blocked, id=14796, stack(0x000000b437400000,0x000000b437500000) (1024K)]
  0x00000215ec853ac0 JavaThread "Worker-JM"                         [_thread_blocked, id=19340, stack(0x000000b437500000,0x000000b437600000) (1024K)]
  0x00000215ed03fe20 JavaThread "JNA Cleaner"                daemon [_thread_blocked, id=15572, stack(0x000000b437600000,0x000000b437700000) (1024K)]
  0x00000215eca8aa60 JavaThread "Java indexing"              daemon [_thread_blocked, id=11608, stack(0x000000b437b00000,0x000000b437c00000) (1024K)]
  0x00000215eca89020 JavaThread "Thread-1"                   daemon [_thread_in_native, id=20008, stack(0x000000b438000000,0x000000b438100000) (1024K)]
  0x00000215ef3fa710 JavaThread "Thread-2"                   daemon [_thread_in_native, id=18984, stack(0x000000b438100000,0x000000b438200000) (1024K)]
  0x00000215ef3fc7e0 JavaThread "Thread-3"                   daemon [_thread_in_native, id=11336, stack(0x000000b438200000,0x000000b438300000) (1024K)]
  0x00000215ef3fce70 JavaThread "Thread-4"                   daemon [_thread_in_native, id=11816, stack(0x000000b438300000,0x000000b438400000) (1024K)]
  0x00000215ef3fada0 JavaThread "Thread-5"                   daemon [_thread_in_native, id=20044, stack(0x000000b438400000,0x000000b438500000) (1024K)]
  0x00000215ef3fd500 JavaThread "pool-2-thread-1"                   [_thread_blocked, id=12588, stack(0x000000b438500000,0x000000b438600000) (1024K)]
  0x00000215ef3fa080 JavaThread "WorkspaceEventsHandler"            [_thread_blocked, id=12504, stack(0x000000b438600000,0x000000b438700000) (1024K)]
  0x00000215ef3fb430 JavaThread "pool-1-thread-1"                   [_thread_blocked, id=12772, stack(0x000000b438700000,0x000000b438800000) (1024K)]
  0x00000215ec0bc100 JavaThread "Cleaner-0"                  daemon [_thread_blocked, id=2208, stack(0x000000b438f00000,0x000000b439000000) (1024K)]
  0x00000215ee33d6a0 JavaThread "Worker-9"                          [_thread_blocked, id=12656, stack(0x000000b437800000,0x000000b437900000) (1024K)]
  0x00000215ee340490 JavaThread "Worker-13"                         [_thread_blocked, id=20004, stack(0x000000b437f00000,0x000000b438000000) (1024K)]
  0x00000215ec0bc790 JavaThread "PatternSearchJob-worker-4"  daemon [_thread_blocked, id=20816, stack(0x000000b437d00000,0x000000b437e00000) (1024K)]
  0x00000215ec0ba6c0 JavaThread "PatternSearchJob-worker-5"  daemon [_thread_blocked, id=16700, stack(0x000000b437e00000,0x000000b437f00000) (1024K)]
  0x00000215ec0b85f0 JavaThread "Worker-15"                         [_thread_blocked, id=220, stack(0x000000b435c00000,0x000000b435d00000) (1024K)]
  0x00000215ec0bb3e0 JavaThread "ForkJoinPool.commonPool-worker-16" daemon [_thread_blocked, id=5396, stack(0x000000b435d00000,0x000000b435e00000) (1024K)]
  0x00000215ec0b9310 JavaThread "ForkJoinPool.commonPool-worker-17" daemon [_thread_blocked, id=4176, stack(0x000000b437700000,0x000000b437800000) (1024K)]
  0x00000215ec0b99a0 JavaThread "ForkJoinPool.commonPool-worker-18" daemon [_thread_blocked, id=21252, stack(0x000000b437900000,0x000000b437a00000) (1024K)]
Total: 37

Other Threads:
  0x00000215d096cde0 VMThread "VM Thread"                           [id=20372, stack(0x000000b436100000,0x000000b436200000) (1024K)]
  0x00000215d073ca00 WatcherThread "VM Periodic Task Thread"        [id=8736, stack(0x000000b436000000,0x000000b436100000) (1024K)]
  0x00000215d08c9eb0 WorkerThread "GC Thread#0"                     [id=4476, stack(0x000000b435f00000,0x000000b436000000) (1024K)]
  0x00000215ec644de0 WorkerThread "GC Thread#1"                     [id=15696, stack(0x000000b436c00000,0x000000b436d00000) (1024K)]
  0x00000215ec63ca80 WorkerThread "GC Thread#2"                     [id=15816, stack(0x000000b436d00000,0x000000b436e00000) (1024K)]
  0x00000215ec648eb0 WorkerThread "GC Thread#3"                     [id=14732, stack(0x000000b436e00000,0x000000b436f00000) (1024K)]
Total: 6

Threads with active compile tasks:
C2 CompilerThread0  2759028 19443       4       org.eclipse.jdt.ls.core.internal.ParentProcessWatcher$$Lambda/0x00000215814cdf60::consume (13 bytes)
Total: 1

VM state: not at safepoint (normal execution)

VM Mutex/Monitor currently owned by a thread: None

OutOfMemory and StackOverflow Exception counts:
OutOfMemoryError java_heap_errors=2
LinkageErrors=134

Heap address: 0x0000000080000000, size: 2048 MB, Compressed Oops mode: 32-bit

CDS archive(s) mapped at: [0x0000021580000000-0x0000021580ba0000-0x0000021580ba0000), size 12189696, SharedBaseAddress: 0x0000021580000000, ArchiveRelocationMode: 1.
Compressed class space mapped at: 0x0000021581000000-0x00000215c1000000, reserved size: 1073741824
Narrow klass base: 0x0000021580000000, Narrow klass shift: 0, Narrow klass range: 0x100000000

GC Precious Log:
 CardTable entry size: 512
 CPUs: 4 total, 4 available
 Memory: 3522M
 Large Page Support: Disabled
 NUMA Support: Disabled
 Compressed Oops: Enabled (32-bit)
 Alignments: Space 512K, Generation 512K, Heap 2M
 Heap Min Capacity: 100M
 Heap Initial Capacity: 100M
 Heap Max Capacity: 2G
 Pre-touch: Disabled
 Parallel Workers: 4

Heap:
 PSYoungGen      total 6656K, used 4645K [0x00000000d5580000, 0x00000000d5e80000, 0x0000000100000000)
  eden space 5120K, 61% used [0x00000000d5580000,0x00000000d58915f0,0x00000000d5a80000)
  from space 1536K, 97% used [0x00000000d5a80000,0x00000000d5bf8060,0x00000000d5c00000)
  to   space 2048K, 0% used [0x00000000d5c80000,0x00000000d5c80000,0x00000000d5e80000)
 ParOldGen       total 1398272K, used 79465K [0x0000000080000000, 0x00000000d5580000, 0x00000000d5580000)
  object space 1398272K, 5% used [0x0000000080000000,0x0000000084d9a510,0x00000000d5580000)
 Metaspace       used 75265K, committed 76864K, reserved 1179648K
  class space    used 7613K, committed 8384K, reserved 1048576K

Card table byte_map: [0x00000215d0250000,0x00000215d0660000] _byte_map_base: 0x00000215cfe50000

Marking Bits: (ParMarkBitMap*) 0x00007ffcb1b644a0
 Begin Bits: [0x00000215e2d60000, 0x00000215e4d60000)
 End Bits:   [0x00000215e4d60000, 0x00000215e6d60000)

Polling page: 0x00000215cea50000

Metaspace:

Usage:
  Non-class:     66.07 MB used.
      Class:      7.44 MB used.
       Both:     73.50 MB used.

Virtual space:
  Non-class space:      128.00 MB reserved,      66.88 MB ( 52%) committed,  2 nodes.
      Class space:        1.00 GB reserved,       8.19 MB ( <1%) committed,  1 nodes.
             Both:        1.12 GB reserved,      75.06 MB (  7%) committed. 

Chunk freelists:
   Non-Class:  12.25 MB
       Class:  7.89 MB
        Both:  20.14 MB

MaxMetaspaceSize: unlimited
CompressedClassSpaceSize: 1.00 GB
Initial GC threshold: 21.00 MB
Current GC threshold: 124.38 MB
CDS: on
 - commit_granule_bytes: 65536.
 - commit_granule_words: 8192.
 - virtual_space_node_default_size: 8388608.
 - enlarge_chunks_in_place: 1.
 - use_allocation_guard: 0.


Internal statistics:

num_allocs_failed_limit: 13.
num_arena_births: 1432.
num_arena_deaths: 372.
num_vsnodes_births: 3.
num_vsnodes_deaths: 0.
num_space_committed: 1201.
num_space_uncommitted: 0.
num_chunks_returned_to_freelist: 434.
num_chunks_taken_from_freelist: 5243.
num_chunk_merges: 104.
num_chunk_splits: 3071.
num_chunks_enlarged: 1758.
num_inconsistent_stats: 0.

CodeHeap 'non-profiled nmethods': size=120000Kb used=8525Kb max_used=14378Kb free=111475Kb
 bounds [0x00000215db580000, 0x00000215dc390000, 0x00000215e2ab0000]
CodeHeap 'profiled nmethods': size=120000Kb used=17390Kb max_used=36397Kb free=102609Kb
 bounds [0x00000215d3ab0000, 0x00000215d5e40000, 0x00000215dafe0000]
CodeHeap 'non-nmethods': size=5760Kb used=1471Kb max_used=1540Kb free=4288Kb
 bounds [0x00000215dafe0000, 0x00000215db250000, 0x00000215db580000]
CodeCache: size=245760Kb, used=27386Kb, max_used=52315Kb, free=218372Kb
 total_blobs=8174, nmethods=7386, adapters=688, full_count=0
Compilation: enabled, stopped_count=0, restarted_count=0

Compilation events (20 events):
Event: 2757.986 Thread 0x00000215d08197a0 19440       3       org.eclipse.jdt.core.dom.ASTRecoveryPropagator::flagNodesWithInsertedTokensInside (86 bytes)
Event: 2757.987 Thread 0x00000215d08197a0 nmethod 19440 0x00000215d5a1b710 code [0x00000215d5a1b8e0, 0x00000215d5a1bcd0]
Event: 2758.049 Thread 0x00000215d08197a0 19441   !   3       java.util.Collections$SynchronizedCollection::isEmpty (24 bytes)
Event: 2758.050 Thread 0x00000215d08197a0 nmethod 19441 0x00000215d5a1b110 code [0x00000215d5a1b2c0, 0x00000215d5a1b590]
Event: 2758.205 Thread 0x00000215d07a7520 nmethod 19396 0x00000215dc09f590 code [0x00000215dc09f960, 0x00000215dc0a3738]
Event: 2758.205 Thread 0x00000215d07a7520 19387       4       org.eclipse.jdt.internal.compiler.util.HashtableOfType::put (113 bytes)
Event: 2758.213 Thread 0x00000215d07a7520 nmethod 19387 0x00000215db7f7210 code [0x00000215db7f7400, 0x00000215db7f7b38]
Event: 2758.214 Thread 0x00000215d07a7520 19405       4       java.lang.String::concat (15 bytes)
Event: 2758.252 Thread 0x00000215d07a7520 nmethod 19405 0x00000215db7f5d90 code [0x00000215db7f5fc0, 0x00000215db7f6c30]
Event: 2758.252 Thread 0x00000215d07a7520 19425       4       org.eclipse.core.internal.filebuffers.ResourceTextFileBuffer$DocumentListener::documentAboutToBeChanged (1 bytes)
Event: 2758.253 Thread 0x00000215d07a7520 nmethod 19425 0x00000215dc096290 code [0x00000215dc096420, 0x00000215dc0964a8]
Event: 2758.288 Thread 0x00000215d08197a0 19442       3       org.eclipse.lsp4j.jsonrpc.RemoteEndpoint::isCancellation (21 bytes)
Event: 2758.293 Thread 0x00000215d08197a0 nmethod 19442 0x00000215d5a1a610 code [0x00000215d5a1a820, 0x00000215d5a1afc8]
Event: 2758.304 Thread 0x00000215d07a7520 19443       4       org.eclipse.jdt.ls.core.internal.ParentProcessWatcher$$Lambda/0x00000215814cdf60::consume (13 bytes)
Event: 2758.308 Thread 0x00000215d08197a0 19444   !   3       java.util.concurrent.FutureTask::runAndReset (125 bytes)
Event: 2758.319 Thread 0x00000215d08197a0 nmethod 19444 0x00000215d5a17190 code [0x00000215d5a17600, 0x00000215d5a19a90]
Event: 2758.319 Thread 0x00000215d08197a0 19445       3       java.util.concurrent.ScheduledThreadPoolExecutor$ScheduledFutureTask::setNextRunTime (38 bytes)
Event: 2758.320 Thread 0x00000215d08197a0 nmethod 19445 0x00000215d5a16c90 code [0x00000215d5a16e40, 0x00000215d5a170d0]
Event: 2758.320 Thread 0x00000215d08197a0 19446       3       java.util.concurrent.ScheduledThreadPoolExecutor::reExecutePeriodic (49 bytes)
Event: 2758.322 Thread 0x00000215d08197a0 nmethod 19446 0x00000215d5a16090 code [0x00000215d5a162c0, 0x00000215d5a16a40]

GC Heap History (20 events):
Event: 2462.437 GC heap before
{Heap before GC invocations=210 (full 8):
 PSYoungGen      total 4608K, used 4592K [0x00000000d5580000, 0x00000000d5c00000, 0x0000000100000000)
  eden space 3584K, 100% used [0x00000000d5580000,0x00000000d5900000,0x00000000d5900000)
  from space 1024K, 98% used [0x00000000d5980000,0x00000000d5a7c010,0x00000000d5a80000)
  to   space 1536K, 0% used [0x00000000d5a80000,0x00000000d5a80000,0x00000000d5c00000)
 ParOldGen       total 1398272K, used 77929K [0x0000000080000000, 0x00000000d5580000, 0x00000000d5580000)
  object space 1398272K, 5% used [0x0000000080000000,0x0000000084c1a790,0x00000000d5580000)
 Metaspace       used 75196K, committed 76736K, reserved 1179648K
  class space    used 7612K, committed 8384K, reserved 1048576K
}
Event: 2462.440 GC heap after
{Heap after GC invocations=210 (full 8):
 PSYoungGen      total 4608K, used 1488K [0x00000000d5580000, 0x00000000d5d80000, 0x0000000100000000)
  eden space 3072K, 0% used [0x00000000d5580000,0x00000000d5580000,0x00000000d5880000)
  from space 1536K, 96% used [0x00000000d5a80000,0x00000000d5bf4010,0x00000000d5c00000)
  to   space 2048K, 0% used [0x00000000d5880000,0x00000000d5880000,0x00000000d5a80000)
 ParOldGen       total 1398272K, used 77929K [0x0000000080000000, 0x00000000d5580000, 0x00000000d5580000)
  object space 1398272K, 5% used [0x0000000080000000,0x0000000084c1a790,0x00000000d5580000)
 Metaspace       used 75196K, committed 76736K, reserved 1179648K
  class space    used 7612K, committed 8384K, reserved 1048576K
}
Event: 2463.587 GC heap before
{Heap before GC invocations=211 (full 8):
 PSYoungGen      total 4608K, used 4560K [0x00000000d5580000, 0x00000000d5d80000, 0x0000000100000000)
  eden space 3072K, 100% used [0x00000000d5580000,0x00000000d5880000,0x00000000d5880000)
  from space 1536K, 96% used [0x00000000d5a80000,0x00000000d5bf4010,0x00000000d5c00000)
  to   space 2048K, 0% used [0x00000000d5880000,0x00000000d5880000,0x00000000d5a80000)
 ParOldGen       total 1398272K, used 77929K [0x0000000080000000, 0x00000000d5580000, 0x00000000d5580000)
  object space 1398272K, 5% used [0x0000000080000000,0x0000000084c1a790,0x00000000d5580000)
 Metaspace       used 75196K, committed 76736K, reserved 1179648K
  class space    used 7612K, committed 8384K, reserved 1048576K
}
Event: 2463.592 GC heap after
{Heap after GC invocations=211 (full 8):
 PSYoungGen      total 5120K, used 1904K [0x00000000d5580000, 0x00000000d5d00000, 0x0000000100000000)
  eden space 3072K, 0% used [0x00000000d5580000,0x00000000d5580000,0x00000000d5880000)
  from space 2048K, 92% used [0x00000000d5880000,0x00000000d5a5c010,0x00000000d5a80000)
  to   space 2048K, 0% used [0x00000000d5b00000,0x00000000d5b00000,0x00000000d5d00000)
 ParOldGen       total 1398272K, used 77929K [0x0000000080000000, 0x00000000d5580000, 0x00000000d5580000)
  object space 1398272K, 5% used [0x0000000080000000,0x0000000084c1a790,0x00000000d5580000)
 Metaspace       used 75196K, committed 76736K, reserved 1179648K
  class space    used 7612K, committed 8384K, reserved 1048576K
}
Event: 2464.729 GC heap before
{Heap before GC invocations=212 (full 8):
 PSYoungGen      total 5120K, used 4976K [0x00000000d5580000, 0x00000000d5d00000, 0x0000000100000000)
  eden space 3072K, 100% used [0x00000000d5580000,0x00000000d5880000,0x00000000d5880000)
  from space 2048K, 92% used [0x00000000d5880000,0x00000000d5a5c010,0x00000000d5a80000)
  to   space 2048K, 0% used [0x00000000d5b00000,0x00000000d5b00000,0x00000000d5d00000)
 ParOldGen       total 1398272K, used 77929K [0x0000000080000000, 0x00000000d5580000, 0x00000000d5580000)
  object space 1398272K, 5% used [0x0000000080000000,0x0000000084c1a790,0x00000000d5580000)
 Metaspace       used 75207K, committed 76736K, reserved 1179648K
  class space    used 7613K, committed 8384K, reserved 1048576K
}
Event: 2464.739 GC heap after
{Heap after GC invocations=212 (full 8):
 PSYoungGen      total 5632K, used 1664K [0x00000000d5580000, 0x00000000d5d00000, 0x0000000100000000)
  eden space 3584K, 0% used [0x00000000d5580000,0x00000000d5580000,0x00000000d5900000)
  from space 2048K, 81% used [0x00000000d5b00000,0x00000000d5ca0020,0x00000000d5d00000)
  to   space 2048K, 0% used [0x00000000d5900000,0x00000000d5900000,0x00000000d5b00000)
 ParOldGen       total 1398272K, used 77937K [0x0000000080000000, 0x00000000d5580000, 0x00000000d5580000)
  object space 1398272K, 5% used [0x0000000080000000,0x0000000084c1c790,0x00000000d5580000)
 Metaspace       used 75207K, committed 76736K, reserved 1179648K
  class space    used 7613K, committed 8384K, reserved 1048576K
}
Event: 2752.356 GC heap before
{Heap before GC invocations=213 (full 8):
 PSYoungGen      total 5632K, used 5248K [0x00000000d5580000, 0x00000000d5d00000, 0x0000000100000000)
  eden space 3584K, 100% used [0x00000000d5580000,0x00000000d5900000,0x00000000d5900000)
  from space 2048K, 81% used [0x00000000d5b00000,0x00000000d5ca0020,0x00000000d5d00000)
  to   space 2048K, 0% used [0x00000000d5900000,0x00000000d5900000,0x00000000d5b00000)
 ParOldGen       total 1398272K, used 77937K [0x0000000080000000, 0x00000000d5580000, 0x00000000d5580000)
  object space 1398272K, 5% used [0x0000000080000000,0x0000000084c1c790,0x00000000d5580000)
 Metaspace       used 75226K, committed 76736K, reserved 1179648K
  class space    used 7613K, committed 8384K, reserved 1048576K
}
Event: 2752.454 GC heap after
{Heap after GC invocations=213 (full 8):
 PSYoungGen      total 5632K, used 1152K [0x00000000d5580000, 0x00000000d5c80000, 0x0000000100000000)
  eden space 3584K, 0% used [0x00000000d5580000,0x00000000d5580000,0x00000000d5900000)
  from space 2048K, 56% used [0x00000000d5900000,0x00000000d5a20000,0x00000000d5b00000)
  to   space 1536K, 0% used [0x00000000d5b00000,0x00000000d5b00000,0x00000000d5c80000)
 ParOldGen       total 1398272K, used 77945K [0x0000000080000000, 0x00000000d5580000, 0x00000000d5580000)
  object space 1398272K, 5% used [0x0000000080000000,0x0000000084c1e790,0x00000000d5580000)
 Metaspace       used 75226K, committed 76736K, reserved 1179648K
  class space    used 7613K, committed 8384K, reserved 1048576K
}
Event: 2753.632 GC heap before
{Heap before GC invocations=214 (full 8):
 PSYoungGen      total 5632K, used 4736K [0x00000000d5580000, 0x00000000d5c80000, 0x0000000100000000)
  eden space 3584K, 100% used [0x00000000d5580000,0x00000000d5900000,0x00000000d5900000)
  from space 2048K, 56% used [0x00000000d5900000,0x00000000d5a20000,0x00000000d5b00000)
  to   space 1536K, 0% used [0x00000000d5b00000,0x00000000d5b00000,0x00000000d5c80000)
 ParOldGen       total 1398272K, used 77945K [0x0000000080000000, 0x00000000d5580000, 0x00000000d5580000)
  object space 1398272K, 5% used [0x0000000080000000,0x0000000084c1e790,0x00000000d5580000)
 Metaspace       used 75239K, committed 76736K, reserved 1179648K
  class space    used 7613K, committed 8384K, reserved 1048576K
}
Event: 2753.649 GC heap after
{Heap after GC invocations=214 (full 8):
 PSYoungGen      total 4608K, used 1520K [0x00000000d5580000, 0x00000000d5e80000, 0x0000000100000000)
  eden space 3072K, 0% used [0x00000000d5580000,0x00000000d5580000,0x00000000d5880000)
  from space 1536K, 98% used [0x00000000d5b00000,0x00000000d5c7c050,0x00000000d5c80000)
  to   space 2560K, 0% used [0x00000000d5880000,0x00000000d5880000,0x00000000d5b00000)
 ParOldGen       total 1398272K, used 78399K [0x0000000080000000, 0x00000000d5580000, 0x00000000d5580000)
  object space 1398272K, 5% used [0x0000000080000000,0x0000000084c8fc10,0x00000000d5580000)
 Metaspace       used 75239K, committed 76736K, reserved 1179648K
  class space    used 7613K, committed 8384K, reserved 1048576K
}
Event: 2754.414 GC heap before
{Heap before GC invocations=215 (full 8):
 PSYoungGen      total 4608K, used 4592K [0x00000000d5580000, 0x00000000d5e80000, 0x0000000100000000)
  eden space 3072K, 100% used [0x00000000d5580000,0x00000000d5880000,0x00000000d5880000)
  from space 1536K, 98% used [0x00000000d5b00000,0x00000000d5c7c050,0x00000000d5c80000)
  to   space 2560K, 0% used [0x00000000d5880000,0x00000000d5880000,0x00000000d5b00000)
 ParOldGen       total 1398272K, used 78399K [0x0000000080000000, 0x00000000d5580000, 0x00000000d5580000)
  object space 1398272K, 5% used [0x0000000080000000,0x0000000084c8fc10,0x00000000d5580000)
 Metaspace       used 75240K, committed 76736K, reserved 1179648K
  class space    used 7613K, committed 8384K, reserved 1048576K
}
Event: 2754.425 GC heap after
{Heap after GC invocations=215 (full 8):
 PSYoungGen      total 5632K, used 2542K [0x00000000d5580000, 0x00000000d6000000, 0x0000000100000000)
  eden space 3072K, 0% used [0x00000000d5580000,0x00000000d5580000,0x00000000d5880000)
  from space 2560K, 99% used [0x00000000d5880000,0x00000000d5afbb90,0x00000000d5b00000)
  to   space 3584K, 0% used [0x00000000d5c80000,0x00000000d5c80000,0x00000000d6000000)
 ParOldGen       total 1398272K, used 78852K [0x0000000080000000, 0x00000000d5580000, 0x00000000d5580000)
  object space 1398272K, 5% used [0x0000000080000000,0x0000000084d01090,0x00000000d5580000)
 Metaspace       used 75240K, committed 76736K, reserved 1179648K
  class space    used 7613K, committed 8384K, reserved 1048576K
}
Event: 2754.769 GC heap before
{Heap before GC invocations=216 (full 8):
 PSYoungGen      total 5632K, used 5614K [0x00000000d5580000, 0x00000000d6000000, 0x0000000100000000)
  eden space 3072K, 100% used [0x00000000d5580000,0x00000000d5880000,0x00000000d5880000)
  from space 2560K, 99% used [0x00000000d5880000,0x00000000d5afbb90,0x00000000d5b00000)
  to   space 3584K, 0% used [0x00000000d5c80000,0x00000000d5c80000,0x00000000d6000000)
 ParOldGen       total 1398272K, used 78852K [0x0000000080000000, 0x00000000d5580000, 0x00000000d5580000)
  object space 1398272K, 5% used [0x0000000080000000,0x0000000084d01090,0x00000000d5580000)
 Metaspace       used 75240K, committed 76736K, reserved 1179648K
  class space    used 7613K, committed 8384K, reserved 1048576K
}
Event: 2754.803 GC heap after
{Heap after GC invocations=216 (full 8):
 PSYoungGen      total 5120K, used 1136K [0x00000000d5580000, 0x00000000d5e00000, 0x0000000100000000)
  eden space 3584K, 0% used [0x00000000d5580000,0x00000000d5580000,0x00000000d5900000)
  from space 1536K, 73% used [0x00000000d5c80000,0x00000000d5d9c050,0x00000000d5e00000)
  to   space 2048K, 0% used [0x00000000d5a00000,0x00000000d5a00000,0x00000000d5c00000)
 ParOldGen       total 1398272K, used 79092K [0x0000000080000000, 0x00000000d5580000, 0x00000000d5580000)
  object space 1398272K, 5% used [0x0000000080000000,0x0000000084d3d090,0x00000000d5580000)
 Metaspace       used 75240K, committed 76736K, reserved 1179648K
  class space    used 7613K, committed 8384K, reserved 1048576K
}
Event: 2755.492 GC heap before
{Heap before GC invocations=217 (full 8):
 PSYoungGen      total 5120K, used 4720K [0x00000000d5580000, 0x00000000d5e00000, 0x0000000100000000)
  eden space 3584K, 100% used [0x00000000d5580000,0x00000000d5900000,0x00000000d5900000)
  from space 1536K, 73% used [0x00000000d5c80000,0x00000000d5d9c050,0x00000000d5e00000)
  to   space 2048K, 0% used [0x00000000d5a00000,0x00000000d5a00000,0x00000000d5c00000)
 ParOldGen       total 1398272K, used 79092K [0x0000000080000000, 0x00000000d5580000, 0x00000000d5580000)
  object space 1398272K, 5% used [0x0000000080000000,0x0000000084d3d090,0x00000000d5580000)
 Metaspace       used 75255K, committed 76736K, reserved 1179648K
  class space    used 7613K, committed 8384K, reserved 1048576K
}
Event: 2755.501 GC heap after
{Heap after GC invocations=217 (full 8):
 PSYoungGen      total 6144K, used 1776K [0x00000000d5580000, 0x00000000d5d80000, 0x0000000100000000)
  eden space 4096K, 0% used [0x00000000d5580000,0x00000000d5580000,0x00000000d5980000)
  from space 2048K, 86% used [0x00000000d5a00000,0x00000000d5bbc070,0x00000000d5c00000)
  to   space 1536K, 0% used [0x00000000d5c00000,0x00000000d5c00000,0x00000000d5d80000)
 ParOldGen       total 1398272K, used 79092K [0x0000000080000000, 0x00000000d5580000, 0x00000000d5580000)
  object space 1398272K, 5% used [0x0000000080000000,0x0000000084d3d090,0x00000000d5580000)
 Metaspace       used 75255K, committed 76736K, reserved 1179648K
  class space    used 7613K, committed 8384K, reserved 1048576K
}
Event: 2757.204 GC heap before
{Heap before GC invocations=218 (full 8):
 PSYoungGen      total 6144K, used 5872K [0x00000000d5580000, 0x00000000d5d80000, 0x0000000100000000)
  eden space 4096K, 100% used [0x00000000d5580000,0x00000000d5980000,0x00000000d5980000)
  from space 2048K, 86% used [0x00000000d5a00000,0x00000000d5bbc070,0x00000000d5c00000)
  to   space 1536K, 0% used [0x00000000d5c00000,0x00000000d5c00000,0x00000000d5d80000)
 ParOldGen       total 1398272K, used 79092K [0x0000000080000000, 0x00000000d5580000, 0x00000000d5580000)
  object space 1398272K, 5% used [0x0000000080000000,0x0000000084d3d090,0x00000000d5580000)
 Metaspace       used 75256K, committed 76736K, reserved 1179648K
  class space    used 7613K, committed 8384K, reserved 1048576K
}
Event: 2757.212 GC heap after
{Heap after GC invocations=218 (full 8):
 PSYoungGen      total 6144K, used 1168K [0x00000000d5580000, 0x00000000d5d80000, 0x0000000100000000)
  eden space 4608K, 0% used [0x00000000d5580000,0x00000000d5580000,0x00000000d5a00000)
  from space 1536K, 76% used [0x00000000d5c00000,0x00000000d5d24070,0x00000000d5d80000)
  to   space 1536K, 0% used [0x00000000d5a80000,0x00000000d5a80000,0x00000000d5c00000)
 ParOldGen       total 1398272K, used 79092K [0x0000000080000000, 0x00000000d5580000, 0x00000000d5580000)
  object space 1398272K, 5% used [0x0000000080000000,0x0000000084d3d090,0x00000000d5580000)
 Metaspace       used 75256K, committed 76736K, reserved 1179648K
  class space    used 7613K, committed 8384K, reserved 1048576K
}
Event: 2757.666 GC heap before
{Heap before GC invocations=219 (full 8):
 PSYoungGen      total 6144K, used 5776K [0x00000000d5580000, 0x00000000d5d80000, 0x0000000100000000)
  eden space 4608K, 100% used [0x00000000d5580000,0x00000000d5a00000,0x00000000d5a00000)
  from space 1536K, 76% used [0x00000000d5c00000,0x00000000d5d24070,0x00000000d5d80000)
  to   space 1536K, 0% used [0x00000000d5a80000,0x00000000d5a80000,0x00000000d5c00000)
 ParOldGen       total 1398272K, used 79092K [0x0000000080000000, 0x00000000d5580000, 0x00000000d5580000)
  object space 1398272K, 5% used [0x0000000080000000,0x0000000084d3d090,0x00000000d5580000)
 Metaspace       used 75256K, committed 76736K, reserved 1179648K
  class space    used 7613K, committed 8384K, reserved 1048576K
}
Event: 2757.674 GC heap after
{Heap after GC invocations=219 (full 8):
 PSYoungGen      total 6656K, used 1504K [0x00000000d5580000, 0x00000000d5e80000, 0x0000000100000000)
  eden space 5120K, 0% used [0x00000000d5580000,0x00000000d5580000,0x00000000d5a80000)
  from space 1536K, 97% used [0x00000000d5a80000,0x00000000d5bf8060,0x00000000d5c00000)
  to   space 2048K, 0% used [0x00000000d5c80000,0x00000000d5c80000,0x00000000d5e80000)
 ParOldGen       total 1398272K, used 79465K [0x0000000080000000, 0x00000000d5580000, 0x00000000d5580000)
  object space 1398272K, 5% used [0x0000000080000000,0x0000000084d9a510,0x00000000d5580000)
 Metaspace       used 75256K, committed 76736K, reserved 1179648K
  class space    used 7613K, committed 8384K, reserved 1048576K
}

Dll operation events (20 events):
Event: 0.047 Attempting to load shared library c:\Users\admin\.vscode\extensions\redhat.java-1.56.0-win32-x64\jre\21.0.12.1-win32-x86_64\bin\java.dll
Event: 0.047 Loaded shared library c:\Users\admin\.vscode\extensions\redhat.java-1.56.0-win32-x64\jre\21.0.12.1-win32-x86_64\bin\java.dll
Event: 0.422 Attempting to load shared library c:\Users\admin\.vscode\extensions\redhat.java-1.56.0-win32-x64\jre\21.0.12.1-win32-x86_64\bin\zip.dll
Event: 0.422 Loaded shared library c:\Users\admin\.vscode\extensions\redhat.java-1.56.0-win32-x64\jre\21.0.12.1-win32-x86_64\bin\zip.dll
Event: 0.567 Attempting to load shared library C:\Users\admin\.vscode\extensions\redhat.java-1.56.0-win32-x64\jre\21.0.12.1-win32-x86_64\bin\instrument.dll
Event: 0.567 Loaded shared library C:\Users\admin\.vscode\extensions\redhat.java-1.56.0-win32-x64\jre\21.0.12.1-win32-x86_64\bin\instrument.dll
Event: 0.590 Attempting to load shared library C:\Users\admin\.vscode\extensions\redhat.java-1.56.0-win32-x64\jre\21.0.12.1-win32-x86_64\bin\net.dll
Event: 0.593 Loaded shared library C:\Users\admin\.vscode\extensions\redhat.java-1.56.0-win32-x64\jre\21.0.12.1-win32-x86_64\bin\net.dll
Event: 0.600 Attempting to load shared library C:\Users\admin\.vscode\extensions\redhat.java-1.56.0-win32-x64\jre\21.0.12.1-win32-x86_64\bin\nio.dll
Event: 0.601 Loaded shared library C:\Users\admin\.vscode\extensions\redhat.java-1.56.0-win32-x64\jre\21.0.12.1-win32-x86_64\bin\nio.dll
Event: 0.610 Attempting to load shared library C:\Users\admin\.vscode\extensions\redhat.java-1.56.0-win32-x64\jre\21.0.12.1-win32-x86_64\bin\zip.dll
Event: 0.610 Loaded shared library C:\Users\admin\.vscode\extensions\redhat.java-1.56.0-win32-x64\jre\21.0.12.1-win32-x86_64\bin\zip.dll
Event: 0.722 Attempting to load shared library C:\Users\admin\.vscode\extensions\redhat.java-1.56.0-win32-x64\jre\21.0.12.1-win32-x86_64\bin\jimage.dll
Event: 0.723 Loaded shared library C:\Users\admin\.vscode\extensions\redhat.java-1.56.0-win32-x64\jre\21.0.12.1-win32-x86_64\bin\jimage.dll
Event: 1.871 Attempting to load shared library c:\Users\admin\.vscode\extensions\redhat.java-1.56.0-win32-x64\jre\21.0.12.1-win32-x86_64\bin\verify.dll
Event: 1.872 Loaded shared library c:\Users\admin\.vscode\extensions\redhat.java-1.56.0-win32-x64\jre\21.0.12.1-win32-x86_64\bin\verify.dll
Event: 10.157 Attempting to load shared library C:\Users\admin\AppData\Roaming\Code\User\globalStorage\redhat.java\1.56.0\config_win\org.eclipse.equinox.launcher\org.eclipse.equinox.launcher.win32.win32.x86_64_1.3.100.v20260804-1928\eclipse_11924.dll
Event: 10.170 Loaded shared library C:\Users\admin\AppData\Roaming\Code\User\globalStorage\redhat.java\1.56.0\config_win\org.eclipse.equinox.launcher\org.eclipse.equinox.launcher.win32.win32.x86_64_1.3.100.v20260804-1928\eclipse_11924.dll
Event: 19.341 Attempting to load shared library C:\Users\admin\AppData\Local\Temp\jna-92668751\jna9107276241201173674.dll
Event: 19.575 Loaded shared library C:\Users\admin\AppData\Local\Temp\jna-92668751\jna9107276241201173674.dll

Deoptimization events (20 events):
Event: 2460.734 Thread 0x00000215ee33d6a0 DEOPT PACKING pc=0x00000215d40b5c7c sp=0x000000b4378feaa0
Event: 2460.734 Thread 0x00000215ee33d6a0 DEOPT UNPACKING pc=0x00000215db034242 sp=0x000000b4378fdfe0 mode 0
Event: 2461.113 Thread 0x00000215ef3fb430 Uncommon trap: trap_request=0xffffff45 fr.pc=0x00000215db8c8364 relative=0x0000000000003884
Event: 2461.113 Thread 0x00000215ef3fb430 Uncommon trap: reason=unstable_if action=reinterpret pc=0x00000215db8c8364 method=org.eclipse.jdt.ls.core.internal.contentassist.CompletionProposalRequestor.mapKind(Lorg/eclipse/jdt/core/CompletionProposal;)Lorg/eclipse/lsp4j/CompletionItemKind; @ 11 c2
Event: 2461.113 Thread 0x00000215ef3fb430 DEOPT PACKING pc=0x00000215db8c8364 sp=0x000000b4387fe400
Event: 2461.113 Thread 0x00000215ef3fb430 DEOPT UNPACKING pc=0x00000215db033aa2 sp=0x000000b4387fe350 mode 2
Event: 2461.113 Thread 0x00000215ef3fb430 Uncommon trap: trap_request=0xffffff45 fr.pc=0x00000215dc2a1314 relative=0x0000000000002d94
Event: 2461.113 Thread 0x00000215ef3fb430 Uncommon trap: reason=unstable_if action=reinterpret pc=0x00000215dc2a1314 method=org.eclipse.jdt.ls.core.internal.contentassist.CompletionProposalDescriptionProvider.updateDescription(Lorg/eclipse/jdt/core/CompletionProposal;Lorg/eclipse/lsp4j/Completion
Event: 2461.113 Thread 0x00000215ef3fb430 DEOPT PACKING pc=0x00000215dc2a1314 sp=0x000000b4387fe320
Event: 2461.124 Thread 0x00000215ef3fb430 DEOPT UNPACKING pc=0x00000215db033aa2 sp=0x000000b4387fe348 mode 2
Event: 2461.125 Thread 0x00000215ef3fb430 Uncommon trap: trap_request=0xffffff45 fr.pc=0x00000215db7ce6e4 relative=0x0000000000001684
Event: 2461.125 Thread 0x00000215ef3fb430 Uncommon trap: reason=unstable_if action=reinterpret pc=0x00000215db7ce6e4 method=org.eclipse.jdt.ls.core.internal.contentassist.SortTextHelper.computeSortText(Lorg/eclipse/jdt/core/CompletionProposal;)Ljava/lang/String; @ 12 c2
Event: 2461.125 Thread 0x00000215ef3fb430 DEOPT PACKING pc=0x00000215db7ce6e4 sp=0x000000b4387fe3a0
Event: 2461.125 Thread 0x00000215ef3fb430 DEOPT UNPACKING pc=0x00000215db033aa2 sp=0x000000b4387fe358 mode 2
Event: 2462.306 Thread 0x00000215ef3fb430 Uncommon trap: trap_request=0xffffff45 fr.pc=0x00000215dc120f04 relative=0x00000000000001a4
Event: 2462.306 Thread 0x00000215ef3fb430 Uncommon trap: reason=unstable_if action=reinterpret pc=0x00000215dc120f04 method=org.eclipse.jdt.ls.core.internal.contentassist.CompletionProposalRequestor.mapKind(Lorg/eclipse/jdt/core/CompletionProposal;)Lorg/eclipse/lsp4j/CompletionItemKind; @ 11 c2
Event: 2462.306 Thread 0x00000215ef3fb430 DEOPT PACKING pc=0x00000215dc120f04 sp=0x000000b4387fe3c0
Event: 2462.306 Thread 0x00000215ef3fb430 DEOPT UNPACKING pc=0x00000215db033aa2 sp=0x000000b4387fe350 mode 2
Event: 2757.556 Thread 0x00000215ef3fb430 DEOPT PACKING pc=0x00000215d4c8b282 sp=0x000000b4387fdc60
Event: 2757.565 Thread 0x00000215ef3fb430 DEOPT UNPACKING pc=0x00000215db034242 sp=0x000000b4387fd120 mode 0

Classes loaded (20 events):
Event: 421.253 Loading class java/util/stream/Nodes$ToArrayTask done
Event: 421.253 Loading class java/util/stream/Nodes$ToArrayTask$OfRef done
Event: 421.278 Loading class java/io/ObjectOutputStream$BlockDataOutputStream
Event: 421.282 Loading class java/io/ObjectOutputStream$BlockDataOutputStream done
Event: 421.283 Loading class java/io/ObjectOutputStream$HandleTable
Event: 421.287 Loading class java/io/ObjectOutputStream$HandleTable done
Event: 421.288 Loading class java/io/ObjectOutputStream$ReplaceTable
Event: 421.289 Loading class java/io/ObjectOutputStream$ReplaceTable done
Event: 640.149 Loading class java/nio/channels/CompletionHandler
Event: 640.179 Loading class java/nio/channels/CompletionHandler done
Event: 1193.231 Loading class java/util/stream/ReduceOps$5
Event: 1193.232 Loading class java/util/stream/ReduceOps$5 done
Event: 1193.233 Loading class java/util/stream/ReduceOps$CountingSink$OfRef
Event: 1193.233 Loading class java/util/stream/ReduceOps$CountingSink
Event: 1193.233 Loading class java/util/stream/ReduceOps$CountingSink done
Event: 1193.233 Loading class java/util/stream/ReduceOps$CountingSink$OfRef done
Event: 1193.292 Loading class java/lang/StackStreamFactory$CallerClassFinder
Event: 1193.294 Loading class java/lang/StackStreamFactory$CallerClassFinder done
Event: 1193.295 Loading class java/lang/StackStreamFactory$CallerClassFinder$ClassBuffer
Event: 1193.301 Loading class java/lang/StackStreamFactory$CallerClassFinder$ClassBuffer done

Classes unloaded (20 events):
Event: 1189.522 Thread 0x00000215d096cde0 Unloading class 0x0000021581006400 'java/lang/invoke/LambdaForm$MH+0x0000021581006400'
Event: 1189.522 Thread 0x00000215d096cde0 Unloading class 0x0000021581006000 'java/lang/invoke/LambdaForm$MH+0x0000021581006000'
Event: 1189.522 Thread 0x00000215d096cde0 Unloading class 0x0000021581005c00 'java/lang/invoke/LambdaForm$BMH+0x0000021581005c00'
Event: 1189.522 Thread 0x00000215d096cde0 Unloading class 0x0000021581004800 'java/lang/invoke/LambdaForm$DMH+0x0000021581004800'
Event: 1189.522 Thread 0x00000215d096cde0 Unloading class 0x0000021581002400 'java/lang/invoke/LambdaForm$MH+0x0000021581002400'
Event: 1189.522 Thread 0x00000215d096cde0 Unloading class 0x0000021581002000 'java/lang/invoke/LambdaForm$MH+0x0000021581002000'
Event: 1189.522 Thread 0x00000215d096cde0 Unloading class 0x0000021581001800 'java/lang/invoke/LambdaForm$MH+0x0000021581001800'
Event: 1189.522 Thread 0x00000215d096cde0 Unloading class 0x0000021581000400 'java/lang/invoke/LambdaForm$MH+0x0000021581000400'
Event: 1193.601 Thread 0x00000215d096cde0 Unloading class 0x000002158159d000 'java/lang/invoke/LambdaForm$MH+0x000002158159d000'
Event: 1193.601 Thread 0x00000215d096cde0 Unloading class 0x0000021581684400 'java/lang/invoke/LambdaForm$MH+0x0000021581684400'
Event: 1193.601 Thread 0x00000215d096cde0 Unloading class 0x000002158168c000 'java/lang/invoke/LambdaForm$MH+0x000002158168c000'
Event: 1193.601 Thread 0x00000215d096cde0 Unloading class 0x000002158168c800 'java/lang/invoke/LambdaForm$MH+0x000002158168c800'
Event: 1193.601 Thread 0x00000215d096cde0 Unloading class 0x000002158168d400 'java/lang/invoke/LambdaForm$MH+0x000002158168d400'
Event: 1193.601 Thread 0x00000215d096cde0 Unloading class 0x0000021581691000 'java/lang/invoke/LambdaForm$MH+0x0000021581691000'
Event: 1193.601 Thread 0x00000215d096cde0 Unloading class 0x0000021581719000 'java/lang/invoke/LambdaForm$MH+0x0000021581719000'
Event: 1193.601 Thread 0x00000215d096cde0 Unloading class 0x0000021581754000 'java/lang/invoke/LambdaForm$MH+0x0000021581754000'
Event: 1193.601 Thread 0x00000215d096cde0 Unloading class 0x0000021581794000 'java/lang/invoke/LambdaForm$MH+0x0000021581794000'
Event: 1193.601 Thread 0x00000215d096cde0 Unloading class 0x000002158181b400 'java/lang/invoke/LambdaForm$MH+0x000002158181b400'
Event: 1193.601 Thread 0x00000215d096cde0 Unloading class 0x000002158181b800 'java/lang/invoke/LambdaForm$BMH+0x000002158181b800'
Event: 1193.601 Thread 0x00000215d096cde0 Unloading class 0x0000021581822800 'java/lang/invoke/LambdaForm$MH+0x0000021581822800'

Classes redefined (0 events):
No events

Internal exceptions (20 events):
Event: 2417.505 Thread 0x00000215eca8aa60 Exception <a 'java/io/FileNotFoundException'{0x00000000d564ba08}> (0x00000000d564ba08) 
thrown [s\src\hotspot\share\prims\jni.cpp, line 520]
Event: 2422.260 Thread 0x00000215ec0b99a0 Exception <a 'java/lang/ArrayIndexOutOfBoundsException'{0x00000000d566e2f8}: Index 38 out of bounds for length 37> (0x00000000d566e2f8) 
thrown [s\src\hotspot\share\interpreter\interpreterRuntime.cpp, line 439]
Event: 2438.068 Thread 0x00000215ec0b99a0 Exception <a 'java/lang/ArrayIndexOutOfBoundsException'{0x00000000d56adcc0}: Index 38 out of bounds for length 37> (0x00000000d56adcc0) 
thrown [s\src\hotspot\share\interpreter\interpreterRuntime.cpp, line 439]
Event: 2440.674 Thread 0x00000215ec0b99a0 Exception <a 'java/lang/ArrayIndexOutOfBoundsException'{0x00000000d599c3e0}: Index 40 out of bounds for length 39> (0x00000000d599c3e0) 
thrown [s\src\hotspot\share\interpreter\interpreterRuntime.cpp, line 439]
Event: 2441.714 Thread 0x00000215ef3fb430 Exception <a 'java/lang/ArrayIndexOutOfBoundsException'{0x00000000d5cc3338}> (0x00000000d5cc3338) 
thrown [s\src\hotspot\share\runtime\sharedRuntime.cpp, line 625]
Event: 2441.714 Thread 0x00000215ef3fb430 Exception <a 'java/lang/ArrayIndexOutOfBoundsException'{0x00000000d5cc3970}> (0x00000000d5cc3970) 
thrown [s\src\hotspot\share\runtime\sharedRuntime.cpp, line 625]
Event: 2441.714 Thread 0x00000215ef3fb430 Exception <a 'java/lang/ArrayIndexOutOfBoundsException'{0x00000000d5cc3cf8}> (0x00000000d5cc3cf8) 
thrown [s\src\hotspot\share\runtime\sharedRuntime.cpp, line 625]
Event: 2442.009 Thread 0x00000215ec0b85f0 Exception <a 'java/lang/ArrayIndexOutOfBoundsException'{0x00000000d5d4e4a8}: Index 42 out of bounds for length 41> (0x00000000d5d4e4a8) 
thrown [s\src\hotspot\share\interpreter\interpreterRuntime.cpp, line 439]
Event: 2443.930 Thread 0x00000215ef3fb430 Exception <a 'java/lang/ArrayIndexOutOfBoundsException'{0x00000000d57206d0}> (0x00000000d57206d0) 
thrown [s\src\hotspot\share\runtime\sharedRuntime.cpp, line 625]
Event: 2443.930 Thread 0x00000215ef3fb430 Exception <a 'java/lang/ArrayIndexOutOfBoundsException'{0x00000000d5720d08}> (0x00000000d5720d08) 
thrown [s\src\hotspot\share\runtime\sharedRuntime.cpp, line 625]
Event: 2443.930 Thread 0x00000215ef3fb430 Exception <a 'java/lang/ArrayIndexOutOfBoundsException'{0x00000000d5721090}> (0x00000000d5721090) 
thrown [s\src\hotspot\share\runtime\sharedRuntime.cpp, line 625]
Event: 2445.582 Thread 0x00000215ef3fb430 Exception <a 'java/lang/ArrayIndexOutOfBoundsException'{0x00000000d5e60b70}> (0x00000000d5e60b70) 
thrown [s\src\hotspot\share\runtime\sharedRuntime.cpp, line 625]
Event: 2445.582 Thread 0x00000215ef3fb430 Exception <a 'java/lang/ArrayIndexOutOfBoundsException'{0x00000000d5e611a8}> (0x00000000d5e611a8) 
thrown [s\src\hotspot\share\runtime\sharedRuntime.cpp, line 625]
Event: 2445.582 Thread 0x00000215ef3fb430 Exception <a 'java/lang/ArrayIndexOutOfBoundsException'{0x00000000d5e61530}> (0x00000000d5e61530) 
thrown [s\src\hotspot\share\runtime\sharedRuntime.cpp, line 625]
Event: 2447.684 Thread 0x00000215ef3fb430 Implicit null exception at 0x00000215dbf316e2 to 0x00000215dbf3db30
Event: 2447.708 Thread 0x00000215ec0bc790 Exception <a 'java/io/FileNotFoundException'{0x00000000d55a9df0}> (0x00000000d55a9df0) 
thrown [s\src\hotspot\share\prims\jni.cpp, line 520]
Event: 2448.066 Thread 0x00000215ec0ba6c0 Exception <a 'java/io/FileNotFoundException'{0x00000000d573af38}> (0x00000000d573af38) 
thrown [s\src\hotspot\share\prims\jni.cpp, line 520]
Event: 2451.188 Thread 0x00000215ec0bc790 Exception <a 'java/io/FileNotFoundException'{0x00000000d56992c0}> (0x00000000d56992c0) 
thrown [s\src\hotspot\share\prims\jni.cpp, line 520]
Event: 2453.106 Thread 0x00000215ec0bc790 Exception <a 'java/io/FileNotFoundException'{0x00000000d5620190}> (0x00000000d5620190) 
thrown [s\src\hotspot\share\prims\jni.cpp, line 520]
Event: 2456.711 Thread 0x00000215ec0bc790 Exception <a 'java/io/FileNotFoundException'{0x00000000d57d6908}> (0x00000000d57d6908) 
thrown [s\src\hotspot\share\prims\jni.cpp, line 520]

ZGC Phase Switch (0 events):
No events

VM Operations (20 events):
Event: 2716.584 Executing safepoint VM operation: Cleanup
Event: 2716.600 Executing safepoint VM operation: Cleanup done
Event: 2752.354 Executing safepoint VM operation: ParallelGCFailedAllocation (Allocation Failure)
Event: 2752.454 Executing safepoint VM operation: ParallelGCFailedAllocation (Allocation Failure) done
Event: 2753.469 Executing safepoint VM operation: Cleanup
Event: 2753.503 Executing safepoint VM operation: Cleanup done
Event: 2753.631 Executing safepoint VM operation: ParallelGCFailedAllocation (Allocation Failure)
Event: 2753.649 Executing safepoint VM operation: ParallelGCFailedAllocation (Allocation Failure) done
Event: 2754.062 Executing safepoint VM operation: ParallelGCFailedAllocation (Allocation Failure)
Event: 2754.425 Executing safepoint VM operation: ParallelGCFailedAllocation (Allocation Failure) done
Event: 2754.768 Executing safepoint VM operation: ParallelGCFailedAllocation (Allocation Failure)
Event: 2754.803 Executing safepoint VM operation: ParallelGCFailedAllocation (Allocation Failure) done
Event: 2755.491 Executing safepoint VM operation: ParallelGCFailedAllocation (Allocation Failure)
Event: 2755.501 Executing safepoint VM operation: ParallelGCFailedAllocation (Allocation Failure) done
Event: 2756.502 Executing safepoint VM operation: Cleanup
Event: 2756.502 Executing safepoint VM operation: Cleanup done
Event: 2757.204 Executing safepoint VM operation: ParallelGCFailedAllocation (Allocation Failure)
Event: 2757.212 Executing safepoint VM operation: ParallelGCFailedAllocation (Allocation Failure) done
Event: 2757.666 Executing safepoint VM operation: ParallelGCFailedAllocation (Allocation Failure)
Event: 2757.674 Executing safepoint VM operation: ParallelGCFailedAllocation (Allocation Failure) done

Memory protections (0 events):
No events

Nmethod flushes (20 events):
Event: 1193.723 Thread 0x00000215d096cde0 flushing  nmethod 0x00000215d5dba610
Event: 1193.723 Thread 0x00000215d096cde0 flushing  nmethod 0x00000215d5dc8910
Event: 1193.723 Thread 0x00000215d096cde0 flushing  nmethod 0x00000215d5e28d10
Event: 1193.723 Thread 0x00000215d096cde0 flushing  nmethod 0x00000215d5e30410
Event: 1193.723 Thread 0x00000215d096cde0 flushing  nmethod 0x00000215d5e32b90
Event: 1193.723 Thread 0x00000215d096cde0 flushing  nmethod 0x00000215d5e33590
Event: 1193.723 Thread 0x00000215d096cde0 flushing  nmethod 0x00000215d5e33d90
Event: 1193.723 Thread 0x00000215d096cde0 flushing  nmethod 0x00000215d5e34410
Event: 1193.723 Thread 0x00000215d096cde0 flushing  nmethod 0x00000215d5e35b90
Event: 1193.723 Thread 0x00000215d096cde0 flushing  nmethod 0x00000215d5e36b90
Event: 1193.723 Thread 0x00000215d096cde0 flushing  nmethod 0x00000215d5e37110
Event: 1193.723 Thread 0x00000215d096cde0 flushing  nmethod 0x00000215d5e38790
Event: 1193.723 Thread 0x00000215d096cde0 flushing  nmethod 0x00000215d5e38e90
Event: 1193.723 Thread 0x00000215d096cde0 flushing  nmethod 0x00000215d5e39790
Event: 1193.723 Thread 0x00000215d096cde0 flushing  nmethod 0x00000215d5e39d90
Event: 1193.723 Thread 0x00000215d096cde0 flushing  nmethod 0x00000215d5e3a190
Event: 1193.723 Thread 0x00000215d096cde0 flushing  nmethod 0x00000215d5e3a810
Event: 1193.723 Thread 0x00000215d096cde0 flushing  nmethod 0x00000215d5e3d490
Event: 1193.723 Thread 0x00000215d096cde0 flushing  nmethod 0x00000215d5e3db10
Event: 1193.723 Thread 0x00000215d096cde0 flushing  nmethod 0x00000215d5e3e110

Events (20 events):
Event: 2415.273 Thread 0x00000215ee340490 Thread added: 0x00000215ec0bba70
Event: 2441.913 Thread 0x00000215ef3fb430 Thread added: 0x00000215ec0b85f0
Event: 2445.647 Thread 0x00000215ef3fb430 Thread added: 0x00000215ec0bc790
Event: 2445.656 Thread 0x00000215ec0bc790 Thread added: 0x00000215ec0ba6c0
Event: 2475.326 Thread 0x00000215ec0bba70 Thread exited: 0x00000215ec0bba70
Event: 2525.278 Thread 0x00000215ec0b99a0 Thread exited: 0x00000215ec0b99a0
Event: 2585.157 Thread 0x00000215ec0ba030 Thread exited: 0x00000215ec0ba030
Event: 2585.286 Thread 0x00000215ec0b9310 Thread exited: 0x00000215ec0b9310
Event: 2645.320 Thread 0x00000215ec0b85f0 Thread exited: 0x00000215ec0b85f0
Event: 2715.391 Thread 0x00000215ec0bb3e0 Thread exited: 0x00000215ec0bb3e0
Event: 2716.192 Thread 0x00000215ee340490 Thread added: 0x00000215ec0b99a0
Event: 2716.249 Thread 0x00000215ec0b99a0 Thread exited: 0x00000215ec0b99a0
Event: 2716.380 Thread 0x00000215ee340490 Thread added: 0x00000215ec0bba70
Event: 2716.413 Thread 0x00000215ec0bba70 Thread added: 0x00000215ec0b85f0
Event: 2716.581 Thread 0x00000215ec0b85f0 Thread exited: 0x00000215ec0b85f0
Event: 2716.584 Thread 0x00000215ec0bba70 Thread exited: 0x00000215ec0bba70
Event: 2717.748 Thread 0x00000215ee33d6a0 Thread added: 0x00000215ec0b85f0
Event: 2751.959 Thread 0x00000215ef3fb430 Thread added: 0x00000215ec0bb3e0
Event: 2752.010 Thread 0x00000215ec0bb3e0 Thread added: 0x00000215ec0b9310
Event: 2752.038 Thread 0x00000215ec0b9310 Thread added: 0x00000215ec0b99a0


Dynamic libraries:
0x00007ff797db0000 - 0x00007ff797dbe000 	c:\Users\admin\.vscode\extensions\redhat.java-1.56.0-win32-x64\jre\21.0.12.1-win32-x86_64\bin\java.exe
0x00007ffd75a80000 - 0x00007ffd75ce7000 	C:\WINDOWS\SYSTEM32\ntdll.dll
0x00007ffd74440000 - 0x00007ffd7450b000 	C:\WINDOWS\System32\KERNEL32.DLL
0x00007ffd72d40000 - 0x00007ffd73142000 	C:\WINDOWS\System32\KERNELBASE.dll
0x00007ffd73150000 - 0x00007ffd7329c000 	C:\WINDOWS\System32\ucrtbase.dll
0x00007ffd4da70000 - 0x00007ffd4da88000 	c:\Users\admin\.vscode\extensions\redhat.java-1.56.0-win32-x64\jre\21.0.12.1-win32-x86_64\bin\jli.dll
0x00007ffd74240000 - 0x00007ffd7440f000 	C:\WINDOWS\System32\USER32.dll
0x00007ffd736e0000 - 0x00007ffd73707000 	C:\WINDOWS\System32\win32u.dll
0x00007ffd75850000 - 0x00007ffd7587b000 	C:\WINDOWS\System32\GDI32.dll
0x00007ffd73370000 - 0x00007ffd73499000 	C:\WINDOWS\System32\gdi32full.dll
0x00007ffd734a0000 - 0x00007ffd73543000 	C:\WINDOWS\System32\msvcp_win.dll
0x00007ffd50d00000 - 0x00007ffd50d1e000 	c:\Users\admin\.vscode\extensions\redhat.java-1.56.0-win32-x64\jre\21.0.12.1-win32-x86_64\bin\VCRUNTIME140.dll
0x00007ffd624f0000 - 0x00007ffd62780000 	C:\WINDOWS\WinSxS\amd64_microsoft.windows.common-controls_6595b64144ccf1df_6.0.26100.9278_none_3e0d1ba8e3303201\COMCTL32.dll
0x00007ffd73e80000 - 0x00007ffd73f29000 	C:\WINDOWS\System32\msvcrt.dll
0x00007ffd75140000 - 0x00007ffd75171000 	C:\WINDOWS\System32\IMM32.DLL
0x00007ffd62200000 - 0x00007ffd6220c000 	c:\Users\admin\.vscode\extensions\redhat.java-1.56.0-win32-x64\jre\21.0.12.1-win32-x86_64\bin\vcruntime140_1.dll
0x00007ffcedb60000 - 0x00007ffcedbed000 	c:\Users\admin\.vscode\extensions\redhat.java-1.56.0-win32-x64\jre\21.0.12.1-win32-x86_64\bin\msvcp140.dll
0x00007ffcb0ea0000 - 0x00007ffcb1c42000 	c:\Users\admin\.vscode\extensions\redhat.java-1.56.0-win32-x64\jre\21.0.12.1-win32-x86_64\bin\server\jvm.dll
0x00007ffd73f30000 - 0x00007ffd73fec000 	C:\WINDOWS\System32\ADVAPI32.dll
0x00007ffd74000000 - 0x00007ffd740a9000 	C:\WINDOWS\System32\sechost.dll
0x00007ffd73990000 - 0x00007ffd73aa8000 	C:\WINDOWS\System32\RPCRT4.dll
0x00007ffd740b0000 - 0x00007ffd74130000 	C:\WINDOWS\System32\WS2_32.dll
0x00007ffd72ae0000 - 0x00007ffd72b3e000 	C:\WINDOWS\SYSTEM32\POWRPROF.dll
0x00007ffd68d20000 - 0x00007ffd68d56000 	C:\WINDOWS\SYSTEM32\WINMM.dll
0x00007ffd6a7a0000 - 0x00007ffd6a7ab000 	C:\WINDOWS\SYSTEM32\VERSION.dll
0x00007ffd72ac0000 - 0x00007ffd72ad5000 	C:\WINDOWS\SYSTEM32\UMPDC.dll
0x00007ffd71950000 - 0x00007ffd7196b000 	C:\WINDOWS\SYSTEM32\kernel.appcore.dll
0x00007ffd62150000 - 0x00007ffd6215a000 	c:\Users\admin\.vscode\extensions\redhat.java-1.56.0-win32-x64\jre\21.0.12.1-win32-x86_64\bin\jimage.dll
0x00007ffd627d0000 - 0x00007ffd62a1c000 	C:\WINDOWS\SYSTEM32\DBGHELP.DLL
0x00007ffd75290000 - 0x00007ffd75615000 	C:\WINDOWS\System32\combase.dll
0x00007ffd73d20000 - 0x00007ffd73df9000 	C:\WINDOWS\System32\OLEAUT32.dll
0x00007ffd5dfd0000 - 0x00007ffd5e00b000 	C:\WINDOWS\SYSTEM32\dbgcore.DLL
0x00007ffd732b0000 - 0x00007ffd7335c000 	C:\WINDOWS\System32\bcryptPrimitives.dll
0x00007ffd5fb10000 - 0x00007ffd5fb1f000 	c:\Users\admin\.vscode\extensions\redhat.java-1.56.0-win32-x64\jre\21.0.12.1-win32-x86_64\bin\instrument.dll
0x00007ffd43200000 - 0x00007ffd43220000 	c:\Users\admin\.vscode\extensions\redhat.java-1.56.0-win32-x64\jre\21.0.12.1-win32-x86_64\bin\java.dll
0x00007ffd74510000 - 0x00007ffd74ca8000 	C:\WINDOWS\System32\SHELL32.dll
0x00007ffd70720000 - 0x00007ffd70fce000 	C:\WINDOWS\SYSTEM32\windows.storage.dll
0x00007ffd75180000 - 0x00007ffd7527b000 	C:\WINDOWS\System32\SHCORE.dll
0x00007ffd74140000 - 0x00007ffd741a6000 	C:\WINDOWS\System32\shlwapi.dll
0x00007ffd72ba0000 - 0x00007ffd72bc9000 	C:\WINDOWS\SYSTEM32\profapi.dll
0x00007ffd25a00000 - 0x00007ffd25a18000 	c:\Users\admin\.vscode\extensions\redhat.java-1.56.0-win32-x64\jre\21.0.12.1-win32-x86_64\bin\zip.dll
0x00007ffd5e590000 - 0x00007ffd5e5a0000 	C:\Users\admin\.vscode\extensions\redhat.java-1.56.0-win32-x64\jre\21.0.12.1-win32-x86_64\bin\net.dll
0x00007ffd69c30000 - 0x00007ffd69d5a000 	C:\WINDOWS\SYSTEM32\WINHTTP.dll
0x00007ffd71f10000 - 0x00007ffd71f7c000 	C:\WINDOWS\system32\mswsock.dll
0x00007ffd241a0000 - 0x00007ffd241b6000 	C:\Users\admin\.vscode\extensions\redhat.java-1.56.0-win32-x64\jre\21.0.12.1-win32-x86_64\bin\nio.dll
0x00007ffd5e4f0000 - 0x00007ffd5e500000 	c:\Users\admin\.vscode\extensions\redhat.java-1.56.0-win32-x64\jre\21.0.12.1-win32-x86_64\bin\verify.dll
0x00007ffcf5140000 - 0x00007ffcf5185000 	C:\Users\admin\AppData\Roaming\Code\User\globalStorage\redhat.java\1.56.0\config_win\org.eclipse.equinox.launcher\org.eclipse.equinox.launcher.win32.win32.x86_64_1.3.100.v20260804-1928\eclipse_11924.dll
0x00007ffd75620000 - 0x00007ffd757ba000 	C:\WINDOWS\System32\ole32.dll
0x00007ffd72220000 - 0x00007ffd7223b000 	C:\WINDOWS\SYSTEM32\CRYPTSP.dll
0x00007ffd718b0000 - 0x00007ffd718e9000 	C:\WINDOWS\system32\rsaenh.dll
0x00007ffd71fc0000 - 0x00007ffd71ff4000 	C:\WINDOWS\SYSTEM32\USERENV.dll
0x00007ffd72b70000 - 0x00007ffd72b9a000 	C:\WINDOWS\SYSTEM32\bcrypt.dll
0x00007ffd72200000 - 0x00007ffd7220c000 	C:\WINDOWS\SYSTEM32\CRYPTBASE.dll
0x00007ffd71370000 - 0x00007ffd713a3000 	C:\WINDOWS\SYSTEM32\IPHLPAPI.DLL
0x00007ffd741e0000 - 0x00007ffd741ea000 	C:\WINDOWS\System32\NSI.dll
0x00007ffceaae0000 - 0x00007ffceab29000 	C:\Users\admin\AppData\Local\Temp\jna-92668751\jna9107276241201173674.dll
0x00007ffd75280000 - 0x00007ffd75288000 	C:\WINDOWS\System32\PSAPI.DLL
0x00007ffd69c00000 - 0x00007ffd69c1d000 	C:\WINDOWS\SYSTEM32\dhcpcsvc6.DLL
0x00007ffd69bd0000 - 0x00007ffd69bf5000 	C:\WINDOWS\SYSTEM32\dhcpcsvc.DLL
0x00007ffd71a80000 - 0x00007ffd71ab6000 	C:\WINDOWS\SYSTEM32\ntmarta.dll

JVMTI agents:
c:\Users\admin\.vscode\extensions\redhat.java-1.56.0-win32-x64\lombok\lombok-1.18.39-4050.jar path:c:\Users\admin\.vscode\extensions\redhat.java-1.56.0-win32-x64\jre\21.0.12.1-win32-x86_64\bin\instrument.dll, loaded, initialized, instrumentlib options:none

dbghelp: loaded successfully - version: 4.0.5 - missing functions: none
symbol engine: initialized successfully - sym options: 0x614 - pdb path: .;c:\Users\admin\.vscode\extensions\redhat.java-1.56.0-win32-x64\jre\21.0.12.1-win32-x86_64\bin;C:\WINDOWS\SYSTEM32;C:\WINDOWS\WinSxS\amd64_microsoft.windows.common-controls_6595b64144ccf1df_6.0.26100.9278_none_3e0d1ba8e3303201;c:\Users\admin\.vscode\extensions\redhat.java-1.56.0-win32-x64\jre\21.0.12.1-win32-x86_64\bin\server;C:\Users\admin\AppData\Roaming\Code\User\globalStorage\redhat.java\1.56.0\config_win\org.eclipse.equinox.launcher\org.eclipse.equinox.launcher.win32.win32.x86_64_1.3.100.v20260804-1928;C:\Users\admin\AppData\Local\Temp\jna-92668751

VM Arguments:
jvm_args: --add-modules=ALL-SYSTEM --add-opens=java.base/java.util=ALL-UNNAMED --add-opens=java.base/java.lang=ALL-UNNAMED --add-opens=java.base/sun.nio.fs=ALL-UNNAMED -Declipse.application=org.eclipse.jdt.ls.core.id1 -Dosgi.bundles.defaultStartLevel=4 -Declipse.product=org.eclipse.jdt.ls.core.product -Djava.import.generatesMetadataFilesAtProjectRoot=false -Dm2e.project.cache.size=50 -DDetectVMInstallationsJob.disabled=true -Dfile.encoding=utf8 -XX:+UseParallelGC -XX:GCTimeRatio=4 -XX:AdaptiveSizePolicyWeight=90 -Dsun.zip.disableMemoryMapping=true -Xmx2G -Xms100m -Xlog:disable -javaagent:c:\Users\admin\.vscode\extensions\redhat.java-1.56.0-win32-x64\lombok\lombok-1.18.39-4050.jar -XX:+HeapDumpOnOutOfMemoryError -XX:HeapDumpPath=c:\Users\admin\AppData\Roaming\Code\User\workspaceStorage\05061040026b19977ea05106b8f7e486\redhat.java -Daether.dependencyCollector.impl=bf 
java_command: c:\Users\admin\.vscode\extensions\redhat.java-1.56.0-win32-x64\server\plugins\org.eclipse.equinox.launcher_1.8.0.v20260804-1928.jar -configuration c:\Users\admin\AppData\Roaming\Code\User\globalStorage\redhat.java\1.56.0\config_win -data c:\Users\admin\AppData\Roaming\Code\User\workspaceStorage\05061040026b19977ea05106b8f7e486\redhat.java\jdt_ws --pipe=\\.\pipe\lsp-1672445867d3201fc257f68b0795871b-sock
java_class_path (initial): c:\Users\admin\.vscode\extensions\redhat.java-1.56.0-win32-x64\server\plugins\org.eclipse.equinox.launcher_1.8.0.v20260804-1928.jar
Launcher Type: SUN_STANDARD

[Global flags]
    uintx AdaptiveSizePolicyWeight                 = 90                                        {product} {command line}
     intx CICompilerCount                          = 3                                         {product} {ergonomic}
    uintx GCTimeRatio                              = 4                                         {product} {command line}
     bool HeapDumpOnOutOfMemoryError               = true                                   {manageable} {command line}
    ccstr HeapDumpPath                             = c:\Users\admin\AppData\Roaming\Code\User\workspaceStorage\05061040026b19977ea05106b8f7e486\redhat.java         {manageable} {command line}
   size_t InitialHeapSize                          = 104857600                                 {product} {command line}
   size_t MaxHeapSize                              = 2147483648                                {product} {command line}
   size_t MaxNewSize                               = 715653120                                 {product} {ergonomic}
   size_t MinHeapDeltaBytes                        = 524288                                    {product} {ergonomic}
   size_t MinHeapSize                              = 104857600                                 {product} {command line}
   size_t NewSize                                  = 34603008                                  {product} {ergonomic}
    uintx NonNMethodCodeHeapSize                   = 5832780                                {pd product} {ergonomic}
    uintx NonProfiledCodeHeapSize                  = 122912730                              {pd product} {ergonomic}
   size_t OldSize                                  = 70254592                                  {product} {ergonomic}
    uintx ProfiledCodeHeapSize                     = 122912730                              {pd product} {ergonomic}
    uintx ReservedCodeCacheSize                    = 251658240                              {pd product} {ergonomic}
     bool SegmentedCodeCache                       = true                                      {product} {ergonomic}
   size_t SoftMaxHeapSize                          = 2147483648                             {manageable} {ergonomic}
     bool UseCompressedOops                        = true                           {product lp64_product} {ergonomic}
     bool UseLargePagesIndividualAllocation        = false                                  {pd product} {ergonomic}
     bool UseParallelGC                            = true                                      {product} {command line}

Logging:
Log output configuration:
 #0: stdout all=off uptime,level,tags foldmultilines=false
 #1: stderr all=off uptime,level,tags foldmultilines=false

Release file:
JAVA_VERSION="21.0.12.1" 
MODULES="java.base java.compiler java.datatransfer java.xml java.prefs java.desktop java.instrument java.logging java.management java.security.sasl java.naming java.rmi java.management.rmi java.net.http java.scripting java.security.jgss java.transaction.xa java.sql java.sql.rowset java.xml.crypto java.se java.smartcardio jdk.accessibility jdk.internal.jvmstat jdk.attach jdk.charsets jdk.internal.opt jdk.zipfs jdk.compiler jdk.crypto.ec jdk.crypto.cryptoki jdk.crypto.mscapi jdk.dynalink jdk.internal.ed jdk.editpad jdk.hotspot.agent jdk.httpserver jdk.internal.le jdk.internal.vm.ci jdk.internal.vm.compiler jdk.internal.vm.compiler.management jdk.jartool jdk.javadoc jdk.jcmd jdk.management jdk.management.agent jdk.jconsole jdk.jdeps jdk.jdwp.agent jdk.jdi jdk.jfr jdk.jshell jdk.jsobject jdk.jstatd jdk.localedata jdk.management.jfr jdk.naming.dns jdk.naming.rmi jdk.net jdk.nio.mapmode jdk.random jdk.sctp jdk.security.auth jdk.security.jgss jdk.unsupported jdk.unsupported.desktop jdk.xml.dom" 

Environment Variables:
PATH=C:\Program Files\Eclipse Adoptium\jdk-25.0.0.36-hotspot\bin;C:\WINDOWS\system32;C:\WINDOWS;C:\WINDOWS\System32\Wbem;C:\WINDOWS\System32\WindowsPowerShell\v1.0\;C:\WINDOWS\System32\OpenSSH\;C:\Program Files\nodejs\;C:\Program Files\Git\cmd;C:\Users\admin\AppData\Local\Programs\Python\Launcher\;C:\Users\admin\AppData\Local\Microsoft\WindowsApps;C:\Users\admin\AppData\Local\Programs\Microsoft VS Code\bin;C:\Users\admin\AppData\Roaming\npm;
USERNAME=admin
OS=Windows_NT
PROCESSOR_IDENTIFIER=AMD64 Family 23 Model 24 Stepping 1, AuthenticAMD
TMP=C:\Users\admin\AppData\Local\Temp
TEMP=C:\Users\admin\AppData\Local\Temp




Periodic native trim disabled

---------------  S Y S T E M  ---------------

OS:
 Windows 11 , 64 bit Build 26100 (10.0.26100.9444)
OS uptime: 0 days 1:59 hours

CPU: total 4 (initial active 4) (4 cores per cpu, 2 threads per core) family 23 model 24 stepping 1 microcode 0x8108102, cx8, cmov, fxsr, ht, mmx, 3dnowpref, sse, sse2, sse3, ssse3, sse4a, sse4.1, sse4.2, popcnt, lzcnt, tsc, tscinvbit, avx, avx2, aes, clmul, bmi1, bmi2, adx, sha, fma, vzeroupper, clflush, clflushopt, rdtscp, f16c
Processor Information for the first 4 processors :
  Max Mhz: 2600, Current Mhz: 2600, Mhz Limit: 2600

Memory: 4k page, system-wide physical 3522M (22M free)
TotalPageFile size 14274M (AvailPageFile size 13M)
current process WorkingSet (physical memory assigned to process): 117M, peak: 261M
current process commit charge ("private bytes"): 1687M, peak: 1719M

vm_info: OpenJDK 64-Bit Server VM (21.0.12.1+1-LTS) for windows-amd64 JRE (21.0.12.1+1-LTS), built on 2026-08-18T00:00:00Z by "admin" with MS VC++ 17.12 (VS2022)

END.
