#
# There is insufficient memory for the Java Runtime Environment to continue.
# Native memory allocation (malloc) failed to allocate 1048576 bytes. Error detail: AllocateHeap
# Possible reasons:
#   The system is out of physical RAM or swap space
#   This process is running with CompressedOops enabled, and the Java Heap may be blocking the growth of the native heap
# Possible solutions:
#   Reduce memory load on the system
#   Increase physical memory or swap space
#   Check if swap backing store is full
#   Decrease Java heap size (-Xmx/-Xms)
#   Decrease number of Java threads
#   Decrease Java thread stack sizes (-Xss)
#   Set larger code cache with -XX:ReservedCodeCacheSize=
#   JVM is running with Unscaled Compressed Oops mode in which the Java heap is
#     placed in the first 4GB address space. The Java Heap base address is the
#     maximum limit for the native heap growth. Please use -XX:HeapBaseMinAddress
#     to set the Java Heap base and to place the Java Heap above 4GB virtual address.
# This output file may be truncated or incomplete.
#
#  Out of Memory Error (allocation.cpp:44), pid=16040, tid=10452
#
# JRE version: OpenJDK Runtime Environment Temurin-21.0.12.1+1 (21.0.12.1+1) (build 21.0.12.1+1-LTS)
# Java VM: OpenJDK 64-Bit Server VM Temurin-21.0.12.1+1 (21.0.12.1+1-LTS, mixed mode, sharing, tiered, compressed oops, compressed class ptrs, parallel gc, windows-amd64)
# No core dump will be written. Minidumps are not enabled by default on client versions of Windows
#

---------------  S U M M A R Y ------------

Command Line: --add-modules=ALL-SYSTEM --add-opens=java.base/java.util=ALL-UNNAMED --add-opens=java.base/java.lang=ALL-UNNAMED --add-opens=java.base/sun.nio.fs=ALL-UNNAMED -Declipse.application=org.eclipse.jdt.ls.core.id1 -Dosgi.bundles.defaultStartLevel=4 -Declipse.product=org.eclipse.jdt.ls.core.product -Djava.import.generatesMetadataFilesAtProjectRoot=false -Dm2e.project.cache.size=50 -DDetectVMInstallationsJob.disabled=true -Dfile.encoding=utf8 -XX:+UseParallelGC -XX:GCTimeRatio=4 -XX:AdaptiveSizePolicyWeight=90 -Dsun.zip.disableMemoryMapping=true -Xmx2G -Xms100m -Xlog:disable -javaagent:c:\Users\admin\.vscode\extensions\redhat.java-1.56.0-win32-x64\lombok\lombok-1.18.39-4050.jar -XX:+HeapDumpOnOutOfMemoryError -XX:HeapDumpPath=c:\Users\admin\AppData\Roaming\Code\User\workspaceStorage\05061040026b19977ea05106b8f7e486\redhat.java -Daether.dependencyCollector.impl=bf c:\Users\admin\.vscode\extensions\redhat.java-1.56.0-win32-x64\server\plugins\org.eclipse.equinox.launcher_1.8.0.v20260804-1928.jar -configuration c:\Users\admin\AppData\Roaming\Code\User\globalStorage\redhat.java\1.56.0\config_win -data c:\Users\admin\AppData\Roaming\Code\User\workspaceStorage\05061040026b19977ea05106b8f7e486\redhat.java\jdt_ws --stdio

Host: AMD Ryzen 3 3200U with Radeon Vega Mobile Gfx  , 4 cores, 3G,  Windows 11 , 64 bit Build 26100 (10.0.26100.9278)
Time: Tue Sep  8 17:17:16 2026 India Standard Time elapsed time: 4479.344225 seconds (0d 1h 14m 39s)

---------------  T H R E A D  ---------------

Current thread (0x00000235935c1f20):  JavaThread "Attach Listener" daemon [_thread_in_vm, id=10452, stack(0x0000005e77d00000,0x0000005e77e00000) (1024K)]

Stack: [0x0000005e77d00000,0x0000005e77e00000]
Native frames: (J=compiled Java code, j=interpreted, Vv=VM code, C=native code)
V  [jvm.dll+0x6d83e9]
V  [jvm.dll+0x8b5736]
V  [jvm.dll+0x8b7cee]
V  [jvm.dll+0x8b83d3]
V  [jvm.dll+0x284596]
V  [jvm.dll+0xc13c7]
V  [jvm.dll+0x6d8c99]
V  [jvm.dll+0x133616]
V  [jvm.dll+0x3f8aae]
V  [jvm.dll+0x8600cd]
V  [jvm.dll+0x6d6c1d]
C  [ucrtbase.dll+0x2cd30]
C  [KERNEL32.DLL+0x2ccb7]
C  [ntdll.dll+0xacaec]


---------------  P R O C E S S  ---------------

Threads class SMR info:
_java_thread_list=0x00000235fdb23f70, length=29, elements={
0x00000235936c9d90, 0x00000235935ba3c0, 0x00000235935beaf0, 0x00000235935c12c0,
0x00000235935c1f20, 0x00000235935c2b80, 0x00000235935c55f0, 0x00000235935c8390,
0x000002359363f5e0, 0x00000235f014a7e0, 0x00000235f03fdf60, 0x000002359361f070,
0x00000235f046f7f0, 0x00000235f05668f0, 0x00000235f0548660, 0x00000235936143b0,
0x00000235f12a3520, 0x00000235f0203780, 0x00000235f0fcf220, 0x00000235f0fd05d0,
0x00000235f1105500, 0x00000235f1104e70, 0x00000235f1106220, 0x00000235f110aa50,
0x00000235fda40450, 0x00000235f330d0d0, 0x00000235f330a2e0, 0x00000235f11096a0,
0x00000235fda3f0a0
}

Java Threads: ( => current thread )
  0x00000235936c9d90 JavaThread "main"                              [_thread_blocked, id=16212, stack(0x0000005e77600000,0x0000005e77700000) (1024K)]
  0x00000235935ba3c0 JavaThread "Reference Handler"          daemon [_thread_blocked, id=13680, stack(0x0000005e77a00000,0x0000005e77b00000) (1024K)]
  0x00000235935beaf0 JavaThread "Finalizer"                  daemon [_thread_blocked, id=13012, stack(0x0000005e77b00000,0x0000005e77c00000) (1024K)]
  0x00000235935c12c0 JavaThread "Signal Dispatcher"          daemon [_thread_blocked, id=2940, stack(0x0000005e77c00000,0x0000005e77d00000) (1024K)]
=>0x00000235935c1f20 JavaThread "Attach Listener"            daemon [_thread_in_vm, id=10452, stack(0x0000005e77d00000,0x0000005e77e00000) (1024K)]
  0x00000235935c2b80 JavaThread "Service Thread"             daemon [_thread_blocked, id=14252, stack(0x0000005e77e00000,0x0000005e77f00000) (1024K)]
  0x00000235935c55f0 JavaThread "Monitor Deflation Thread"   daemon [_thread_blocked, id=13800, stack(0x0000005e77f00000,0x0000005e78000000) (1024K)]
  0x00000235935c8390 JavaThread "C2 CompilerThread0"         daemon [_thread_blocked, id=5220, stack(0x0000005e78000000,0x0000005e78100000) (1024K)]
  0x000002359363f5e0 JavaThread "C1 CompilerThread0"         daemon [_thread_blocked, id=1268, stack(0x0000005e78100000,0x0000005e78200000) (1024K)]
  0x00000235f014a7e0 JavaThread "Common-Cleaner"             daemon [_thread_blocked, id=1536, stack(0x0000005e78200000,0x0000005e78300000) (1024K)]
  0x00000235f03fdf60 JavaThread "Notification Thread"        daemon [_thread_blocked, id=12976, stack(0x0000005e78300000,0x0000005e78400000) (1024K)]
  0x000002359361f070 JavaThread "Active Thread: Equinox Container: cc1cd67c-4468-4cbb-84f9-2e368b0dd8e2"        [_thread_blocked, id=15612, stack(0x0000005e78700000,0x0000005e78800000) (1024K)]
  0x00000235f046f7f0 JavaThread "Refresh Thread: Equinox Container: cc1cd67c-4468-4cbb-84f9-2e368b0dd8e2" daemon [_thread_blocked, id=15540, stack(0x0000005e78800000,0x0000005e78900000) (1024K)]
  0x00000235f05668f0 JavaThread "Framework Event Dispatcher: Equinox Container: cc1cd67c-4468-4cbb-84f9-2e368b0dd8e2" daemon [_thread_blocked, id=6932, stack(0x0000005e78900000,0x0000005e78a00000) (1024K)]
  0x00000235f0548660 JavaThread "Start Level: Equinox Container: cc1cd67c-4468-4cbb-84f9-2e368b0dd8e2" daemon [_thread_blocked, id=6612, stack(0x0000005e78a00000,0x0000005e78b00000) (1024K)]
  0x00000235936143b0 JavaThread "Bundle File Closer"         daemon [_thread_blocked, id=14424, stack(0x0000005e78b00000,0x0000005e78c00000) (1024K)]
  0x00000235f12a3520 JavaThread "SCR Component Actor"        daemon [_thread_blocked, id=14740, stack(0x0000005e78c00000,0x0000005e78d00000) (1024K)]
  0x00000235f0203780 JavaThread "Worker-JM"                         [_thread_blocked, id=12904, stack(0x0000005e78d00000,0x0000005e78e00000) (1024K)]
  0x00000235f0fcf220 JavaThread "JNA Cleaner"                daemon [_thread_blocked, id=10492, stack(0x0000005e78e00000,0x0000005e78f00000) (1024K)]
  0x00000235f0fd05d0 JavaThread "Java indexing"              daemon [_thread_blocked, id=12064, stack(0x0000005e79300000,0x0000005e79400000) (1024K)]
  0x00000235f1105500 JavaThread "pool-2-thread-1"                   [_thread_blocked, id=3296, stack(0x0000005e79800000,0x0000005e79900000) (1024K)]
  0x00000235f1104e70 JavaThread "WorkspaceEventsHandler"            [_thread_blocked, id=5788, stack(0x0000005e79900000,0x0000005e79a00000) (1024K)]
  0x00000235f1106220 JavaThread "pool-1-thread-1"                   [_thread_in_native, id=14112, stack(0x0000005e79a00000,0x0000005e79b00000) (1024K)]
  0x00000235f110aa50 JavaThread "Cleaner-0"                  daemon [_thread_blocked, id=1460, stack(0x0000005e77400000,0x0000005e77500000) (1024K)]
  0x00000235fda40450 JavaThread "Java Debug Server"          daemon [_thread_in_native, id=4972, stack(0x0000005e79e00000,0x0000005e79f00000) (1024K)]
  0x00000235f330d0d0 JavaThread "RxSchedulerPurge-1"         daemon [_thread_blocked, id=4172, stack(0x0000005e7a000000,0x0000005e7a100000) (1024K)]
  0x00000235f330a2e0 JavaThread "RxCachedWorkerPoolEvictor-1" daemon [_thread_blocked, id=5264, stack(0x0000005e7a300000,0x0000005e7a400000) (1024K)]
  0x00000235f11096a0 JavaThread "Worker-17"                         [_thread_blocked, id=13628, stack(0x0000005e79100000,0x0000005e79200000) (1024K)]
  0x00000235fda3f0a0 JavaThread "Worker-18"                         [_thread_blocked, id=16056, stack(0x0000005e79c00000,0x0000005e79d00000) (1024K)]
Total: 29

Other Threads:
  0x000002359378ddf0 VMThread "VM Thread"                           [id=6560, stack(0x0000005e77900000,0x0000005e77a00000) (1024K)]
  0x000002359355ca00 WatcherThread "VM Periodic Task Thread"        [id=16096, stack(0x0000005e77800000,0x0000005e77900000) (1024K)]
  0x00000235936e8eb0 WorkerThread "GC Thread#0"                     [id=13008, stack(0x0000005e77700000,0x0000005e77800000) (1024K)]
  0x00000235f036a7d0 WorkerThread "GC Thread#1"                     [id=14604, stack(0x0000005e78400000,0x0000005e78500000) (1024K)]
  0x00000235f07134b0 WorkerThread "GC Thread#2"                     [id=15372, stack(0x0000005e78500000,0x0000005e78600000) (1024K)]
  0x00000235f047d3e0 WorkerThread "GC Thread#3"                     [id=5116, stack(0x0000005e78600000,0x0000005e78700000) (1024K)]
Total: 6

Threads with active compile tasks:
Total: 0

VM state: not at safepoint (normal execution)

VM Mutex/Monitor currently owned by a thread: None

Heap address: 0x0000000080000000, size: 2048 MB, Compressed Oops mode: 32-bit

CDS archive(s) mapped at: [0x00000235aa000000-0x00000235aaba0000-0x00000235aaba0000), size 12189696, SharedBaseAddress: 0x00000235aa000000, ArchiveRelocationMode: 1.
Compressed class space mapped at: 0x00000235ab000000-0x00000235eb000000, reserved size: 1073741824
Narrow klass base: 0x00000235aa000000, Narrow klass shift: 0, Narrow klass range: 0x100000000

GC Precious Log:
 CardTable entry size: 512
 CPUs: 4 total, 4 available
 Memory: 3522M
 Large Page Support: Disabled
 NUMA Support: Disabled
 Compressed Oops: Enabled (32-bit)
 Alignments: Space 512K, Generation 512K, Heap 2M
 Heap Min Capacity: 100M
 Heap Initial Capacity: 100M
 Heap Max Capacity: 2G
 Pre-touch: Disabled
 Parallel Workers: 4

Heap:
 PSYoungGen      total 5120K, used 3892K [0x00000000d5580000, 0x00000000d5c00000, 0x0000000100000000)
  eden space 4608K, 80% used [0x00000000d5580000,0x00000000d591d280,0x00000000d5a00000)
  from space 512K, 37% used [0x00000000d5b80000,0x00000000d5bb0020,0x00000000d5c00000)
  to   space 512K, 0% used [0x00000000d5b00000,0x00000000d5b00000,0x00000000d5b80000)
 ParOldGen       total 701440K, used 97183K [0x0000000080000000, 0x00000000aad00000, 0x00000000d5580000)
  object space 701440K, 13% used [0x0000000080000000,0x0000000085ee7dc0,0x00000000aad00000)
 Metaspace       used 91827K, committed 93760K, reserved 1179648K
  class space    used 9453K, committed 10368K, reserved 1048576K

Card table byte_map: [0x0000023593070000,0x0000023593480000] _byte_map_base: 0x0000023592c70000

Marking Bits: (ParMarkBitMap*) 0x00007fff23a544a0
 Begin Bits: [0x00000235a5b80000, 0x00000235a7b80000)
 End Bits:   [0x00000235a7b80000, 0x00000235a9b80000)

Polling page: 0x00000235913a0000

Metaspace:

Usage:
  Non-class:     80.44 MB used.
      Class:      9.23 MB used.
       Both:     89.68 MB used.

Virtual space:
  Non-class space:      128.00 MB reserved,      81.44 MB ( 64%) committed,  2 nodes.
      Class space:        1.00 GB reserved,      10.12 MB ( <1%) committed,  1 nodes.
             Both:        1.12 GB reserved,      91.56 MB (  8%) committed. 

Chunk freelists:
   Non-Class:  14.67 MB
       Class:  5.81 MB
        Both:  20.48 MB

MaxMetaspaceSize: unlimited
CompressedClassSpaceSize: 1.00 GB
Initial GC threshold: 21.00 MB
Current GC threshold: 152.50 MB
CDS: on
 - commit_granule_bytes: 65536.
 - commit_granule_words: 8192.
 - virtual_space_node_default_size: 8388608.
 - enlarge_chunks_in_place: 1.
 - use_allocation_guard: 0.


Internal statistics:

num_allocs_failed_limit: 11.
num_arena_births: 1750.
num_arena_deaths: 224.
num_vsnodes_births: 3.
num_vsnodes_deaths: 0.
num_space_committed: 1465.
num_space_uncommitted: 0.
num_chunks_returned_to_freelist: 262.
num_chunks_taken_from_freelist: 6357.
num_chunk_merges: 58.
num_chunk_splits: 3800.
num_chunks_enlarged: 2027.
num_inconsistent_stats: 0.

CodeHeap 'non-profiled nmethods': size=120000Kb used=17767Kb max_used=21280Kb free=102232Kb
 bounds [0x000002359e3a0000, 0x000002359f870000, 0x00000235a58d0000]
CodeHeap 'profiled nmethods': size=120000Kb used=41580Kb max_used=51046Kb free=78419Kb
 bounds [0x00000235968d0000, 0x0000023599ab0000, 0x000002359de00000]
CodeHeap 'non-nmethods': size=5760Kb used=1525Kb max_used=1584Kb free=4234Kb
 bounds [0x000002359de00000, 0x000002359e070000, 0x000002359e3a0000]
CodeCache: size=245760Kb, used=60872Kb, max_used=73910Kb, free=184885Kb
 total_blobs=17832, nmethods=16982, adapters=751, full_count=0
Compilation: enabled, stopped_count=0, restarted_count=0

Compilation events (20 events):
Event: 3890.749 Thread 0x000002359363f5e0 21311   !   3       org.eclipse.jdt.internal.ui.viewsupport.CoreJavaElementLinks::parseURI (726 bytes)
Event: 3890.870 Thread 0x000002359363f5e0 nmethod 21311 0x0000023597751590 code [0x0000023597751e60, 0x0000023597757898]
Event: 3890.871 Thread 0x000002359363f5e0 21314       3       org.jsoup.nodes.Element::ownText (17 bytes)
Event: 3890.893 Thread 0x000002359363f5e0 nmethod 21314 0x0000023596f43d90 code [0x0000023596f44020, 0x0000023596f44b78]
Event: 3890.893 Thread 0x000002359363f5e0 21313       3       org.jsoup.nodes.Element::ownText (78 bytes)
Event: 3890.901 Thread 0x000002359363f5e0 nmethod 21313 0x0000023596d2a610 code [0x0000023596d2a8a0, 0x0000023596d2b5c0]
Event: 3890.902 Thread 0x000002359363f5e0 21312       3       com.vladsch.flexmark.html2md.converter.internal.HtmlConverterCoreNodeRenderer::lambda$processCode$2 (48 bytes)
Event: 3890.920 Thread 0x000002359363f5e0 nmethod 21312 0x00000235979ece90 code [0x00000235979ed1c0, 0x00000235979ee588]
Event: 3890.920 Thread 0x000002359363f5e0 21315       1       org.eclipse.jdt.launching.AbstractVMInstall::getInstallLocation (5 bytes)
Event: 3890.923 Thread 0x000002359363f5e0 nmethod 21315 0x000002359e426990 code [0x000002359e426b20, 0x000002359e426be8]
Event: 3928.899 Thread 0x000002359363f5e0 21316       1       com.sun.jna.internal.Cleaner::access$200 (5 bytes)
Event: 3928.904 Thread 0x000002359363f5e0 nmethod 21316 0x000002359e42e590 code [0x000002359e42e720, 0x000002359e42e7d0]
Event: 4012.781 Thread 0x00000235935c8390 21317       4       org.eclipse.jdt.internal.core.SourceMapper::getMethodParameterNames (77 bytes)
Event: 4012.921 Thread 0x00000235935c8390 nmethod 21317 0x000002359e578010 code [0x000002359e578260, 0x000002359e5787a8]
Event: 4284.983 Thread 0x000002359363f5e0 21318       3       java.lang.ProcessHandleImpl::get (51 bytes)
Event: 4285.015 Thread 0x000002359363f5e0 nmethod 21318 0x0000023596d06c10 code [0x0000023596d06e20, 0x0000023596d07428]
Event: 4285.015 Thread 0x000002359363f5e0 21319       3       java.lang.ProcessHandleImpl::isAlive (44 bytes)
Event: 4285.016 Thread 0x000002359363f5e0 nmethod 21319 0x0000023596bfdf10 code [0x0000023596bfe0c0, 0x0000023596bfe320]
Event: 4304.228 Thread 0x00000235935c8390 21320       4       java.util.concurrent.ScheduledThreadPoolExecutor$ScheduledFutureTask::getDelay (16 bytes)
Event: 4304.253 Thread 0x00000235935c8390 nmethod 21320 0x000002359e9ecf10 code [0x000002359e9ed0a0, 0x000002359e9ed1f8]

GC Heap History (20 events):
Event: 2649.725 GC heap before
{Heap before GC invocations=1678 (full 5):
 PSYoungGen      total 5120K, used 5120K [0x00000000d5580000, 0x00000000d5c00000, 0x0000000100000000)
  eden space 4608K, 100% used [0x00000000d5580000,0x00000000d5a00000,0x00000000d5a00000)
  from space 512K, 100% used [0x00000000d5b80000,0x00000000d5c00000,0x00000000d5c00000)
  to   space 1024K, 0% used [0x00000000d5a00000,0x00000000d5a00000,0x00000000d5b00000)
 ParOldGen       total 701440K, used 96295K [0x0000000080000000, 0x00000000aad00000, 0x00000000d5580000)
  object space 701440K, 13% used [0x0000000080000000,0x0000000085e09d60,0x00000000aad00000)
 Metaspace       used 91771K, committed 93760K, reserved 1179648K
  class space    used 9453K, committed 10368K, reserved 1048576K
}
Event: 2649.730 GC heap after
{Heap after GC invocations=1678 (full 5):
 PSYoungGen      total 5632K, used 384K [0x00000000d5580000, 0x00000000d5c00000, 0x0000000100000000)
  eden space 4608K, 0% used [0x00000000d5580000,0x00000000d5580000,0x00000000d5a00000)
  from space 1024K, 37% used [0x00000000d5a00000,0x00000000d5a60000,0x00000000d5b00000)
  to   space 512K, 0% used [0x00000000d5b80000,0x00000000d5b80000,0x00000000d5c00000)
 ParOldGen       total 701440K, used 96487K [0x0000000080000000, 0x00000000aad00000, 0x00000000d5580000)
  object space 701440K, 13% used [0x0000000080000000,0x0000000085e39d60,0x00000000aad00000)
 Metaspace       used 91771K, committed 93760K, reserved 1179648K
  class space    used 9453K, committed 10368K, reserved 1048576K
}
Event: 2651.797 GC heap before
{Heap before GC invocations=1679 (full 5):
 PSYoungGen      total 5632K, used 4991K [0x00000000d5580000, 0x00000000d5c00000, 0x0000000100000000)
  eden space 4608K, 99% used [0x00000000d5580000,0x00000000d59ffc70,0x00000000d5a00000)
  from space 1024K, 37% used [0x00000000d5a00000,0x00000000d5a60000,0x00000000d5b00000)
  to   space 512K, 0% used [0x00000000d5b80000,0x00000000d5b80000,0x00000000d5c00000)
 ParOldGen       total 701440K, used 96487K [0x0000000080000000, 0x00000000aad00000, 0x00000000d5580000)
  object space 701440K, 13% used [0x0000000080000000,0x0000000085e39d60,0x00000000aad00000)
 Metaspace       used 91774K, committed 93760K, reserved 1179648K
  class space    used 9453K, committed 10368K, reserved 1048576K
}
Event: 2651.800 GC heap after
{Heap after GC invocations=1679 (full 5):
 PSYoungGen      total 5120K, used 176K [0x00000000d5580000, 0x00000000d5c00000, 0x0000000100000000)
  eden space 4608K, 0% used [0x00000000d5580000,0x00000000d5580000,0x00000000d5a00000)
  from space 512K, 34% used [0x00000000d5b80000,0x00000000d5bac010,0x00000000d5c00000)
  to   space 512K, 0% used [0x00000000d5b00000,0x00000000d5b00000,0x00000000d5b80000)
 ParOldGen       total 701440K, used 96511K [0x0000000080000000, 0x00000000aad00000, 0x00000000d5580000)
  object space 701440K, 13% used [0x0000000080000000,0x0000000085e3fd60,0x00000000aad00000)
 Metaspace       used 91774K, committed 93760K, reserved 1179648K
  class space    used 9453K, committed 10368K, reserved 1048576K
}
Event: 2652.610 GC heap before
{Heap before GC invocations=1680 (full 5):
 PSYoungGen      total 5120K, used 4784K [0x00000000d5580000, 0x00000000d5c00000, 0x0000000100000000)
  eden space 4608K, 100% used [0x00000000d5580000,0x00000000d5a00000,0x00000000d5a00000)
  from space 512K, 34% used [0x00000000d5b80000,0x00000000d5bac010,0x00000000d5c00000)
  to   space 512K, 0% used [0x00000000d5b00000,0x00000000d5b00000,0x00000000d5b80000)
 ParOldGen       total 701440K, used 96511K [0x0000000080000000, 0x00000000aad00000, 0x00000000d5580000)
  object space 701440K, 13% used [0x0000000080000000,0x0000000085e3fd60,0x00000000aad00000)
 Metaspace       used 91788K, committed 93760K, reserved 1179648K
  class space    used 9453K, committed 10368K, reserved 1048576K
}
Event: 2652.613 GC heap after
{Heap after GC invocations=1680 (full 5):
 PSYoungGen      total 5120K, used 480K [0x00000000d5580000, 0x00000000d5c00000, 0x0000000100000000)
  eden space 4608K, 0% used [0x00000000d5580000,0x00000000d5580000,0x00000000d5a00000)
  from space 512K, 93% used [0x00000000d5b00000,0x00000000d5b78020,0x00000000d5b80000)
  to   space 512K, 0% used [0x00000000d5b80000,0x00000000d5b80000,0x00000000d5c00000)
 ParOldGen       total 701440K, used 96535K [0x0000000080000000, 0x00000000aad00000, 0x00000000d5580000)
  object space 701440K, 13% used [0x0000000080000000,0x0000000085e45d60,0x00000000aad00000)
 Metaspace       used 91788K, committed 93760K, reserved 1179648K
  class space    used 9453K, committed 10368K, reserved 1048576K
}
Event: 2652.878 GC heap before
{Heap before GC invocations=1681 (full 5):
 PSYoungGen      total 5120K, used 5087K [0x00000000d5580000, 0x00000000d5c00000, 0x0000000100000000)
  eden space 4608K, 99% used [0x00000000d5580000,0x00000000d59fffd0,0x00000000d5a00000)
  from space 512K, 93% used [0x00000000d5b00000,0x00000000d5b78020,0x00000000d5b80000)
  to   space 512K, 0% used [0x00000000d5b80000,0x00000000d5b80000,0x00000000d5c00000)
 ParOldGen       total 701440K, used 96535K [0x0000000080000000, 0x00000000aad00000, 0x00000000d5580000)
  object space 701440K, 13% used [0x0000000080000000,0x0000000085e45d60,0x00000000aad00000)
 Metaspace       used 91789K, committed 93760K, reserved 1179648K
  class space    used 9453K, committed 10368K, reserved 1048576K
}
Event: 2652.881 GC heap after
{Heap after GC invocations=1681 (full 5):
 PSYoungGen      total 5120K, used 352K [0x00000000d5580000, 0x00000000d5c00000, 0x0000000100000000)
  eden space 4608K, 0% used [0x00000000d5580000,0x00000000d5580000,0x00000000d5a00000)
  from space 512K, 68% used [0x00000000d5b80000,0x00000000d5bd8020,0x00000000d5c00000)
  to   space 512K, 0% used [0x00000000d5b00000,0x00000000d5b00000,0x00000000d5b80000)
 ParOldGen       total 701440K, used 96711K [0x0000000080000000, 0x00000000aad00000, 0x00000000d5580000)
  object space 701440K, 13% used [0x0000000080000000,0x0000000085e71d80,0x00000000aad00000)
 Metaspace       used 91789K, committed 93760K, reserved 1179648K
  class space    used 9453K, committed 10368K, reserved 1048576K
}
Event: 2699.408 GC heap before
{Heap before GC invocations=1682 (full 5):
 PSYoungGen      total 5120K, used 4960K [0x00000000d5580000, 0x00000000d5c00000, 0x0000000100000000)
  eden space 4608K, 100% used [0x00000000d5580000,0x00000000d5a00000,0x00000000d5a00000)
  from space 512K, 68% used [0x00000000d5b80000,0x00000000d5bd8020,0x00000000d5c00000)
  to   space 512K, 0% used [0x00000000d5b00000,0x00000000d5b00000,0x00000000d5b80000)
 ParOldGen       total 701440K, used 96711K [0x0000000080000000, 0x00000000aad00000, 0x00000000d5580000)
  object space 701440K, 13% used [0x0000000080000000,0x0000000085e71d80,0x00000000aad00000)
 Metaspace       used 91800K, committed 93760K, reserved 1179648K
  class space    used 9453K, committed 10368K, reserved 1048576K
}
Event: 2699.485 GC heap after
{Heap after GC invocations=1682 (full 5):
 PSYoungGen      total 5120K, used 192K [0x00000000d5580000, 0x00000000d5c00000, 0x0000000100000000)
  eden space 4608K, 0% used [0x00000000d5580000,0x00000000d5580000,0x00000000d5a00000)
  from space 512K, 37% used [0x00000000d5b00000,0x00000000d5b30020,0x00000000d5b80000)
  to   space 512K, 0% used [0x00000000d5b80000,0x00000000d5b80000,0x00000000d5c00000)
 ParOldGen       total 701440K, used 96799K [0x0000000080000000, 0x00000000aad00000, 0x00000000d5580000)
  object space 701440K, 13% used [0x0000000080000000,0x0000000085e87da0,0x00000000aad00000)
 Metaspace       used 91800K, committed 93760K, reserved 1179648K
  class space    used 9453K, committed 10368K, reserved 1048576K
}
Event: 2935.617 GC heap before
{Heap before GC invocations=1683 (full 5):
 PSYoungGen      total 5120K, used 4800K [0x00000000d5580000, 0x00000000d5c00000, 0x0000000100000000)
  eden space 4608K, 100% used [0x00000000d5580000,0x00000000d5a00000,0x00000000d5a00000)
  from space 512K, 37% used [0x00000000d5b00000,0x00000000d5b30020,0x00000000d5b80000)
  to   space 512K, 0% used [0x00000000d5b80000,0x00000000d5b80000,0x00000000d5c00000)
 ParOldGen       total 701440K, used 96799K [0x0000000080000000, 0x00000000aad00000, 0x00000000d5580000)
  object space 701440K, 13% used [0x0000000080000000,0x0000000085e87da0,0x00000000aad00000)
 Metaspace       used 91807K, committed 93760K, reserved 1179648K
  class space    used 9453K, committed 10368K, reserved 1048576K
}
Event: 2935.699 GC heap after
{Heap after GC invocations=1683 (full 5):
 PSYoungGen      total 5120K, used 512K [0x00000000d5580000, 0x00000000d5c00000, 0x0000000100000000)
  eden space 4608K, 0% used [0x00000000d5580000,0x00000000d5580000,0x00000000d5a00000)
  from space 512K, 100% used [0x00000000d5b80000,0x00000000d5c00000,0x00000000d5c00000)
  to   space 1024K, 0% used [0x00000000d5a00000,0x00000000d5a00000,0x00000000d5b00000)
 ParOldGen       total 701440K, used 96847K [0x0000000080000000, 0x00000000aad00000, 0x00000000d5580000)
  object space 701440K, 13% used [0x0000000080000000,0x0000000085e93da0,0x00000000aad00000)
 Metaspace       used 91807K, committed 93760K, reserved 1179648K
  class space    used 9453K, committed 10368K, reserved 1048576K
}
Event: 3628.297 GC heap before
{Heap before GC invocations=1684 (full 5):
 PSYoungGen      total 5120K, used 5120K [0x00000000d5580000, 0x00000000d5c00000, 0x0000000100000000)
  eden space 4608K, 100% used [0x00000000d5580000,0x00000000d5a00000,0x00000000d5a00000)
  from space 512K, 100% used [0x00000000d5b80000,0x00000000d5c00000,0x00000000d5c00000)
  to   space 1024K, 0% used [0x00000000d5a00000,0x00000000d5a00000,0x00000000d5b00000)
 ParOldGen       total 701440K, used 96847K [0x0000000080000000, 0x00000000aad00000, 0x00000000d5580000)
  object space 701440K, 13% used [0x0000000080000000,0x0000000085e93da0,0x00000000aad00000)
 Metaspace       used 91813K, committed 93760K, reserved 1179648K
  class space    used 9453K, committed 10368K, reserved 1048576K
}
Event: 3628.390 GC heap after
{Heap after GC invocations=1684 (full 5):
 PSYoungGen      total 5632K, used 416K [0x00000000d5580000, 0x00000000d5c00000, 0x0000000100000000)
  eden space 4608K, 0% used [0x00000000d5580000,0x00000000d5580000,0x00000000d5a00000)
  from space 1024K, 40% used [0x00000000d5a00000,0x00000000d5a68020,0x00000000d5b00000)
  to   space 512K, 0% used [0x00000000d5b80000,0x00000000d5b80000,0x00000000d5c00000)
 ParOldGen       total 701440K, used 97039K [0x0000000080000000, 0x00000000aad00000, 0x00000000d5580000)
  object space 701440K, 13% used [0x0000000080000000,0x0000000085ec3da0,0x00000000aad00000)
 Metaspace       used 91813K, committed 93760K, reserved 1179648K
  class space    used 9453K, committed 10368K, reserved 1048576K
}
Event: 3792.086 GC heap before
{Heap before GC invocations=1685 (full 5):
 PSYoungGen      total 5632K, used 5024K [0x00000000d5580000, 0x00000000d5c00000, 0x0000000100000000)
  eden space 4608K, 100% used [0x00000000d5580000,0x00000000d5a00000,0x00000000d5a00000)
  from space 1024K, 40% used [0x00000000d5a00000,0x00000000d5a68020,0x00000000d5b00000)
  to   space 512K, 0% used [0x00000000d5b80000,0x00000000d5b80000,0x00000000d5c00000)
 ParOldGen       total 701440K, used 97039K [0x0000000080000000, 0x00000000aad00000, 0x00000000d5580000)
  object space 701440K, 13% used [0x0000000080000000,0x0000000085ec3da0,0x00000000aad00000)
 Metaspace       used 91813K, committed 93760K, reserved 1179648K
  class space    used 9453K, committed 10368K, reserved 1048576K
}
Event: 3792.124 GC heap after
{Heap after GC invocations=1685 (full 5):
 PSYoungGen      total 5120K, used 256K [0x00000000d5580000, 0x00000000d5c00000, 0x0000000100000000)
  eden space 4608K, 0% used [0x00000000d5580000,0x00000000d5580000,0x00000000d5a00000)
  from space 512K, 50% used [0x00000000d5b80000,0x00000000d5bc0020,0x00000000d5c00000)
  to   space 512K, 0% used [0x00000000d5b00000,0x00000000d5b00000,0x00000000d5b80000)
 ParOldGen       total 701440K, used 97055K [0x0000000080000000, 0x00000000aad00000, 0x00000000d5580000)
  object space 701440K, 13% used [0x0000000080000000,0x0000000085ec7da0,0x00000000aad00000)
 Metaspace       used 91813K, committed 93760K, reserved 1179648K
  class space    used 9453K, committed 10368K, reserved 1048576K
}
Event: 3803.620 GC heap before
{Heap before GC invocations=1686 (full 5):
 PSYoungGen      total 5120K, used 4864K [0x00000000d5580000, 0x00000000d5c00000, 0x0000000100000000)
  eden space 4608K, 100% used [0x00000000d5580000,0x00000000d5a00000,0x00000000d5a00000)
  from space 512K, 50% used [0x00000000d5b80000,0x00000000d5bc0020,0x00000000d5c00000)
  to   space 512K, 0% used [0x00000000d5b00000,0x00000000d5b00000,0x00000000d5b80000)
 ParOldGen       total 701440K, used 97055K [0x0000000080000000, 0x00000000aad00000, 0x00000000d5580000)
  object space 701440K, 13% used [0x0000000080000000,0x0000000085ec7da0,0x00000000aad00000)
 Metaspace       used 91813K, committed 93760K, reserved 1179648K
  class space    used 9453K, committed 10368K, reserved 1048576K
}
Event: 3803.624 GC heap after
{Heap after GC invocations=1686 (full 5):
 PSYoungGen      total 5120K, used 128K [0x00000000d5580000, 0x00000000d5c00000, 0x0000000100000000)
  eden space 4608K, 0% used [0x00000000d5580000,0x00000000d5580000,0x00000000d5a00000)
  from space 512K, 25% used [0x00000000d5b00000,0x00000000d5b20000,0x00000000d5b80000)
  to   space 512K, 0% used [0x00000000d5b80000,0x00000000d5b80000,0x00000000d5c00000)
 ParOldGen       total 701440K, used 97151K [0x0000000080000000, 0x00000000aad00000, 0x00000000d5580000)
  object space 701440K, 13% used [0x0000000080000000,0x0000000085edfdc0,0x00000000aad00000)
 Metaspace       used 91813K, committed 93760K, reserved 1179648K
  class space    used 9453K, committed 10368K, reserved 1048576K
}
Event: 3890.796 GC heap before
{Heap before GC invocations=1687 (full 5):
 PSYoungGen      total 5120K, used 4680K [0x00000000d5580000, 0x00000000d5c00000, 0x0000000100000000)
  eden space 4608K, 98% used [0x00000000d5580000,0x00000000d59f2140,0x00000000d5a00000)
  from space 512K, 25% used [0x00000000d5b00000,0x00000000d5b20000,0x00000000d5b80000)
  to   space 512K, 0% used [0x00000000d5b80000,0x00000000d5b80000,0x00000000d5c00000)
 ParOldGen       total 701440K, used 97151K [0x0000000080000000, 0x00000000aad00000, 0x00000000d5580000)
  object space 701440K, 13% used [0x0000000080000000,0x0000000085edfdc0,0x00000000aad00000)
 Metaspace       used 91821K, committed 93760K, reserved 1179648K
  class space    used 9453K, committed 10368K, reserved 1048576K
}
Event: 3890.801 GC heap after
{Heap after GC invocations=1687 (full 5):
 PSYoungGen      total 5120K, used 192K [0x00000000d5580000, 0x00000000d5c00000, 0x0000000100000000)
  eden space 4608K, 0% used [0x00000000d5580000,0x00000000d5580000,0x00000000d5a00000)
  from space 512K, 37% used [0x00000000d5b80000,0x00000000d5bb0020,0x00000000d5c00000)
  to   space 512K, 0% used [0x00000000d5b00000,0x00000000d5b00000,0x00000000d5b80000)
 ParOldGen       total 701440K, used 97183K [0x0000000080000000, 0x00000000aad00000, 0x00000000d5580000)
  object space 701440K, 13% used [0x0000000080000000,0x0000000085ee7dc0,0x00000000aad00000)
 Metaspace       used 91821K, committed 93760K, reserved 1179648K
  class space    used 9453K, committed 10368K, reserved 1048576K
}

Dll operation events (20 events):
Event: 1.446 Attempting to load shared library C:\Users\admin\.vscode\extensions\redhat.java-1.56.0-win32-x64\jre\21.0.12.1-win32-x86_64\bin\instrument.dll
Event: 1.446 Loaded shared library C:\Users\admin\.vscode\extensions\redhat.java-1.56.0-win32-x64\jre\21.0.12.1-win32-x86_64\bin\instrument.dll
Event: 1.459 Attempting to load shared library C:\Users\admin\.vscode\extensions\redhat.java-1.56.0-win32-x64\jre\21.0.12.1-win32-x86_64\bin\net.dll
Event: 1.464 Loaded shared library C:\Users\admin\.vscode\extensions\redhat.java-1.56.0-win32-x64\jre\21.0.12.1-win32-x86_64\bin\net.dll
Event: 1.468 Attempting to load shared library C:\Users\admin\.vscode\extensions\redhat.java-1.56.0-win32-x64\jre\21.0.12.1-win32-x86_64\bin\nio.dll
Event: 1.471 Loaded shared library C:\Users\admin\.vscode\extensions\redhat.java-1.56.0-win32-x64\jre\21.0.12.1-win32-x86_64\bin\nio.dll
Event: 1.493 Attempting to load shared library C:\Users\admin\.vscode\extensions\redhat.java-1.56.0-win32-x64\jre\21.0.12.1-win32-x86_64\bin\zip.dll
Event: 1.493 Loaded shared library C:\Users\admin\.vscode\extensions\redhat.java-1.56.0-win32-x64\jre\21.0.12.1-win32-x86_64\bin\zip.dll
Event: 1.690 Attempting to load shared library C:\Users\admin\.vscode\extensions\redhat.java-1.56.0-win32-x64\jre\21.0.12.1-win32-x86_64\bin\jimage.dll
Event: 1.690 Loaded shared library C:\Users\admin\.vscode\extensions\redhat.java-1.56.0-win32-x64\jre\21.0.12.1-win32-x86_64\bin\jimage.dll
Event: 2.875 Attempting to load shared library c:\Users\admin\.vscode\extensions\redhat.java-1.56.0-win32-x64\jre\21.0.12.1-win32-x86_64\bin\verify.dll
Event: 2.876 Loaded shared library c:\Users\admin\.vscode\extensions\redhat.java-1.56.0-win32-x64\jre\21.0.12.1-win32-x86_64\bin\verify.dll
Event: 28.435 Attempting to load shared library C:\Users\admin\AppData\Roaming\Code\User\globalStorage\redhat.java\1.56.0\config_win\org.eclipse.equinox.launcher\org.eclipse.equinox.launcher.win32.win32.x86_64_1.3.100.v20260804-1928\eclipse_11924.dll
Event: 28.461 Loaded shared library C:\Users\admin\AppData\Roaming\Code\User\globalStorage\redhat.java\1.56.0\config_win\org.eclipse.equinox.launcher\org.eclipse.equinox.launcher.win32.win32.x86_64_1.3.100.v20260804-1928\eclipse_11924.dll
Event: 52.662 Attempting to load shared library C:\Users\admin\AppData\Local\Temp\jna-92668751\jna4628158452411706841.dll
Event: 52.946 Loaded shared library C:\Users\admin\AppData\Local\Temp\jna-92668751\jna4628158452411706841.dll
Event: 2291.312 Attempting to load shared library C:\Users\admin\.vscode\extensions\redhat.java-1.56.0-win32-x64\jre\21.0.12.1-win32-x86_64\bin\extnet.dll
Event: 2291.321 Loaded shared library C:\Users\admin\.vscode\extensions\redhat.java-1.56.0-win32-x64\jre\21.0.12.1-win32-x86_64\bin\extnet.dll
Event: 2604.291 Attempting to load shared library C:\Users\admin\.vscode\extensions\redhat.java-1.56.0-win32-x64\jre\21.0.12.1-win32-x86_64\bin\sunmscapi.dll
Event: 2604.356 Loaded shared library C:\Users\admin\.vscode\extensions\redhat.java-1.56.0-win32-x64\jre\21.0.12.1-win32-x86_64\bin\sunmscapi.dll

Deoptimization events (20 events):
Event: 2647.365 Thread 0x00000235f11096a0 Uncommon trap: trap_request=0xffffffde fr.pc=0x000002359f793398 relative=0x0000000000001d58
Event: 2647.365 Thread 0x00000235f11096a0 Uncommon trap: reason=class_check action=maybe_recompile pc=0x000002359f793398 method=org.eclipse.jdt.internal.compiler.ast.MessageSend.resolveType(Lorg/eclipse/jdt/internal/compiler/lookup/BlockScope;)Lorg/eclipse/jdt/internal/compiler/lookup/TypeBinding
Event: 2647.365 Thread 0x00000235f11096a0 DEOPT PACKING pc=0x000002359f793398 sp=0x0000005e791fe060
Event: 2647.365 Thread 0x00000235f11096a0 DEOPT UNPACKING pc=0x000002359de53aa2 sp=0x0000005e791fdfe8 mode 2
Event: 2657.600 Thread 0x00000235fda41e90 Uncommon trap: trap_request=0xffffffde fr.pc=0x000002359e5a272c relative=0x00000000000003ac
Event: 2657.600 Thread 0x00000235fda41e90 Uncommon trap: reason=class_check action=maybe_recompile pc=0x000002359e5a272c method=java.lang.ThreadLocal.set(Ljava/lang/Thread;Ljava/lang/Object;)V @ 22 c2
Event: 2657.600 Thread 0x00000235fda41e90 DEOPT PACKING pc=0x000002359e5a272c sp=0x0000005e7a6ff010
Event: 2657.600 Thread 0x00000235fda41e90 DEOPT UNPACKING pc=0x000002359de53aa2 sp=0x0000005e7a6fef48 mode 2
Event: 3791.375 Thread 0x00000235f33095c0 Uncommon trap: trap_request=0xffffff76 fr.pc=0x000002359f7bc3e8 relative=0x0000000000002128
Event: 3791.377 Thread 0x00000235f33095c0 Uncommon trap: reason=predicate action=maybe_recompile pc=0x000002359f7bc3e8 method=org.eclipse.jdt.internal.compiler.lookup.Scope.findMethodInSuperInterfaces(Lorg/eclipse/jdt/internal/compiler/lookup/ReferenceBinding;[CLorg/eclipse/jdt/internal/compiler/
Event: 3791.378 Thread 0x00000235f33095c0 DEOPT PACKING pc=0x000002359f7bc3e8 sp=0x0000005e775fddf0
Event: 3791.384 Thread 0x00000235f33095c0 DEOPT UNPACKING pc=0x000002359de53aa2 sp=0x0000005e775fdda8 mode 2
Event: 3791.392 Thread 0x00000235f33095c0 Uncommon trap: trap_request=0xffffff76 fr.pc=0x000002359ef37394 relative=0x0000000000001614
Event: 3791.393 Thread 0x00000235f33095c0 Uncommon trap: reason=predicate action=maybe_recompile pc=0x000002359ef37394 method=org.eclipse.jdt.internal.compiler.lookup.Scope.parameterCompatibilityLevel(Lorg/eclipse/jdt/internal/compiler/lookup/MethodBinding;[Lorg/eclipse/jdt/internal/compiler/look
Event: 3791.394 Thread 0x00000235f33095c0 DEOPT PACKING pc=0x000002359ef37394 sp=0x0000005e775fdd00
Event: 3791.395 Thread 0x00000235f33095c0 DEOPT UNPACKING pc=0x000002359de53aa2 sp=0x0000005e775fdca8 mode 2
Event: 3791.401 Thread 0x00000235f33095c0 Uncommon trap: trap_request=0xffffffde fr.pc=0x000002359f804424 relative=0x0000000000001404
Event: 3791.402 Thread 0x00000235f33095c0 Uncommon trap: reason=class_check action=maybe_recompile pc=0x000002359f804424 method=org.eclipse.jdt.internal.compiler.lookup.Scope.mostSpecificMethodBinding([Lorg/eclipse/jdt/internal/compiler/lookup/MethodBinding;I[Lorg/eclipse/jdt/internal/compiler/lo
Event: 3791.403 Thread 0x00000235f33095c0 DEOPT PACKING pc=0x000002359f804424 sp=0x0000005e775fdcd0
Event: 3791.403 Thread 0x00000235f33095c0 DEOPT UNPACKING pc=0x000002359de53aa2 sp=0x0000005e775fdc00 mode 2

Classes loaded (20 events):
Event: 2607.842 Loading class com/sun/org/apache/xerces/internal/xni/grammars/Grammar done
Event: 2607.843 Loading class com/sun/org/apache/xerces/internal/impl/dtd/DTDGrammar done
Event: 2607.843 Loading class com/sun/org/apache/xerces/internal/impl/dtd/models/ContentModelValidator
Event: 2607.844 Loading class com/sun/org/apache/xerces/internal/impl/dtd/models/ContentModelValidator done
Event: 2607.844 Loading class com/sun/org/apache/xerces/internal/impl/dtd/XMLContentSpec
Event: 2607.844 Loading class com/sun/org/apache/xerces/internal/impl/dtd/XMLContentSpec done
Event: 2607.848 Loading class com/sun/org/apache/xerces/internal/xni/XNIException
Event: 2607.848 Loading class com/sun/org/apache/xerces/internal/xni/XNIException done
Event: 2607.849 Loading class com/sun/org/apache/xerces/internal/xni/parser/XMLParseException
Event: 2607.849 Loading class com/sun/org/apache/xerces/internal/xni/parser/XMLParseException done
Event: 2607.877 Loading class org/xml/sax/SAXNotRecognizedException
Event: 2607.878 Loading class org/xml/sax/SAXNotRecognizedException done
Event: 2607.878 Loading class org/xml/sax/SAXNotSupportedException
Event: 2607.878 Loading class org/xml/sax/SAXNotSupportedException done
Event: 2617.753 Loading class sun/security/ssl/Alert
Event: 2617.755 Loading class sun/security/ssl/Alert done
Event: 2617.760 Loading class sun/security/ssl/Alert$AlertConsumer
Event: 2617.761 Loading class sun/security/ssl/Alert$AlertConsumer done
Event: 2617.761 Loading class sun/security/ssl/Alert$Level
Event: 2617.761 Loading class sun/security/ssl/Alert$Level done

Classes unloaded (20 events):
Event: 2629.090 Thread 0x000002359378ddf0 Unloading class 0x00000235ab01ec00 'java/lang/invoke/LambdaForm$MH+0x00000235ab01ec00'
Event: 2629.090 Thread 0x000002359378ddf0 Unloading class 0x00000235ab018800 'java/lang/invoke/LambdaForm$MH+0x00000235ab018800'
Event: 2629.090 Thread 0x000002359378ddf0 Unloading class 0x00000235ab00d800 'java/lang/invoke/LambdaForm$MH+0x00000235ab00d800'
Event: 2629.090 Thread 0x000002359378ddf0 Unloading class 0x00000235ab00d400 'java/lang/invoke/LambdaForm$MH+0x00000235ab00d400'
Event: 2629.090 Thread 0x000002359378ddf0 Unloading class 0x00000235ab00d000 'java/lang/invoke/LambdaForm$MH+0x00000235ab00d000'
Event: 2629.090 Thread 0x000002359378ddf0 Unloading class 0x00000235ab00cc00 'java/lang/invoke/LambdaForm$MH+0x00000235ab00cc00'
Event: 2629.090 Thread 0x000002359378ddf0 Unloading class 0x00000235ab00c800 'java/lang/invoke/LambdaForm$BMH+0x00000235ab00c800'
Event: 2629.090 Thread 0x000002359378ddf0 Unloading class 0x00000235ab00c000 'java/lang/invoke/LambdaForm$DMH+0x00000235ab00c000'
Event: 2629.090 Thread 0x000002359378ddf0 Unloading class 0x00000235ab008c00 'java/lang/invoke/LambdaForm$MH+0x00000235ab008c00'
Event: 2629.090 Thread 0x000002359378ddf0 Unloading class 0x00000235ab008800 'java/lang/invoke/LambdaForm$MH+0x00000235ab008800'
Event: 2629.090 Thread 0x000002359378ddf0 Unloading class 0x00000235ab008400 'java/lang/invoke/LambdaForm$MH+0x00000235ab008400'
Event: 2629.090 Thread 0x000002359378ddf0 Unloading class 0x00000235ab007000 'java/lang/invoke/LambdaForm$MH+0x00000235ab007000'
Event: 2629.090 Thread 0x000002359378ddf0 Unloading class 0x00000235ab006800 'java/lang/invoke/LambdaForm$MH+0x00000235ab006800'
Event: 2629.090 Thread 0x000002359378ddf0 Unloading class 0x00000235ab006400 'java/lang/invoke/LambdaForm$MH+0x00000235ab006400'
Event: 2629.091 Thread 0x000002359378ddf0 Unloading class 0x00000235ab006000 'java/lang/invoke/LambdaForm$MH+0x00000235ab006000'
Event: 2629.091 Thread 0x000002359378ddf0 Unloading class 0x00000235ab005c00 'java/lang/invoke/LambdaForm$BMH+0x00000235ab005c00'
Event: 2629.091 Thread 0x000002359378ddf0 Unloading class 0x00000235ab004800 'java/lang/invoke/LambdaForm$DMH+0x00000235ab004800'
Event: 2629.091 Thread 0x000002359378ddf0 Unloading class 0x00000235ab002400 'java/lang/invoke/LambdaForm$MH+0x00000235ab002400'
Event: 2629.091 Thread 0x000002359378ddf0 Unloading class 0x00000235ab002000 'java/lang/invoke/LambdaForm$MH+0x00000235ab002000'
Event: 2629.091 Thread 0x000002359378ddf0 Unloading class 0x00000235ab001800 'java/lang/invoke/LambdaForm$MH+0x00000235ab001800'

Classes redefined (0 events):
No events

Internal exceptions (20 events):
Event: 2634.240 Thread 0x00000235fda3dcf0 Implicit null exception at 0x000002359e892b0e to 0x000002359e892bb5
Event: 2638.420 Thread 0x00000235f33095c0 Exception <a 'java/io/FileNotFoundException'{0x00000000d576a340}> (0x00000000d576a340) 
thrown [s\src\hotspot\share\prims\jni.cpp, line 520]
Event: 2638.737 Thread 0x00000235f33095c0 Exception <a 'java/io/FileNotFoundException'{0x00000000d56ed028}> (0x00000000d56ed028) 
thrown [s\src\hotspot\share\prims\jni.cpp, line 520]
Event: 2651.578 Thread 0x00000235f0fd05d0 Exception <a 'java/io/FileNotFoundException'{0x00000000d59d3418}> (0x00000000d59d3418) 
thrown [s\src\hotspot\share\prims\jni.cpp, line 520]
Event: 2651.827 Thread 0x00000235f0fd05d0 Exception <a 'java/io/FileNotFoundException'{0x00000000d55ba7f0}> (0x00000000d55ba7f0) 
thrown [s\src\hotspot\share\prims\jni.cpp, line 520]
Event: 2652.221 Thread 0x00000235f0fd05d0 Exception <a 'java/io/FileNotFoundException'{0x00000000d58c85d0}> (0x00000000d58c85d0) 
thrown [s\src\hotspot\share\prims\jni.cpp, line 520]
Event: 2657.149 Thread 0x00000235fda3ea10 Exception <a 'sun/nio/fs/WindowsException'{0x00000000d58500b8}> (0x00000000d58500b8) 
thrown [s\src\hotspot\share\prims\jni.cpp, line 520]
Event: 2657.149 Thread 0x00000235fda3ea10 Exception <a 'sun/nio/fs/WindowsException'{0x00000000d58507d0}> (0x00000000d58507d0) 
thrown [s\src\hotspot\share\prims\jni.cpp, line 520]
Event: 2657.158 Thread 0x00000235fda3ea10 Exception <a 'sun/nio/fs/WindowsException'{0x00000000d5851680}> (0x00000000d5851680) 
thrown [s\src\hotspot\share\prims\jni.cpp, line 520]
Event: 2657.158 Thread 0x00000235fda3ea10 Exception <a 'sun/nio/fs/WindowsException'{0x00000000d5852048}> (0x00000000d5852048) 
thrown [s\src\hotspot\share\prims\jni.cpp, line 520]
Event: 2657.162 Thread 0x00000235fda3ea10 Exception <a 'sun/nio/fs/WindowsException'{0x00000000d5853a80}> (0x00000000d5853a80) 
thrown [s\src\hotspot\share\prims\jni.cpp, line 520]
Event: 2657.162 Thread 0x00000235fda3ea10 Exception <a 'sun/nio/fs/WindowsException'{0x00000000d5854198}> (0x00000000d5854198) 
thrown [s\src\hotspot\share\prims\jni.cpp, line 520]
Event: 2657.163 Thread 0x00000235fda3ea10 Exception <a 'sun/nio/fs/WindowsException'{0x00000000d5855020}> (0x00000000d5855020) 
thrown [s\src\hotspot\share\prims\jni.cpp, line 520]
Event: 2657.163 Thread 0x00000235fda3ea10 Exception <a 'sun/nio/fs/WindowsException'{0x00000000d5855738}> (0x00000000d5855738) 
thrown [s\src\hotspot\share\prims\jni.cpp, line 520]
Event: 3792.481 Thread 0x00000235f33095c0 Exception <a 'sun/nio/fs/WindowsException'{0x00000000d5637e68}> (0x00000000d5637e68) 
thrown [s\src\hotspot\share\prims\jni.cpp, line 520]
Event: 3792.487 Thread 0x00000235f33095c0 Exception <a 'sun/nio/fs/WindowsException'{0x00000000d56385a0}> (0x00000000d56385a0) 
thrown [s\src\hotspot\share\prims\jni.cpp, line 520]
Event: 3802.831 Thread 0x00000235f33095c0 Exception <a 'sun/nio/fs/WindowsException'{0x00000000d58b5338}> (0x00000000d58b5338) 
thrown [s\src\hotspot\share\prims\jni.cpp, line 520]
Event: 3802.831 Thread 0x00000235f33095c0 Exception <a 'sun/nio/fs/WindowsException'{0x00000000d58b5a50}> (0x00000000d58b5a50) 
thrown [s\src\hotspot\share\prims\jni.cpp, line 520]
Event: 3890.794 Thread 0x00000235f33095c0 Exception <a 'sun/nio/fs/WindowsException'{0x00000000d59ec940}> (0x00000000d59ec940) 
thrown [s\src\hotspot\share\prims\jni.cpp, line 520]
Event: 3890.794 Thread 0x00000235f33095c0 Exception <a 'sun/nio/fs/WindowsException'{0x00000000d59ed2c8}> (0x00000000d59ed2c8) 
thrown [s\src\hotspot\share\prims\jni.cpp, line 520]

ZGC Phase Switch (0 events):
No events

VM Operations (20 events):
Event: 3848.404 Executing non-safepoint VM operation: RendezvousGCThreads
Event: 3848.404 Executing non-safepoint VM operation: RendezvousGCThreads done
Event: 3890.796 Executing safepoint VM operation: ParallelGCFailedAllocation (Allocation Failure)
Event: 3890.801 Executing safepoint VM operation: ParallelGCFailedAllocation (Allocation Failure) done
Event: 3968.756 Executing non-safepoint VM operation: HandshakeAllThreads (HandshakeForDeflation)
Event: 3968.757 Executing non-safepoint VM operation: HandshakeAllThreads (HandshakeForDeflation) done
Event: 3968.757 Executing non-safepoint VM operation: RendezvousGCThreads
Event: 3968.757 Executing non-safepoint VM operation: RendezvousGCThreads done
Event: 4028.875 Executing non-safepoint VM operation: HandshakeAllThreads (HandshakeForDeflation)
Event: 4028.875 Executing non-safepoint VM operation: HandshakeAllThreads (HandshakeForDeflation) done
Event: 4028.876 Executing non-safepoint VM operation: RendezvousGCThreads
Event: 4028.876 Executing non-safepoint VM operation: RendezvousGCThreads done
Event: 4149.121 Executing non-safepoint VM operation: HandshakeAllThreads (HandshakeForDeflation)
Event: 4149.122 Executing non-safepoint VM operation: HandshakeAllThreads (HandshakeForDeflation) done
Event: 4149.122 Executing non-safepoint VM operation: RendezvousGCThreads
Event: 4149.122 Executing non-safepoint VM operation: RendezvousGCThreads done
Event: 4389.497 Executing non-safepoint VM operation: HandshakeAllThreads (HandshakeForDeflation)
Event: 4389.499 Executing non-safepoint VM operation: HandshakeAllThreads (HandshakeForDeflation) done
Event: 4389.499 Executing non-safepoint VM operation: RendezvousGCThreads
Event: 4389.499 Executing non-safepoint VM operation: RendezvousGCThreads done

Memory protections (0 events):
No events

Nmethod flushes (20 events):
Event: 2630.543 Thread 0x000002359378ddf0 flushing  nmethod 0x0000023598a82390
Event: 2630.543 Thread 0x000002359378ddf0 flushing  nmethod 0x0000023598a8dd10
Event: 2630.543 Thread 0x000002359378ddf0 flushing  nmethod 0x0000023598aa9810
Event: 2630.544 Thread 0x000002359378ddf0 flushing  nmethod 0x0000023598ac4490
Event: 2630.545 Thread 0x000002359378ddf0 flushing  nmethod 0x0000023598af6b10
Event: 2630.545 Thread 0x000002359378ddf0 flushing osr nmethod 0x0000023598af7010
Event: 2630.545 Thread 0x000002359378ddf0 flushing  nmethod 0x0000023598b42690
Event: 2630.545 Thread 0x000002359378ddf0 flushing  nmethod 0x0000023598b43310
Event: 2630.545 Thread 0x000002359378ddf0 flushing  nmethod 0x0000023598bb1110
Event: 2630.545 Thread 0x000002359378ddf0 flushing  nmethod 0x0000023598bc4e90
Event: 2630.545 Thread 0x000002359378ddf0 flushing  nmethod 0x0000023598bf8710
Event: 2630.545 Thread 0x000002359378ddf0 flushing  nmethod 0x0000023598bfae10
Event: 2630.545 Thread 0x000002359378ddf0 flushing  nmethod 0x0000023598bfb790
Event: 2630.546 Thread 0x000002359378ddf0 flushing  nmethod 0x0000023598c08b90
Event: 2630.546 Thread 0x000002359378ddf0 flushing  nmethod 0x0000023598c0a390
Event: 2630.546 Thread 0x000002359378ddf0 flushing  nmethod 0x0000023598c0b010
Event: 2630.546 Thread 0x000002359378ddf0 flushing  nmethod 0x0000023598c1ee10
Event: 2630.546 Thread 0x000002359378ddf0 flushing osr nmethod 0x0000023598c3ae10
Event: 2630.547 Thread 0x000002359378ddf0 flushing osr nmethod 0x0000023598c4cb90
Event: 2630.547 Thread 0x000002359378ddf0 flushing osr nmethod 0x0000023598c5cc90

Events (20 events):
Event: 2849.439 Thread 0x00000235f330e480 Thread added: 0x00000235f330d760
Event: 2926.992 Thread 0x00000235f330d760 Thread exited: 0x00000235f330d760
Event: 2938.845 Thread 0x00000235f3309c50 Thread exited: 0x00000235f3309c50
Event: 2951.849 Thread 0x00000235fda3c940 Thread exited: 0x00000235fda3c940
Event: 2998.233 Thread 0x00000235f1108980 Thread exited: 0x00000235f1108980
Event: 3058.231 Thread 0x00000235f330e480 Thread exited: 0x00000235f330e480
Event: 3238.863 Thread 0x00000235f33095c0 Thread exited: 0x00000235f33095c0
Event: 3517.055 Thread 0x00000235f1106220 Thread added: 0x00000235f330b690
Event: 3538.882 Thread 0x00000235f3308210 Thread exited: 0x00000235f3308210
Event: 3602.661 Thread 0x00000235f330b690 Thread exited: 0x00000235f330b690
Event: 3620.961 Thread 0x00000235f1106220 Thread added: 0x00000235f330b690
Event: 3691.767 Thread 0x00000235f330b690 Thread exited: 0x00000235f330b690
Event: 3791.199 Thread 0x00000235f1106220 Thread added: 0x00000235f33095c0
Event: 3863.638 Thread 0x00000235f33095c0 Thread exited: 0x00000235f33095c0
Event: 3874.521 Thread 0x00000235f1106220 Thread added: 0x00000235f33095c0
Event: 3951.279 Thread 0x00000235f33095c0 Thread exited: 0x00000235f33095c0
Event: 4012.271 Thread 0x00000235f1106220 Thread added: 0x00000235f330b690
Event: 4012.727 Thread 0x00000235f1106220 Thread added: 0x00000235f33095c0
Event: 4074.720 Thread 0x00000235f330b690 Thread exited: 0x00000235f330b690
Event: 4134.771 Thread 0x00000235f33095c0 Thread exited: 0x00000235f33095c0


Dynamic libraries:
0x00007ff62cf30000 - 0x00007ff62cf3e000 	c:\Users\admin\.vscode\extensions\redhat.java-1.56.0-win32-x64\jre\21.0.12.1-win32-x86_64\bin\java.exe
0x00007fffd7660000 - 0x00007fffd78c7000 	C:\WINDOWS\SYSTEM32\ntdll.dll
0x00007fffd5ce0000 - 0x00007fffd5daa000 	C:\WINDOWS\System32\KERNEL32.DLL
0x00007fffd4a00000 - 0x00007fffd4e02000 	C:\WINDOWS\System32\KERNELBASE.dll
0x00007fffd4870000 - 0x00007fffd49bc000 	C:\WINDOWS\System32\ucrtbase.dll
0x00007fff4b030000 - 0x00007fff4b048000 	c:\Users\admin\.vscode\extensions\redhat.java-1.56.0-win32-x64\jre\21.0.12.1-win32-x86_64\bin\jli.dll
0x00007fffd6930000 - 0x00007fffd6aff000 	C:\WINDOWS\System32\USER32.dll
0x00007fffd49d0000 - 0x00007fffd49f7000 	C:\WINDOWS\System32\win32u.dll
0x00007fffd5390000 - 0x00007fffd53bb000 	C:\WINDOWS\System32\GDI32.dll
0x00007fffd5260000 - 0x00007fffd5389000 	C:\WINDOWS\System32\gdi32full.dll
0x00007fffd4f60000 - 0x00007fffd5003000 	C:\WINDOWS\System32\msvcp_win.dll
0x00007fff39ce0000 - 0x00007fff39cfe000 	c:\Users\admin\.vscode\extensions\redhat.java-1.56.0-win32-x64\jre\21.0.12.1-win32-x86_64\bin\VCRUNTIME140.dll
0x00007fffc1400000 - 0x00007fffc1690000 	C:\WINDOWS\WinSxS\amd64_microsoft.windows.common-controls_6595b64144ccf1df_6.0.26100.9278_none_3e0d1ba8e3303201\COMCTL32.dll
0x00007fffd56f0000 - 0x00007fffd5799000 	C:\WINDOWS\System32\msvcrt.dll
0x00007fffd5a10000 - 0x00007fffd5a41000 	C:\WINDOWS\System32\IMM32.DLL
0x00007fffb0410000 - 0x00007fffb041c000 	c:\Users\admin\.vscode\extensions\redhat.java-1.56.0-win32-x64\jre\21.0.12.1-win32-x86_64\bin\vcruntime140_1.dll
0x00007fff23ff0000 - 0x00007fff2407d000 	c:\Users\admin\.vscode\extensions\redhat.java-1.56.0-win32-x64\jre\21.0.12.1-win32-x86_64\bin\msvcp140.dll
0x00007fff22d90000 - 0x00007fff23b32000 	c:\Users\admin\.vscode\extensions\redhat.java-1.56.0-win32-x64\jre\21.0.12.1-win32-x86_64\bin\server\jvm.dll
0x00007fffd5620000 - 0x00007fffd56dc000 	C:\WINDOWS\System32\ADVAPI32.dll
0x00007fffd5b50000 - 0x00007fffd5bf9000 	C:\WINDOWS\System32\sechost.dll
0x00007fffd5db0000 - 0x00007fffd5ec8000 	C:\WINDOWS\System32\RPCRT4.dll
0x00007fffd5f50000 - 0x00007fffd5fd0000 	C:\WINDOWS\System32\WS2_32.dll
0x00007fffd46d0000 - 0x00007fffd472e000 	C:\WINDOWS\SYSTEM32\POWRPROF.dll
0x00007fffcb210000 - 0x00007fffcb246000 	C:\WINDOWS\SYSTEM32\WINMM.dll
0x00007fffcca30000 - 0x00007fffcca3b000 	C:\WINDOWS\SYSTEM32\VERSION.dll
0x00007fffd46b0000 - 0x00007fffd46c5000 	C:\WINDOWS\SYSTEM32\UMPDC.dll
0x00007fffd3540000 - 0x00007fffd355b000 	C:\WINDOWS\SYSTEM32\kernel.appcore.dll
0x00007fffa8e30000 - 0x00007fffa8e3a000 	c:\Users\admin\.vscode\extensions\redhat.java-1.56.0-win32-x64\jre\21.0.12.1-win32-x86_64\bin\jimage.dll
0x00007fffc1720000 - 0x00007fffc1962000 	C:\WINDOWS\SYSTEM32\DBGHELP.DLL
0x00007fffd6b10000 - 0x00007fffd6e94000 	C:\WINDOWS\System32\combase.dll
0x00007fffd5c00000 - 0x00007fffd5cd9000 	C:\WINDOWS\System32\OLEAUT32.dll
0x00007fffbe100000 - 0x00007fffbe13b000 	C:\WINDOWS\SYSTEM32\dbgcore.DLL
0x00007fffd51a0000 - 0x00007fffd524c000 	C:\WINDOWS\System32\bcryptPrimitives.dll
0x00007fffa7020000 - 0x00007fffa702f000 	c:\Users\admin\.vscode\extensions\redhat.java-1.56.0-win32-x64\jre\21.0.12.1-win32-x86_64\bin\instrument.dll
0x00007fff2c8d0000 - 0x00007fff2c8f0000 	c:\Users\admin\.vscode\extensions\redhat.java-1.56.0-win32-x64\jre\21.0.12.1-win32-x86_64\bin\java.dll
0x00007fffd6190000 - 0x00007fffd6928000 	C:\WINDOWS\System32\SHELL32.dll
0x00007fffd2310000 - 0x00007fffd2bbe000 	C:\WINDOWS\SYSTEM32\windows.storage.dll
0x00007fffd5430000 - 0x00007fffd552b000 	C:\WINDOWS\System32\SHCORE.dll
0x00007fffd53c0000 - 0x00007fffd5426000 	C:\WINDOWS\System32\shlwapi.dll
0x00007fffd4790000 - 0x00007fffd47b9000 	C:\WINDOWS\SYSTEM32\profapi.dll
0x00007fff50a50000 - 0x00007fff50a68000 	c:\Users\admin\.vscode\extensions\redhat.java-1.56.0-win32-x64\jre\21.0.12.1-win32-x86_64\bin\zip.dll
0x00007fff811e0000 - 0x00007fff811f0000 	C:\Users\admin\.vscode\extensions\redhat.java-1.56.0-win32-x64\jre\21.0.12.1-win32-x86_64\bin\net.dll
0x00007fffcb6c0000 - 0x00007fffcb7ea000 	C:\WINDOWS\SYSTEM32\WINHTTP.dll
0x00007fffd3b00000 - 0x00007fffd3b6c000 	C:\WINDOWS\system32\mswsock.dll
0x00007fff50a00000 - 0x00007fff50a16000 	C:\Users\admin\.vscode\extensions\redhat.java-1.56.0-win32-x64\jre\21.0.12.1-win32-x86_64\bin\nio.dll
0x00007fff81010000 - 0x00007fff81020000 	c:\Users\admin\.vscode\extensions\redhat.java-1.56.0-win32-x64\jre\21.0.12.1-win32-x86_64\bin\verify.dll
0x00007fff1db20000 - 0x00007fff1db65000 	C:\Users\admin\AppData\Roaming\Code\User\globalStorage\redhat.java\1.56.0\config_win\org.eclipse.equinox.launcher\org.eclipse.equinox.launcher.win32.win32.x86_64_1.3.100.v20260804-1928\eclipse_11924.dll
0x00007fffd57a0000 - 0x00007fffd5939000 	C:\WINDOWS\System32\ole32.dll
0x00007fffd3e10000 - 0x00007fffd3e2b000 	C:\WINDOWS\SYSTEM32\CRYPTSP.dll
0x00007fffd34a0000 - 0x00007fffd34d9000 	C:\WINDOWS\system32\rsaenh.dll
0x00007fffd3bb0000 - 0x00007fffd3be4000 	C:\WINDOWS\SYSTEM32\USERENV.dll
0x00007fffd4760000 - 0x00007fffd478a000 	C:\WINDOWS\SYSTEM32\bcrypt.dll
0x00007fffd3df0000 - 0x00007fffd3dfc000 	C:\WINDOWS\SYSTEM32\CRYPTBASE.dll
0x00007fffd2f60000 - 0x00007fffd2f93000 	C:\WINDOWS\SYSTEM32\IPHLPAPI.DLL
0x00007fffd7610000 - 0x00007fffd761a000 	C:\WINDOWS\System32\NSI.dll
0x00007fff1c010000 - 0x00007fff1c059000 	C:\Users\admin\AppData\Local\Temp\jna-92668751\jna4628158452411706841.dll
0x00007fffd5550000 - 0x00007fffd5558000 	C:\WINDOWS\System32\PSAPI.DLL
0x00007fffcb670000 - 0x00007fffcb68d000 	C:\WINDOWS\SYSTEM32\dhcpcsvc6.DLL
0x00007fffcb640000 - 0x00007fffcb665000 	C:\WINDOWS\SYSTEM32\dhcpcsvc.DLL
0x00007fffd3670000 - 0x00007fffd36a6000 	C:\WINDOWS\SYSTEM32\ntmarta.dll
0x00007fffcf6c0000 - 0x00007fffcf6c9000 	C:\Users\admin\.vscode\extensions\redhat.java-1.56.0-win32-x64\jre\21.0.12.1-win32-x86_64\bin\extnet.dll
0x00007fffd16a0000 - 0x00007fffd16ae000 	C:\Users\admin\.vscode\extensions\redhat.java-1.56.0-win32-x64\jre\21.0.12.1-win32-x86_64\bin\sunmscapi.dll
0x00007fffd5010000 - 0x00007fffd518e000 	C:\WINDOWS\System32\CRYPT32.dll
0x00007fffd4030000 - 0x00007fffd4060000 	C:\WINDOWS\SYSTEM32\ncrypt.dll
0x00007fffd3fe0000 - 0x00007fffd401f000 	C:\WINDOWS\SYSTEM32\NTASN1.dll
0x00007fffd3000000 - 0x00007fffd3158000 	C:\WINDOWS\SYSTEM32\DNSAPI.dll
0x00007fffd3900000 - 0x00007fffd390d000 	C:\WINDOWS\SYSTEM32\DSPARSE.dll
0x00007fffcb490000 - 0x00007fffcb49b000 	C:\Windows\System32\rasadhlp.dll
0x00007fffcaf80000 - 0x00007fffcb006000 	C:\WINDOWS\System32\fwpuclnt.dll

JVMTI agents:
c:\Users\admin\.vscode\extensions\redhat.java-1.56.0-win32-x64\lombok\lombok-1.18.39-4050.jar path:c:\Users\admin\.vscode\extensions\redhat.java-1.56.0-win32-x64\jre\21.0.12.1-win32-x86_64\bin\instrument.dll, loaded, initialized, instrumentlib options:none

dbghelp: loaded successfully - version: 4.0.5 - missing functions: none
symbol engine: initialized successfully - sym options: 0x614 - pdb path: .;c:\Users\admin\.vscode\extensions\redhat.java-1.56.0-win32-x64\jre\21.0.12.1-win32-x86_64\bin;C:\WINDOWS\SYSTEM32;C:\WINDOWS\WinSxS\amd64_microsoft.windows.common-controls_6595b64144ccf1df_6.0.26100.9278_none_3e0d1ba8e3303201;c:\Users\admin\.vscode\extensions\redhat.java-1.56.0-win32-x64\jre\21.0.12.1-win32-x86_64\bin\server;C:\Users\admin\AppData\Roaming\Code\User\globalStorage\redhat.java\1.56.0\config_win\org.eclipse.equinox.launcher\org.eclipse.equinox.launcher.win32.win32.x86_64_1.3.100.v20260804-1928;C:\Users\admin\AppData\Local\Temp\jna-92668751

VM Arguments:
jvm_args: --add-modules=ALL-SYSTEM --add-opens=java.base/java.util=ALL-UNNAMED --add-opens=java.base/java.lang=ALL-UNNAMED --add-opens=java.base/sun.nio.fs=ALL-UNNAMED -Declipse.application=org.eclipse.jdt.ls.core.id1 -Dosgi.bundles.defaultStartLevel=4 -Declipse.product=org.eclipse.jdt.ls.core.product -Djava.import.generatesMetadataFilesAtProjectRoot=false -Dm2e.project.cache.size=50 -DDetectVMInstallationsJob.disabled=true -Dfile.encoding=utf8 -XX:+UseParallelGC -XX:GCTimeRatio=4 -XX:AdaptiveSizePolicyWeight=90 -Dsun.zip.disableMemoryMapping=true -Xmx2G -Xms100m -Xlog:disable -javaagent:c:\Users\admin\.vscode\extensions\redhat.java-1.56.0-win32-x64\lombok\lombok-1.18.39-4050.jar -XX:+HeapDumpOnOutOfMemoryError -XX:HeapDumpPath=c:\Users\admin\AppData\Roaming\Code\User\workspaceStorage\05061040026b19977ea05106b8f7e486\redhat.java -Daether.dependencyCollector.impl=bf 
java_command: c:\Users\admin\.vscode\extensions\redhat.java-1.56.0-win32-x64\server\plugins\org.eclipse.equinox.launcher_1.8.0.v20260804-1928.jar -configuration c:\Users\admin\AppData\Roaming\Code\User\globalStorage\redhat.java\1.56.0\config_win -data c:\Users\admin\AppData\Roaming\Code\User\workspaceStorage\05061040026b19977ea05106b8f7e486\redhat.java\jdt_ws --stdio
java_class_path (initial): c:\Users\admin\.vscode\extensions\redhat.java-1.56.0-win32-x64\server\plugins\org.eclipse.equinox.launcher_1.8.0.v20260804-1928.jar
Launcher Type: SUN_STANDARD

[Global flags]
    uintx AdaptiveSizePolicyWeight                 = 90                                        {product} {command line}
     intx CICompilerCount                          = 3                                         {product} {ergonomic}
    uintx GCTimeRatio                              = 4                                         {product} {command line}
     bool HeapDumpOnOutOfMemoryError               = true                                   {manageable} {command line}
    ccstr HeapDumpPath                             = c:\Users\admin\AppData\Roaming\Code\User\workspaceStorage\05061040026b19977ea05106b8f7e486\redhat.java         {manageable} {command line}
   size_t InitialHeapSize                          = 104857600                                 {product} {command line}
   size_t MaxHeapSize                              = 2147483648                                {product} {command line}
   size_t MaxNewSize                               = 715653120                                 {product} {ergonomic}
   size_t MinHeapDeltaBytes                        = 524288                                    {product} {ergonomic}
   size_t MinHeapSize                              = 104857600                                 {product} {command line}
   size_t NewSize                                  = 34603008                                  {product} {ergonomic}
    uintx NonNMethodCodeHeapSize                   = 5832780                                {pd product} {ergonomic}
    uintx NonProfiledCodeHeapSize                  = 122912730                              {pd product} {ergonomic}
   size_t OldSize                                  = 70254592                                  {product} {ergonomic}
    uintx ProfiledCodeHeapSize                     = 122912730                              {pd product} {ergonomic}
    uintx ReservedCodeCacheSize                    = 251658240                              {pd product} {ergonomic}
     bool SegmentedCodeCache                       = true                                      {product} {ergonomic}
   size_t SoftMaxHeapSize                          = 2147483648                             {manageable} {ergonomic}
     bool UseCompressedOops                        = true                           {product lp64_product} {ergonomic}
     bool UseLargePagesIndividualAllocation        = false                                  {pd product} {ergonomic}
     bool UseParallelGC                            = true                                      {product} {command line}

Logging:
Log output configuration:
 #0: stdout all=off uptime,level,tags foldmultilines=false
 #1: stderr all=off uptime,level,tags foldmultilines=false

Release file:
JAVA_VERSION="21.0.12.1" 
MODULES="java.base java.compiler java.datatransfer java.xml java.prefs java.desktop java.instrument java.logging java.management java.security.sasl java.naming java.rmi java.management.rmi java.net.http java.scripting java.security.jgss java.transaction.xa java.sql java.sql.rowset java.xml.crypto java.se java.smartcardio jdk.accessibility jdk.internal.jvmstat jdk.attach jdk.charsets jdk.internal.opt jdk.zipfs jdk.compiler jdk.crypto.ec jdk.crypto.cryptoki jdk.crypto.mscapi jdk.dynalink jdk.internal.ed jdk.editpad jdk.hotspot.agent jdk.httpserver jdk.internal.le jdk.internal.vm.ci jdk.internal.vm.compiler jdk.internal.vm.compiler.management jdk.jartool jdk.javadoc jdk.jcmd jdk.management jdk.management.agent jdk.jconsole jdk.jdeps jdk.jdwp.agent jdk.jdi jdk.jfr jdk.jshell jdk.jsobject jdk.jstatd jdk.localedata jdk.management.jfr jdk.naming.dns jdk.naming.rmi jdk.net jdk.nio.mapmode jdk.random jdk.sctp jdk.security.auth jdk.security.jgss jdk.unsupported jdk.unsupported.desktop jdk.xml.dom" 

Environment Variables:
PATH=C:\Program Files\Eclipse Adoptium\jdk-25.0.0.36-hotspot\bin;C:\WINDOWS\system32;C:\WINDOWS;C:\WINDOWS\System32\Wbem;C:\WINDOWS\System32\WindowsPowerShell\v1.0\;C:\WINDOWS\System32\OpenSSH\;C:\Program Files\nodejs\;C:\Program Files\Git\cmd;C:\Users\admin\AppData\Local\Programs\Python\Launcher\;C:\Users\admin\AppData\Local\Microsoft\WindowsApps;C:\Users\admin\AppData\Local\Programs\Microsoft VS Code\bin;C:\Users\admin\AppData\Roaming\npm;
USERNAME=admin
OS=Windows_NT
PROCESSOR_IDENTIFIER=AMD64 Family 23 Model 24 Stepping 1, AuthenticAMD
TMP=C:\Users\admin\AppData\Local\Temp
TEMP=C:\Users\admin\AppData\Local\Temp




Periodic native trim disabled

---------------  S Y S T E M  ---------------

OS:
 Windows 11 , 64 bit Build 26100 (10.0.26100.9278)
OS uptime: 0 days 1:20 hours

CPU: total 4 (initial active 4) (4 cores per cpu, 2 threads per core) family 23 model 24 stepping 1 microcode 0x8108102, cx8, cmov, fxsr, ht, mmx, 3dnowpref, sse, sse2, sse3, ssse3, sse4a, sse4.1, sse4.2, popcnt, lzcnt, tsc, tscinvbit, avx, avx2, aes, clmul, bmi1, bmi2, adx, sha, fma, vzeroupper, clflush, clflushopt, rdtscp, f16c
Processor Information for the first 4 processors :
  Max Mhz: 2600, Current Mhz: 2600, Mhz Limit: 2600

Memory: 4k page, system-wide physical 3522M (77M free)
TotalPageFile size 14274M (AvailPageFile size 14M)
current process WorkingSet (physical memory assigned to process): 14M, peak: 354M
current process commit charge ("private bytes"): 1042M, peak: 1052M

vm_info: OpenJDK 64-Bit Server VM (21.0.12.1+1-LTS) for windows-amd64 JRE (21.0.12.1+1-LTS), built on 2026-08-18T00:00:00Z by "admin" with MS VC++ 17.12 (VS2022)

END.
