#
# There is insufficient memory for the Java Runtime Environment to continue.
# Native memory allocation (malloc) failed to allocate 776528 bytes. Error detail: Chunk::new
# Possible reasons:
#   The system is out of physical RAM or swap space
#   This process is running with CompressedOops enabled, and the Java Heap may be blocking the growth of the native heap
# Possible solutions:
#   Reduce memory load on the system
#   Increase physical memory or swap space
#   Check if swap backing store is full
#   Decrease Java heap size (-Xmx/-Xms)
#   Decrease number of Java threads
#   Decrease Java thread stack sizes (-Xss)
#   Set larger code cache with -XX:ReservedCodeCacheSize=
#   JVM is running with Unscaled Compressed Oops mode in which the Java heap is
#     placed in the first 4GB address space. The Java Heap base address is the
#     maximum limit for the native heap growth. Please use -XX:HeapBaseMinAddress
#     to set the Java Heap base and to place the Java Heap above 4GB virtual address.
# This output file may be truncated or incomplete.
#
#  Out of Memory Error (arena.cpp:168), pid=17404, tid=7768
#
# JRE version: OpenJDK Runtime Environment Temurin-21.0.12.1+1 (21.0.12.1+1) (build 21.0.12.1+1-LTS)
# Java VM: OpenJDK 64-Bit Server VM Temurin-21.0.12.1+1 (21.0.12.1+1-LTS, mixed mode, sharing, tiered, compressed oops, compressed class ptrs, parallel gc, windows-amd64)
# No core dump will be written. Minidumps are not enabled by default on client versions of Windows
#

---------------  S U M M A R Y ------------

Command Line: --add-modules=ALL-SYSTEM --add-opens=java.base/java.util=ALL-UNNAMED --add-opens=java.base/java.lang=ALL-UNNAMED --add-opens=java.base/sun.nio.fs=ALL-UNNAMED -Declipse.application=org.eclipse.jdt.ls.core.id1 -Dosgi.bundles.defaultStartLevel=4 -Declipse.product=org.eclipse.jdt.ls.core.product -Djava.import.generatesMetadataFilesAtProjectRoot=false -Dm2e.project.cache.size=50 -DDetectVMInstallationsJob.disabled=true -Dfile.encoding=utf8 -XX:+UseParallelGC -XX:GCTimeRatio=4 -XX:AdaptiveSizePolicyWeight=90 -Dsun.zip.disableMemoryMapping=true -Xmx2G -Xms100m -Xlog:disable -javaagent:c:\Users\admin\.vscode\extensions\redhat.java-1.56.0-win32-x64\lombok\lombok-1.18.39-4050.jar -XX:+HeapDumpOnOutOfMemoryError -XX:HeapDumpPath=c:\Users\admin\AppData\Roaming\Code\User\workspaceStorage\05061040026b19977ea05106b8f7e486\redhat.java -Daether.dependencyCollector.impl=bf c:\Users\admin\.vscode\extensions\redhat.java-1.56.0-win32-x64\server\plugins\org.eclipse.equinox.launcher_1.8.0.v20260804-1928.jar -configuration c:\Users\admin\AppData\Roaming\Code\User\globalStorage\redhat.java\1.56.0\config_win -data c:\Users\admin\AppData\Roaming\Code\User\workspaceStorage\05061040026b19977ea05106b8f7e486\redhat.java\jdt_ws --stdio

Host: AMD Ryzen 3 3200U with Radeon Vega Mobile Gfx  , 4 cores, 3G,  Windows 11 , 64 bit Build 26100 (10.0.26100.9278)
Time: Tue Sep  8 15:15:44 2026 India Standard Time elapsed time: 78.073175 seconds (0d 0h 1m 18s)

---------------  T H R E A D  ---------------

Current thread (0x00000215e0a384a0):  JavaThread "C2 CompilerThread0" daemon [_thread_in_native, id=7768, stack(0x000000c9fd800000,0x000000c9fd900000) (1024K)]


Current CompileTask:
C2:78073 10954   !   4       org.eclipse.jdt.internal.compiler.parser.Scanner::getNextToken0 (3068 bytes)

Stack: [0x000000c9fd800000,0x000000c9fd900000]
Native frames: (J=compiled Java code, j=interpreted, Vv=VM code, C=native code)
V  [jvm.dll+0x6d83e9]
V  [jvm.dll+0x8b5736]
V  [jvm.dll+0x8b7cee]
V  [jvm.dll+0x8b83d3]
V  [jvm.dll+0x284596]
V  [jvm.dll+0xc685d]
V  [jvm.dll+0xc6da1]
V  [jvm.dll+0x3bf18b]
V  [jvm.dll+0x38b6d2]
V  [jvm.dll+0x38ab1a]
V  [jvm.dll+0x24c700]
V  [jvm.dll+0x24bce0]
V  [jvm.dll+0x1cb4ae]
V  [jvm.dll+0x25baad]
V  [jvm.dll+0x25a03a]
V  [jvm.dll+0x3f8aae]
V  [jvm.dll+0x8600cd]
V  [jvm.dll+0x6d6c1d]
C  [ucrtbase.dll+0x2cd30]
C  [KERNEL32.DLL+0x2ccb7]
C  [ntdll.dll+0xacaec]


---------------  P R O C E S S  ---------------

Threads class SMR info:
_java_thread_list=0x00000215f868f980, length=40, elements={
0x00000215e0b3cd70, 0x00000215e0a2a3c0, 0x00000215e0a2eb50, 0x00000215e0a31320,
0x00000215e0a31f80, 0x00000215e0a32be0, 0x00000215e0a35650, 0x00000215e0a384a0,
0x00000215e0ab1850, 0x00000215f8254c20, 0x00000215f8350640, 0x00000215f8767010,
0x00000215f87f2bf0, 0x00000215f88e4960, 0x00000215f88e4fd0, 0x00000215fd66e900,
0x00000215f88835a0, 0x00000215f8722500, 0x00000215fd01a060, 0x00000215fd01c7c0,
0x00000215fd01d4e0, 0x00000215fd01c130, 0x00000215fd01ce50, 0x00000215fd01ad80,
0x00000215fd01b410, 0x00000215fd01baa0, 0x00000215c1332340, 0x00000215c13336f0,
0x00000215c1333d80, 0x00000215c1334410, 0x00000215c1331620, 0x00000215c1333060,
0x00000215c1335130, 0x00000215c1331cb0, 0x00000215c1335e50, 0x00000215c13385b0,
0x00000215c1337f20, 0x00000215c1336b70, 0x00000215c1337890, 0x00000215c18c9fc0
}

Java Threads: ( => current thread )
  0x00000215e0b3cd70 JavaThread "main"                              [_thread_blocked, id=18560, stack(0x000000c9fce00000,0x000000c9fcf00000) (1024K)]
  0x00000215e0a2a3c0 JavaThread "Reference Handler"          daemon [_thread_blocked, id=18852, stack(0x000000c9fd200000,0x000000c9fd300000) (1024K)]
  0x00000215e0a2eb50 JavaThread "Finalizer"                  daemon [_thread_blocked, id=19228, stack(0x000000c9fd300000,0x000000c9fd400000) (1024K)]
  0x00000215e0a31320 JavaThread "Signal Dispatcher"          daemon [_thread_blocked, id=11052, stack(0x000000c9fd400000,0x000000c9fd500000) (1024K)]
  0x00000215e0a31f80 JavaThread "Attach Listener"            daemon [_thread_blocked, id=18696, stack(0x000000c9fd500000,0x000000c9fd600000) (1024K)]
  0x00000215e0a32be0 JavaThread "Service Thread"             daemon [_thread_blocked, id=6596, stack(0x000000c9fd600000,0x000000c9fd700000) (1024K)]
  0x00000215e0a35650 JavaThread "Monitor Deflation Thread"   daemon [_thread_blocked, id=5180, stack(0x000000c9fd700000,0x000000c9fd800000) (1024K)]
=>0x00000215e0a384a0 JavaThread "C2 CompilerThread0"         daemon [_thread_in_native, id=7768, stack(0x000000c9fd800000,0x000000c9fd900000) (1024K)]
  0x00000215e0ab1850 JavaThread "C1 CompilerThread0"         daemon [_thread_blocked, id=19040, stack(0x000000c9fd900000,0x000000c9fda00000) (1024K)]
  0x00000215f8254c20 JavaThread "Common-Cleaner"             daemon [_thread_blocked, id=13516, stack(0x000000c9fda00000,0x000000c9fdb00000) (1024K)]
  0x00000215f8350640 JavaThread "Notification Thread"        daemon [_thread_blocked, id=9320, stack(0x000000c9fdc00000,0x000000c9fdd00000) (1024K)]
  0x00000215f8767010 JavaThread "Active Thread: Equinox Container: 7357543a-970e-437b-a52b-b495f64b1649"        [_thread_blocked, id=16932, stack(0x000000c9fe000000,0x000000c9fe100000) (1024K)]
  0x00000215f87f2bf0 JavaThread "Refresh Thread: Equinox Container: 7357543a-970e-437b-a52b-b495f64b1649" daemon [_thread_blocked, id=19308, stack(0x000000c9fe100000,0x000000c9fe200000) (1024K)]
  0x00000215f88e4960 JavaThread "Framework Event Dispatcher: Equinox Container: 7357543a-970e-437b-a52b-b495f64b1649" daemon [_thread_blocked, id=19180, stack(0x000000c9fe200000,0x000000c9fe300000) (1024K)]
  0x00000215f88e4fd0 JavaThread "Start Level: Equinox Container: 7357543a-970e-437b-a52b-b495f64b1649" daemon [_thread_blocked, id=18396, stack(0x000000c9fe300000,0x000000c9fe400000) (1024K)]
  0x00000215fd66e900 JavaThread "Bundle File Closer"         daemon [_thread_blocked, id=2272, stack(0x000000c9fe400000,0x000000c9fe500000) (1024K)]
  0x00000215f88835a0 JavaThread "SCR Component Actor"        daemon [_thread_blocked, id=20464, stack(0x000000c9fe500000,0x000000c9fe600000) (1024K)]
  0x00000215f8722500 JavaThread "Worker-JM"                         [_thread_blocked, id=6388, stack(0x000000c9fe600000,0x000000c9fe700000) (1024K)]
  0x00000215fd01a060 JavaThread "JNA Cleaner"                daemon [_thread_blocked, id=18180, stack(0x000000c9fe700000,0x000000c9fe800000) (1024K)]
  0x00000215fd01c7c0 JavaThread "Worker-0"                          [_thread_blocked, id=7636, stack(0x000000c9fe800000,0x000000c9fe900000) (1024K)]
  0x00000215fd01d4e0 JavaThread "Worker-1"                          [_thread_blocked, id=1888, stack(0x000000c9fe900000,0x000000c9fea00000) (1024K)]
  0x00000215fd01c130 JavaThread "Worker-2"                          [_thread_blocked, id=18812, stack(0x000000c9fea00000,0x000000c9feb00000) (1024K)]
  0x00000215fd01ce50 JavaThread "Worker-3"                          [_thread_blocked, id=15784, stack(0x000000c9feb00000,0x000000c9fec00000) (1024K)]
  0x00000215fd01ad80 JavaThread "Java indexing"              daemon [_thread_blocked, id=9500, stack(0x000000c9fec00000,0x000000c9fed00000) (1024K)]
  0x00000215fd01b410 JavaThread "Worker-4"                          [_thread_blocked, id=10360, stack(0x000000c9fef00000,0x000000c9ff000000) (1024K)]
  0x00000215fd01baa0 JavaThread "Worker-5"                          [_thread_blocked, id=14816, stack(0x000000c9ff000000,0x000000c9ff100000) (1024K)]
  0x00000215c1332340 JavaThread "pool-2-thread-1"                   [_thread_blocked, id=8020, stack(0x000000c9ff100000,0x000000c9ff200000) (1024K)]
  0x00000215c13336f0 JavaThread "WorkspaceEventsHandler"            [_thread_blocked, id=4484, stack(0x000000c9ff200000,0x000000c9ff300000) (1024K)]
  0x00000215c1333d80 JavaThread "pool-1-thread-1"                   [_thread_in_native, id=10372, stack(0x000000c9ff300000,0x000000c9ff400000) (1024K)]
  0x00000215c1334410 JavaThread "ForkJoinPool.commonPool-worker-1" daemon [_thread_blocked, id=17012, stack(0x000000c9ff400000,0x000000c9ff500000) (1024K)]
  0x00000215c1331620 JavaThread "ForkJoinPool.commonPool-worker-2" daemon [_thread_blocked, id=7936, stack(0x000000c9ff500000,0x000000c9ff600000) (1024K)]
  0x00000215c1333060 JavaThread "ForkJoinPool.commonPool-worker-3" daemon [_thread_blocked, id=16452, stack(0x000000c9ff600000,0x000000c9ff700000) (1024K)]
  0x00000215c1335130 JavaThread "PatternSearchJob-worker-1"  daemon [_thread_blocked, id=9224, stack(0x000000c9ff700000,0x000000c9ff800000) (1024K)]
  0x00000215c1331cb0 JavaThread "Compiler Source File Reader" daemon [_thread_blocked, id=1268, stack(0x000000c9ff800000,0x000000c9ff900000) (1024K)]
  0x00000215c1335e50 JavaThread "Compiler Source File Reader" daemon [_thread_blocked, id=14980, stack(0x000000c9ff900000,0x000000c9ffa00000) (1024K)]
  0x00000215c13385b0 JavaThread "Compiler Processing Task"   daemon [_thread_blocked, id=15024, stack(0x000000c9ffa00000,0x000000c9ffb00000) (1024K)]
  0x00000215c1337f20 JavaThread "Compiler Class File Writer" daemon [_thread_blocked, id=4896, stack(0x000000c9ffb00000,0x000000c9ffc00000) (1024K)]
  0x00000215c1336b70 JavaThread "Compiler Class File Writer" daemon [_thread_blocked, id=8732, stack(0x000000c9ffc00000,0x000000c9ffd00000) (1024K)]
  0x00000215c1337890 JavaThread "PatternSearchJob-worker-2"  daemon [_thread_blocked, id=14620, stack(0x000000c9ffd00000,0x000000c9ffe00000) (1024K)]
  0x00000215c18c9fc0 JavaThread "Cleaner-0"                  daemon [_thread_blocked, id=15772, stack(0x000000c9fcc00000,0x000000c9fcd00000) (1024K)]
Total: 40

Other Threads:
  0x00000215e0bfde60 VMThread "VM Thread"                           [id=10076, stack(0x000000c9fd100000,0x000000c9fd200000) (1024K)]
  0x00000215e09cca00 WatcherThread "VM Periodic Task Thread"        [id=12532, stack(0x000000c9fd000000,0x000000c9fd100000) (1024K)]
  0x00000215e0b5be90 WorkerThread "GC Thread#0"                     [id=13588, stack(0x000000c9fcf00000,0x000000c9fd000000) (1024K)]
  0x00000215f866bed0 WorkerThread "GC Thread#1"                     [id=10356, stack(0x000000c9fdd00000,0x000000c9fde00000) (1024K)]
  0x00000215f86612e0 WorkerThread "GC Thread#2"                     [id=20348, stack(0x000000c9fde00000,0x000000c9fdf00000) (1024K)]
  0x00000215f8661690 WorkerThread "GC Thread#3"                     [id=18796, stack(0x000000c9fdf00000,0x000000c9fe000000) (1024K)]
Total: 6

Threads with active compile tasks:
C2 CompilerThread0  78198 10954   !   4       org.eclipse.jdt.internal.compiler.parser.Scanner::getNextToken0 (3068 bytes)
Total: 1

VM state: not at safepoint (normal execution)

VM Mutex/Monitor currently owned by a thread: None

Heap address: 0x0000000080000000, size: 2048 MB, Compressed Oops mode: 32-bit

CDS archive(s) mapped at: [0x0000021580000000-0x0000021580ba0000-0x0000021580ba0000), size 12189696, SharedBaseAddress: 0x0000021580000000, ArchiveRelocationMode: 1.
Compressed class space mapped at: 0x0000021581000000-0x00000215c1000000, reserved size: 1073741824
Narrow klass base: 0x0000021580000000, Narrow klass shift: 0, Narrow klass range: 0x100000000

GC Precious Log:
 CardTable entry size: 512
 CPUs: 4 total, 4 available
 Memory: 3522M
 Large Page Support: Disabled
 NUMA Support: Disabled
 Compressed Oops: Enabled (32-bit)
 Alignments: Space 512K, Generation 512K, Heap 2M
 Heap Min Capacity: 100M
 Heap Initial Capacity: 100M
 Heap Max Capacity: 2G
 Pre-touch: Disabled
 Parallel Workers: 4

Heap:
 PSYoungGen      total 23040K, used 13423K [0x00000000d5580000, 0x00000000d7180000, 0x0000000100000000)
  eden space 22016K, 58% used [0x00000000d5580000,0x00000000d6217d78,0x00000000d6b00000)
  from space 1024K, 51% used [0x00000000d7000000,0x00000000d7084030,0x00000000d7100000)
  to   space 512K, 0% used [0x00000000d7100000,0x00000000d7100000,0x00000000d7180000)
 ParOldGen       total 68608K, used 51669K [0x0000000080000000, 0x0000000084300000, 0x00000000d5580000)
  object space 68608K, 75% used [0x0000000080000000,0x00000000832756b0,0x0000000084300000)
 Metaspace       used 67858K, committed 69312K, reserved 1114112K
  class space    used 7171K, committed 7808K, reserved 1048576K

Card table byte_map: [0x00000215e04e0000,0x00000215e08f0000] _byte_map_base: 0x00000215e00e0000

Marking Bits: (ParMarkBitMap*) 0x00007ffd0a9e44a0
 Begin Bits: [0x00000215f2ff0000, 0x00000215f4ff0000)
 End Bits:   [0x00000215f4ff0000, 0x00000215f6ff0000)

Polling page: 0x00000215de9a0000

Metaspace:

Usage:
  Non-class:     59.26 MB used.
      Class:      7.00 MB used.
       Both:     66.27 MB used.

Virtual space:
  Non-class space:       64.00 MB reserved,      60.06 MB ( 94%) committed,  1 nodes.
      Class space:        1.00 GB reserved,       7.62 MB ( <1%) committed,  1 nodes.
             Both:        1.06 GB reserved,      67.69 MB (  6%) committed. 

Chunk freelists:
   Non-Class:  3.88 MB
       Class:  8.37 MB
        Both:  12.25 MB

MaxMetaspaceSize: unlimited
CompressedClassSpaceSize: 1.00 GB
Initial GC threshold: 21.00 MB
Current GC threshold: 97.31 MB
CDS: on
 - commit_granule_bytes: 65536.
 - commit_granule_words: 8192.
 - virtual_space_node_default_size: 8388608.
 - enlarge_chunks_in_place: 1.
 - use_allocation_guard: 0.


Internal statistics:

num_allocs_failed_limit: 13.
num_arena_births: 1170.
num_arena_deaths: 36.
num_vsnodes_births: 2.
num_vsnodes_deaths: 0.
num_space_committed: 1083.
num_space_uncommitted: 0.
num_chunks_returned_to_freelist: 57.
num_chunks_taken_from_freelist: 4431.
num_chunk_merges: 19.
num_chunk_splits: 2677.
num_chunks_enlarged: 1486.
num_inconsistent_stats: 0.

CodeHeap 'non-profiled nmethods': size=120000Kb used=6848Kb max_used=6848Kb free=113151Kb
 bounds [0x00000215eb810000, 0x00000215ebed0000, 0x00000215f2d40000]
CodeHeap 'profiled nmethods': size=120000Kb used=23424Kb max_used=23424Kb free=96575Kb
 bounds [0x00000215e3d40000, 0x00000215e5430000, 0x00000215eb270000]
CodeHeap 'non-nmethods': size=5760Kb used=1448Kb max_used=1509Kb free=4311Kb
 bounds [0x00000215eb270000, 0x00000215eb4e0000, 0x00000215eb810000]
CodeCache: size=245760Kb, used=31720Kb, max_used=31781Kb, free=214037Kb
 total_blobs=11001, nmethods=10230, adapters=675, full_count=0
Compilation: enabled, stopped_count=0, restarted_count=0

Compilation events (20 events):
Event: 77.846 Thread 0x00000215e0ab1850 nmethod 10944 0x00000215e541c390 code [0x00000215e541c540, 0x00000215e541c6e8]
Event: 77.847 Thread 0x00000215e0ab1850 10945       3       org.eclipse.jdt.internal.compiler.lookup.MethodScope::isLambdaScope (8 bytes)
Event: 77.847 Thread 0x00000215e0ab1850 nmethod 10945 0x00000215e541c810 code [0x00000215e541c9c0, 0x00000215e541cbc8]
Event: 77.854 Thread 0x00000215e0ab1850 10946       3       org.eclipse.osgi.framework.util.ArrayMap::getKey (11 bytes)
Event: 77.855 Thread 0x00000215e0ab1850 nmethod 10946 0x00000215e541cc90 code [0x00000215e541ce40, 0x00000215e541d018]
Event: 77.856 Thread 0x00000215e0ab1850 10947   !   3       org.eclipse.osgi.internal.log.ExtendedLogReaderServiceFactory::safeLogged (27 bytes)
Event: 77.857 Thread 0x00000215e0ab1850 nmethod 10947 0x00000215e541d110 code [0x00000215e541d320, 0x00000215e541d958]
Event: 77.858 Thread 0x00000215e0ab1850 10948       3       sun.util.locale.LocaleUtils::isAlphaNumericString (33 bytes)
Event: 77.859 Thread 0x00000215e0ab1850 nmethod 10948 0x00000215e541db90 code [0x00000215e541dde0, 0x00000215e541e828]
Event: 77.876 Thread 0x00000215e0a384a0 10949       4       jdk.internal.org.objectweb.asm.Frame::pop (42 bytes)
Event: 77.878 Thread 0x00000215e0a384a0 nmethod 10949 0x00000215ebebf510 code [0x00000215ebebf6a0, 0x00000215ebebf798]
Event: 77.878 Thread 0x00000215e0ab1850 10950       3       java.nio.charset.Charset::lookup2 (78 bytes)
Event: 77.880 Thread 0x00000215e0ab1850 nmethod 10950 0x00000215e541ec10 code [0x00000215e541ee60, 0x00000215e541f890]
Event: 77.911 Thread 0x00000215e0a384a0 10951       4       java.util.LinkedList$ListItr::hasNext (20 bytes)
Event: 77.912 Thread 0x00000215e0a384a0 nmethod 10951 0x00000215ebebf890 code [0x00000215ebebfa20, 0x00000215ebebfad0]
Event: 77.921 Thread 0x00000215e0ab1850 10952       3       java.util.LinkedList$ListItr::<init> (47 bytes)
Event: 77.922 Thread 0x00000215e0ab1850 nmethod 10952 0x00000215e541fb90 code [0x00000215e541fd40, 0x00000215e541ffb0]
Event: 77.923 Thread 0x00000215e0a384a0 10953       4       jdk.internal.jrtfs.JrtPath::equals (30 bytes)
Event: 77.926 Thread 0x00000215e0a384a0 nmethod 10953 0x00000215ebebfb90 code [0x00000215ebebfd20, 0x00000215ebebff40]
Event: 77.926 Thread 0x00000215e0a384a0 10954   !   4       org.eclipse.jdt.internal.compiler.parser.Scanner::getNextToken0 (3068 bytes)

GC Heap History (20 events):
Event: 38.467 GC heap before
{Heap before GC invocations=33 (full 2):
 PSYoungGen      total 23040K, used 22840K [0x00000000d5580000, 0x00000000d7100000, 0x0000000100000000)
  eden space 22016K, 100% used [0x00000000d5580000,0x00000000d6b00000,0x00000000d6b00000)
  from space 1024K, 80% used [0x00000000d7000000,0x00000000d70ce3a8,0x00000000d7100000)
  to   space 1024K, 0% used [0x00000000d6f00000,0x00000000d6f00000,0x00000000d7000000)
 ParOldGen       total 68608K, used 42242K [0x0000000080000000, 0x0000000084300000, 0x00000000d5580000)
  object space 68608K, 61% used [0x0000000080000000,0x0000000082940a68,0x0000000084300000)
 Metaspace       used 57092K, committed 58432K, reserved 1114112K
  class space    used 6142K, committed 6720K, reserved 1048576K
}
Event: 38.473 GC heap after
{Heap after GC invocations=33 (full 2):
 PSYoungGen      total 23040K, used 1023K [0x00000000d5580000, 0x00000000d7080000, 0x0000000100000000)
  eden space 22016K, 0% used [0x00000000d5580000,0x00000000d5580000,0x00000000d6b00000)
  from space 1024K, 99% used [0x00000000d6f00000,0x00000000d6fffc78,0x00000000d7000000)
  to   space 512K, 0% used [0x00000000d7000000,0x00000000d7000000,0x00000000d7080000)
 ParOldGen       total 68608K, used 43016K [0x0000000080000000, 0x0000000084300000, 0x00000000d5580000)
  object space 68608K, 62% used [0x0000000080000000,0x0000000082a02398,0x0000000084300000)
 Metaspace       used 57092K, committed 58432K, reserved 1114112K
  class space    used 6142K, committed 6720K, reserved 1048576K
}
Event: 39.160 GC heap before
{Heap before GC invocations=34 (full 2):
 PSYoungGen      total 23040K, used 13267K [0x00000000d5580000, 0x00000000d7080000, 0x0000000100000000)
  eden space 22016K, 55% used [0x00000000d5580000,0x00000000d61751b0,0x00000000d6b00000)
  from space 1024K, 99% used [0x00000000d6f00000,0x00000000d6fffc78,0x00000000d7000000)
  to   space 512K, 0% used [0x00000000d7000000,0x00000000d7000000,0x00000000d7080000)
 ParOldGen       total 68608K, used 43016K [0x0000000080000000, 0x0000000084300000, 0x00000000d5580000)
  object space 68608K, 62% used [0x0000000080000000,0x0000000082a02398,0x0000000084300000)
 Metaspace       used 58474K, committed 59776K, reserved 1114112K
  class space    used 6287K, committed 6848K, reserved 1048576K
}
Event: 39.166 GC heap after
{Heap after GC invocations=34 (full 2):
 PSYoungGen      total 22528K, used 497K [0x00000000d5580000, 0x00000000d7100000, 0x0000000100000000)
  eden space 22016K, 0% used [0x00000000d5580000,0x00000000d5580000,0x00000000d6b00000)
  from space 512K, 97% used [0x00000000d7000000,0x00000000d707c7c0,0x00000000d7080000)
  to   space 3072K, 0% used [0x00000000d6b00000,0x00000000d6b00000,0x00000000d6e00000)
 ParOldGen       total 68608K, used 45059K [0x0000000080000000, 0x0000000084300000, 0x00000000d5580000)
  object space 68608K, 65% used [0x0000000080000000,0x0000000082c00ce0,0x0000000084300000)
 Metaspace       used 58474K, committed 59776K, reserved 1114112K
  class space    used 6287K, committed 6848K, reserved 1048576K
}
Event: 39.166 GC heap before
{Heap before GC invocations=35 (full 3):
 PSYoungGen      total 22528K, used 497K [0x00000000d5580000, 0x00000000d7100000, 0x0000000100000000)
  eden space 22016K, 0% used [0x00000000d5580000,0x00000000d5580000,0x00000000d6b00000)
  from space 512K, 97% used [0x00000000d7000000,0x00000000d707c7c0,0x00000000d7080000)
  to   space 3072K, 0% used [0x00000000d6b00000,0x00000000d6b00000,0x00000000d6e00000)
 ParOldGen       total 68608K, used 45059K [0x0000000080000000, 0x0000000084300000, 0x00000000d5580000)
  object space 68608K, 65% used [0x0000000080000000,0x0000000082c00ce0,0x0000000084300000)
 Metaspace       used 58474K, committed 59776K, reserved 1114112K
  class space    used 6287K, committed 6848K, reserved 1048576K
}
Event: 39.495 GC heap after
{Heap after GC invocations=35 (full 3):
 PSYoungGen      total 22528K, used 0K [0x00000000d5580000, 0x00000000d7100000, 0x0000000100000000)
  eden space 22016K, 0% used [0x00000000d5580000,0x00000000d5580000,0x00000000d6b00000)
  from space 512K, 0% used [0x00000000d7000000,0x00000000d7000000,0x00000000d7080000)
  to   space 3072K, 0% used [0x00000000d6b00000,0x00000000d6b00000,0x00000000d6e00000)
 ParOldGen       total 68608K, used 42274K [0x0000000080000000, 0x0000000084300000, 0x00000000d5580000)
  object space 68608K, 61% used [0x0000000080000000,0x0000000082948968,0x0000000084300000)
 Metaspace       used 58454K, committed 59776K, reserved 1114112K
  class space    used 6282K, committed 6848K, reserved 1048576K
}
Event: 41.834 GC heap before
{Heap before GC invocations=36 (full 3):
 PSYoungGen      total 22528K, used 22016K [0x00000000d5580000, 0x00000000d7100000, 0x0000000100000000)
  eden space 22016K, 100% used [0x00000000d5580000,0x00000000d6b00000,0x00000000d6b00000)
  from space 512K, 0% used [0x00000000d7000000,0x00000000d7000000,0x00000000d7080000)
  to   space 3072K, 0% used [0x00000000d6b00000,0x00000000d6b00000,0x00000000d6e00000)
 ParOldGen       total 68608K, used 42274K [0x0000000080000000, 0x0000000084300000, 0x00000000d5580000)
  object space 68608K, 61% used [0x0000000080000000,0x0000000082948968,0x0000000084300000)
 Metaspace       used 60541K, committed 61888K, reserved 1114112K
  class space    used 6494K, committed 7040K, reserved 1048576K
}
Event: 41.838 GC heap after
{Heap after GC invocations=36 (full 3):
 PSYoungGen      total 25088K, used 1209K [0x00000000d5580000, 0x00000000d7080000, 0x0000000100000000)
  eden space 22016K, 0% used [0x00000000d5580000,0x00000000d5580000,0x00000000d6b00000)
  from space 3072K, 39% used [0x00000000d6b00000,0x00000000d6c2e4b0,0x00000000d6e00000)
  to   space 2048K, 0% used [0x00000000d6e80000,0x00000000d6e80000,0x00000000d7080000)
 ParOldGen       total 68608K, used 42282K [0x0000000080000000, 0x0000000084300000, 0x00000000d5580000)
  object space 68608K, 61% used [0x0000000080000000,0x000000008294a968,0x0000000084300000)
 Metaspace       used 60541K, committed 61888K, reserved 1114112K
  class space    used 6494K, committed 7040K, reserved 1048576K
}
Event: 44.162 GC heap before
{Heap before GC invocations=37 (full 3):
 PSYoungGen      total 25088K, used 23225K [0x00000000d5580000, 0x00000000d7080000, 0x0000000100000000)
  eden space 22016K, 100% used [0x00000000d5580000,0x00000000d6b00000,0x00000000d6b00000)
  from space 3072K, 39% used [0x00000000d6b00000,0x00000000d6c2e4b0,0x00000000d6e00000)
  to   space 2048K, 0% used [0x00000000d6e80000,0x00000000d6e80000,0x00000000d7080000)
 ParOldGen       total 68608K, used 42282K [0x0000000080000000, 0x0000000084300000, 0x00000000d5580000)
  object space 68608K, 61% used [0x0000000080000000,0x000000008294a968,0x0000000084300000)
 Metaspace       used 62143K, committed 63552K, reserved 1114112K
  class space    used 6667K, committed 7232K, reserved 1048576K
}
Event: 44.171 GC heap after
{Heap after GC invocations=37 (full 3):
 PSYoungGen      total 24064K, used 1831K [0x00000000d5580000, 0x00000000d7080000, 0x0000000100000000)
  eden space 22016K, 0% used [0x00000000d5580000,0x00000000d5580000,0x00000000d6b00000)
  from space 2048K, 89% used [0x00000000d6e80000,0x00000000d7049fc8,0x00000000d7080000)
  to   space 2048K, 0% used [0x00000000d6c80000,0x00000000d6c80000,0x00000000d6e80000)
 ParOldGen       total 68608K, used 43291K [0x0000000080000000, 0x0000000084300000, 0x00000000d5580000)
  object space 68608K, 63% used [0x0000000080000000,0x0000000082a46d00,0x0000000084300000)
 Metaspace       used 62143K, committed 63552K, reserved 1114112K
  class space    used 6667K, committed 7232K, reserved 1048576K
}
Event: 49.084 GC heap before
{Heap before GC invocations=38 (full 3):
 PSYoungGen      total 24064K, used 23847K [0x00000000d5580000, 0x00000000d7080000, 0x0000000100000000)
  eden space 22016K, 100% used [0x00000000d5580000,0x00000000d6b00000,0x00000000d6b00000)
  from space 2048K, 89% used [0x00000000d6e80000,0x00000000d7049fc8,0x00000000d7080000)
  to   space 2048K, 0% used [0x00000000d6c80000,0x00000000d6c80000,0x00000000d6e80000)
 ParOldGen       total 68608K, used 43291K [0x0000000080000000, 0x0000000084300000, 0x00000000d5580000)
  object space 68608K, 63% used [0x0000000080000000,0x0000000082a46d00,0x0000000084300000)
 Metaspace       used 63523K, committed 64832K, reserved 1114112K
  class space    used 6749K, committed 7296K, reserved 1048576K
}
Event: 49.096 GC heap after
{Heap after GC invocations=38 (full 3):
 PSYoungGen      total 24064K, used 2023K [0x00000000d5580000, 0x00000000d7a00000, 0x0000000100000000)
  eden space 22016K, 0% used [0x00000000d5580000,0x00000000d5580000,0x00000000d6b00000)
  from space 2048K, 98% used [0x00000000d6c80000,0x00000000d6e79c28,0x00000000d6e80000)
  to   space 7680K, 0% used [0x00000000d7280000,0x00000000d7280000,0x00000000d7a00000)
 ParOldGen       total 68608K, used 47840K [0x0000000080000000, 0x0000000084300000, 0x00000000d5580000)
  object space 68608K, 69% used [0x0000000080000000,0x0000000082eb83a0,0x0000000084300000)
 Metaspace       used 63523K, committed 64832K, reserved 1114112K
  class space    used 6749K, committed 7296K, reserved 1048576K
}
Event: 54.957 GC heap before
{Heap before GC invocations=39 (full 3):
 PSYoungGen      total 24064K, used 24039K [0x00000000d5580000, 0x00000000d7a00000, 0x0000000100000000)
  eden space 22016K, 100% used [0x00000000d5580000,0x00000000d6b00000,0x00000000d6b00000)
  from space 2048K, 98% used [0x00000000d6c80000,0x00000000d6e79c28,0x00000000d6e80000)
  to   space 7680K, 0% used [0x00000000d7280000,0x00000000d7280000,0x00000000d7a00000)
 ParOldGen       total 68608K, used 47840K [0x0000000080000000, 0x0000000084300000, 0x00000000d5580000)
  object space 68608K, 69% used [0x0000000080000000,0x0000000082eb83a0,0x0000000084300000)
 Metaspace       used 64125K, committed 65600K, reserved 1114112K
  class space    used 6800K, committed 7424K, reserved 1048576K
}
Event: 54.964 GC heap after
{Heap after GC invocations=39 (full 3):
 PSYoungGen      total 24064K, used 1584K [0x00000000d5580000, 0x00000000d7480000, 0x0000000100000000)
  eden space 22016K, 0% used [0x00000000d5580000,0x00000000d5580000,0x00000000d6b00000)
  from space 2048K, 77% used [0x00000000d7280000,0x00000000d740c010,0x00000000d7480000)
  to   space 3584K, 0% used [0x00000000d6d80000,0x00000000d6d80000,0x00000000d7100000)
 ParOldGen       total 68608K, used 49797K [0x0000000080000000, 0x0000000084300000, 0x00000000d5580000)
  object space 68608K, 72% used [0x0000000080000000,0x00000000830a1598,0x0000000084300000)
 Metaspace       used 64125K, committed 65600K, reserved 1114112K
  class space    used 6800K, committed 7424K, reserved 1048576K
}
Event: 66.037 GC heap before
{Heap before GC invocations=40 (full 3):
 PSYoungGen      total 24064K, used 23600K [0x00000000d5580000, 0x00000000d7480000, 0x0000000100000000)
  eden space 22016K, 100% used [0x00000000d5580000,0x00000000d6b00000,0x00000000d6b00000)
  from space 2048K, 77% used [0x00000000d7280000,0x00000000d740c010,0x00000000d7480000)
  to   space 3584K, 0% used [0x00000000d6d80000,0x00000000d6d80000,0x00000000d7100000)
 ParOldGen       total 68608K, used 49797K [0x0000000080000000, 0x0000000084300000, 0x00000000d5580000)
  object space 68608K, 72% used [0x0000000080000000,0x00000000830a1598,0x0000000084300000)
 Metaspace       used 65237K, committed 66688K, reserved 1114112K
  class space    used 6895K, committed 7488K, reserved 1048576K
}
Event: 66.043 GC heap after
{Heap after GC invocations=40 (full 3):
 PSYoungGen      total 25600K, used 1520K [0x00000000d5580000, 0x00000000d7300000, 0x0000000100000000)
  eden space 22016K, 0% used [0x00000000d5580000,0x00000000d5580000,0x00000000d6b00000)
  from space 3584K, 42% used [0x00000000d6d80000,0x00000000d6efc010,0x00000000d7100000)
  to   space 2048K, 0% used [0x00000000d7100000,0x00000000d7100000,0x00000000d7300000)
 ParOldGen       total 68608K, used 50149K [0x0000000080000000, 0x0000000084300000, 0x00000000d5580000)
  object space 68608K, 73% used [0x0000000080000000,0x00000000830f9598,0x0000000084300000)
 Metaspace       used 65237K, committed 66688K, reserved 1114112K
  class space    used 6895K, committed 7488K, reserved 1048576K
}
Event: 67.692 GC heap before
{Heap before GC invocations=41 (full 3):
 PSYoungGen      total 25600K, used 23536K [0x00000000d5580000, 0x00000000d7300000, 0x0000000100000000)
  eden space 22016K, 100% used [0x00000000d5580000,0x00000000d6b00000,0x00000000d6b00000)
  from space 3584K, 42% used [0x00000000d6d80000,0x00000000d6efc010,0x00000000d7100000)
  to   space 2048K, 0% used [0x00000000d7100000,0x00000000d7100000,0x00000000d7300000)
 ParOldGen       total 68608K, used 50149K [0x0000000080000000, 0x0000000084300000, 0x00000000d5580000)
  object space 68608K, 73% used [0x0000000080000000,0x00000000830f9598,0x0000000084300000)
 Metaspace       used 66741K, committed 68160K, reserved 1114112K
  class space    used 7062K, committed 7616K, reserved 1048576K
}
Event: 67.698 GC heap after
{Heap after GC invocations=41 (full 3):
 PSYoungGen      total 23040K, used 608K [0x00000000d5580000, 0x00000000d7200000, 0x0000000100000000)
  eden space 22016K, 0% used [0x00000000d5580000,0x00000000d5580000,0x00000000d6b00000)
  from space 1024K, 59% used [0x00000000d7100000,0x00000000d7198000,0x00000000d7200000)
  to   space 1024K, 0% used [0x00000000d7000000,0x00000000d7000000,0x00000000d7100000)
 ParOldGen       total 68608K, used 51271K [0x0000000080000000, 0x0000000084300000, 0x00000000d5580000)
  object space 68608K, 74% used [0x0000000080000000,0x0000000083211da8,0x0000000084300000)
 Metaspace       used 66741K, committed 68160K, reserved 1114112K
  class space    used 7062K, committed 7616K, reserved 1048576K
}
Event: 73.524 GC heap before
{Heap before GC invocations=42 (full 3):
 PSYoungGen      total 23040K, used 22613K [0x00000000d5580000, 0x00000000d7200000, 0x0000000100000000)
  eden space 22016K, 99% used [0x00000000d5580000,0x00000000d6afd6b0,0x00000000d6b00000)
  from space 1024K, 59% used [0x00000000d7100000,0x00000000d7198000,0x00000000d7200000)
  to   space 1024K, 0% used [0x00000000d7000000,0x00000000d7000000,0x00000000d7100000)
 ParOldGen       total 68608K, used 51271K [0x0000000080000000, 0x0000000084300000, 0x00000000d5580000)
  object space 68608K, 74% used [0x0000000080000000,0x0000000083211da8,0x0000000084300000)
 Metaspace       used 67514K, committed 68928K, reserved 1114112K
  class space    used 7117K, committed 7680K, reserved 1048576K
}
Event: 73.537 GC heap after
{Heap after GC invocations=42 (full 3):
 PSYoungGen      total 23040K, used 528K [0x00000000d5580000, 0x00000000d7180000, 0x0000000100000000)
  eden space 22016K, 0% used [0x00000000d5580000,0x00000000d5580000,0x00000000d6b00000)
  from space 1024K, 51% used [0x00000000d7000000,0x00000000d7084030,0x00000000d7100000)
  to   space 512K, 0% used [0x00000000d7100000,0x00000000d7100000,0x00000000d7180000)
 ParOldGen       total 68608K, used 51669K [0x0000000080000000, 0x0000000084300000, 0x00000000d5580000)
  object space 68608K, 75% used [0x0000000080000000,0x00000000832756b0,0x0000000084300000)
 Metaspace       used 67514K, committed 68928K, reserved 1114112K
  class space    used 7117K, committed 7680K, reserved 1048576K
}

Dll operation events (20 events):
Event: 0.032 Attempting to load shared library c:\Users\admin\.vscode\extensions\redhat.java-1.56.0-win32-x64\jre\21.0.12.1-win32-x86_64\bin\java.dll
Event: 0.032 Loaded shared library c:\Users\admin\.vscode\extensions\redhat.java-1.56.0-win32-x64\jre\21.0.12.1-win32-x86_64\bin\java.dll
Event: 2.309 Attempting to load shared library c:\Users\admin\.vscode\extensions\redhat.java-1.56.0-win32-x64\jre\21.0.12.1-win32-x86_64\bin\zip.dll
Event: 2.312 Loaded shared library c:\Users\admin\.vscode\extensions\redhat.java-1.56.0-win32-x64\jre\21.0.12.1-win32-x86_64\bin\zip.dll
Event: 3.183 Attempting to load shared library C:\Users\admin\.vscode\extensions\redhat.java-1.56.0-win32-x64\jre\21.0.12.1-win32-x86_64\bin\instrument.dll
Event: 3.183 Loaded shared library C:\Users\admin\.vscode\extensions\redhat.java-1.56.0-win32-x64\jre\21.0.12.1-win32-x86_64\bin\instrument.dll
Event: 3.189 Attempting to load shared library C:\Users\admin\.vscode\extensions\redhat.java-1.56.0-win32-x64\jre\21.0.12.1-win32-x86_64\bin\net.dll
Event: 3.198 Loaded shared library C:\Users\admin\.vscode\extensions\redhat.java-1.56.0-win32-x64\jre\21.0.12.1-win32-x86_64\bin\net.dll
Event: 3.205 Attempting to load shared library C:\Users\admin\.vscode\extensions\redhat.java-1.56.0-win32-x64\jre\21.0.12.1-win32-x86_64\bin\nio.dll
Event: 3.209 Loaded shared library C:\Users\admin\.vscode\extensions\redhat.java-1.56.0-win32-x64\jre\21.0.12.1-win32-x86_64\bin\nio.dll
Event: 3.216 Attempting to load shared library C:\Users\admin\.vscode\extensions\redhat.java-1.56.0-win32-x64\jre\21.0.12.1-win32-x86_64\bin\zip.dll
Event: 3.216 Loaded shared library C:\Users\admin\.vscode\extensions\redhat.java-1.56.0-win32-x64\jre\21.0.12.1-win32-x86_64\bin\zip.dll
Event: 3.283 Attempting to load shared library C:\Users\admin\.vscode\extensions\redhat.java-1.56.0-win32-x64\jre\21.0.12.1-win32-x86_64\bin\jimage.dll
Event: 3.283 Loaded shared library C:\Users\admin\.vscode\extensions\redhat.java-1.56.0-win32-x64\jre\21.0.12.1-win32-x86_64\bin\jimage.dll
Event: 3.828 Attempting to load shared library c:\Users\admin\.vscode\extensions\redhat.java-1.56.0-win32-x64\jre\21.0.12.1-win32-x86_64\bin\verify.dll
Event: 3.834 Loaded shared library c:\Users\admin\.vscode\extensions\redhat.java-1.56.0-win32-x64\jre\21.0.12.1-win32-x86_64\bin\verify.dll
Event: 7.705 Attempting to load shared library C:\Users\admin\AppData\Roaming\Code\User\globalStorage\redhat.java\1.56.0\config_win\org.eclipse.equinox.launcher\org.eclipse.equinox.launcher.win32.win32.x86_64_1.3.100.v20260804-1928\eclipse_11924.dll
Event: 7.720 Loaded shared library C:\Users\admin\AppData\Roaming\Code\User\globalStorage\redhat.java\1.56.0\config_win\org.eclipse.equinox.launcher\org.eclipse.equinox.launcher.win32.win32.x86_64_1.3.100.v20260804-1928\eclipse_11924.dll
Event: 13.788 Attempting to load shared library C:\Users\admin\AppData\Local\Temp\jna-92668751\jna4155751317112572128.dll
Event: 14.661 Loaded shared library C:\Users\admin\AppData\Local\Temp\jna-92668751\jna4155751317112572128.dll

Deoptimization events (20 events):
Event: 73.432 Thread 0x00000215c1334410 Uncommon trap: trap_request=0xffffffc6 fr.pc=0x00000215ebe57ad0 relative=0x0000000000000c90
Event: 73.432 Thread 0x00000215c1334410 Uncommon trap: reason=bimorphic_or_optimized_type_check action=maybe_recompile pc=0x00000215ebe57ad0 method=java.util.Hashtable.putAll(Ljava/util/Map;)V @ 1 c2
Event: 73.432 Thread 0x00000215c1334410 DEOPT PACKING pc=0x00000215ebe57ad0 sp=0x000000c9ff4fe880
Event: 73.432 Thread 0x00000215c1334410 DEOPT UNPACKING pc=0x00000215eb2c3aa2 sp=0x000000c9ff4fe880 mode 2
Event: 73.432 Thread 0x00000215c1334410 Uncommon trap: trap_request=0xffffffc6 fr.pc=0x00000215ebe57ad0 relative=0x0000000000000c90
Event: 73.432 Thread 0x00000215c1334410 Uncommon trap: reason=bimorphic_or_optimized_type_check action=maybe_recompile pc=0x00000215ebe57ad0 method=java.util.Hashtable.putAll(Ljava/util/Map;)V @ 1 c2
Event: 73.432 Thread 0x00000215c1334410 DEOPT PACKING pc=0x00000215ebe57ad0 sp=0x000000c9ff4fe8f0
Event: 73.432 Thread 0x00000215c1334410 DEOPT UNPACKING pc=0x00000215eb2c3aa2 sp=0x000000c9ff4fe8f0 mode 2
Event: 73.432 Thread 0x00000215c1334410 Uncommon trap: trap_request=0xffffffc6 fr.pc=0x00000215ebe57ad0 relative=0x0000000000000c90
Event: 73.432 Thread 0x00000215c1334410 Uncommon trap: reason=bimorphic_or_optimized_type_check action=maybe_recompile pc=0x00000215ebe57ad0 method=java.util.Hashtable.putAll(Ljava/util/Map;)V @ 1 c2
Event: 73.432 Thread 0x00000215c1334410 DEOPT PACKING pc=0x00000215ebe57ad0 sp=0x000000c9ff4fe880
Event: 73.433 Thread 0x00000215c1334410 DEOPT UNPACKING pc=0x00000215eb2c3aa2 sp=0x000000c9ff4fe880 mode 2
Event: 73.454 Thread 0x00000215c1334410 DEOPT PACKING pc=0x00000215e4568571 sp=0x000000c9ff4fc300
Event: 73.454 Thread 0x00000215c1334410 DEOPT UNPACKING pc=0x00000215eb2c4242 sp=0x000000c9ff4fb8a8 mode 0
Event: 73.625 Thread 0x00000215c1331620 DEOPT PACKING pc=0x00000215e473a199 sp=0x000000c9ff5fe380
Event: 73.625 Thread 0x00000215c1331620 DEOPT UNPACKING pc=0x00000215eb2c4242 sp=0x000000c9ff5fd818 mode 0
Event: 74.367 Thread 0x00000215fd01ce50 DEOPT PACKING pc=0x00000215e53e1304 sp=0x000000c9febff000
Event: 74.367 Thread 0x00000215fd01ce50 DEOPT UNPACKING pc=0x00000215eb2c4242 sp=0x000000c9febfe4b8 mode 0
Event: 75.618 Thread 0x00000215c1331620 DEOPT PACKING pc=0x00000215e4a71fb9 sp=0x000000c9ff5fbb00
Event: 75.618 Thread 0x00000215c1331620 DEOPT UNPACKING pc=0x00000215eb2c4242 sp=0x000000c9ff5fb210 mode 0

Classes loaded (20 events):
Event: 38.590 Loading class java/util/stream/ReduceOps$4ReducingSink
Event: 38.591 Loading class java/util/stream/ReduceOps$4ReducingSink done
Event: 38.862 Loading class java/util/concurrent/ForkJoinTask$AdaptedCallable
Event: 38.863 Loading class java/util/concurrent/ForkJoinTask$AdaptedCallable done
Event: 41.697 Loading class javax/xml/transform/TransformerConfigurationException
Event: 41.698 Loading class javax/xml/transform/TransformerConfigurationException done
Event: 42.323 Loading class java/nio/file/Files$2
Event: 42.323 Loading class java/nio/file/Files$2 done
Event: 42.463 Loading class java/util/concurrent/ArrayBlockingQueue
Event: 42.464 Loading class java/util/concurrent/ArrayBlockingQueue done
Event: 42.567 Loading class java/util/concurrent/ConcurrentHashMap$KeySpliterator
Event: 42.568 Loading class java/util/concurrent/ConcurrentHashMap$KeySpliterator done
Event: 42.700 Loading class sun/nio/ch/ChannelOutputStream
Event: 42.701 Loading class sun/nio/ch/ChannelOutputStream done
Event: 44.209 Loading class java/util/ArrayDeque$DeqSpliterator
Event: 44.214 Loading class java/util/ArrayDeque$DeqSpliterator done
Event: 47.252 Loading class java/util/Hashtable$KeySet
Event: 47.252 Loading class java/util/Hashtable$KeySet done
Event: 73.563 Loading class jdk/internal/ref/CleanerImpl$InnocuousThreadFactory
Event: 73.566 Loading class jdk/internal/ref/CleanerImpl$InnocuousThreadFactory done

Classes unloaded (18 events):
Event: 17.805 Thread 0x00000215e0bfde60 Unloading class 0x00000215811a4000 'java/lang/invoke/LambdaForm$MH+0x00000215811a4000'
Event: 17.805 Thread 0x00000215e0bfde60 Unloading class 0x00000215811a3c00 'java/lang/invoke/LambdaForm$MH+0x00000215811a3c00'
Event: 17.805 Thread 0x00000215e0bfde60 Unloading class 0x00000215811a3800 'java/lang/invoke/LambdaForm$MH+0x00000215811a3800'
Event: 17.805 Thread 0x00000215e0bfde60 Unloading class 0x00000215811a3400 'java/lang/invoke/LambdaForm$MH+0x00000215811a3400'
Event: 17.805 Thread 0x00000215e0bfde60 Unloading class 0x00000215811a3000 'java/lang/invoke/LambdaForm$BMH+0x00000215811a3000'
Event: 17.805 Thread 0x00000215e0bfde60 Unloading class 0x00000215811a2c00 'java/lang/invoke/LambdaForm$DMH+0x00000215811a2c00'
Event: 17.805 Thread 0x00000215e0bfde60 Unloading class 0x00000215811a1800 'java/lang/invoke/LambdaForm$DMH+0x00000215811a1800'
Event: 39.217 Thread 0x00000215e0bfde60 Unloading class 0x00000215816ab800 'java/lang/invoke/LambdaForm$MH+0x00000215816ab800'
Event: 39.217 Thread 0x00000215e0bfde60 Unloading class 0x00000215816ab000 'java/lang/invoke/LambdaForm$MH+0x00000215816ab000'
Event: 39.217 Thread 0x00000215e0bfde60 Unloading class 0x00000215816aa800 'java/lang/invoke/LambdaForm$MH+0x00000215816aa800'
Event: 39.217 Thread 0x00000215e0bfde60 Unloading class 0x00000215816aa000 'java/lang/invoke/LambdaForm$MH+0x00000215816aa000'
Event: 39.217 Thread 0x00000215e0bfde60 Unloading class 0x00000215816a9800 'java/lang/invoke/LambdaForm$MH+0x00000215816a9800'
Event: 39.217 Thread 0x00000215e0bfde60 Unloading class 0x00000215816a9000 'java/lang/invoke/LambdaForm$MH+0x00000215816a9000'
Event: 39.217 Thread 0x00000215e0bfde60 Unloading class 0x00000215816a8800 'java/lang/invoke/LambdaForm$MH+0x00000215816a8800'
Event: 39.217 Thread 0x00000215e0bfde60 Unloading class 0x00000215816a8000 'java/lang/invoke/LambdaForm$MH+0x00000215816a8000'
Event: 39.217 Thread 0x00000215e0bfde60 Unloading class 0x0000021581608400 'java/lang/invoke/LambdaForm$MH+0x0000021581608400'
Event: 39.217 Thread 0x00000215e0bfde60 Unloading class 0x0000021581600c00 'java/lang/invoke/LambdaForm$MH+0x0000021581600c00'
Event: 39.217 Thread 0x00000215e0bfde60 Unloading class 0x0000021581600800 'java/lang/invoke/LambdaForm$MH+0x0000021581600800'

Classes redefined (0 events):
No events

Internal exceptions (20 events):
Event: 55.020 Thread 0x00000215c1331620 Exception <a 'sun/nio/fs/WindowsException'{0x00000000d55fb4f0}> (0x00000000d55fb4f0) 
thrown [s\src\hotspot\share\prims\jni.cpp, line 520]
Event: 55.020 Thread 0x00000215c1331620 Exception <a 'sun/nio/fs/WindowsException'{0x00000000d55fc628}> (0x00000000d55fc628) 
thrown [s\src\hotspot\share\prims\jni.cpp, line 520]
Event: 55.021 Thread 0x00000215c1331620 Exception <a 'sun/nio/fs/WindowsException'{0x00000000d55fcd40}> (0x00000000d55fcd40) 
thrown [s\src\hotspot\share\prims\jni.cpp, line 520]
Event: 56.588 Thread 0x00000215c1331620 Exception <a 'java/lang/ArrayIndexOutOfBoundsException'{0x00000000d5683998}> (0x00000000d5683998) 
thrown [s\src\hotspot\share\runtime\sharedRuntime.cpp, line 625]
Event: 61.316 Thread 0x00000215c1331620 Exception <a 'java/lang/ArrayIndexOutOfBoundsException'{0x00000000d59b2780}: Index 26 out of bounds for length 26> (0x00000000d59b2780) 
thrown [s\src\hotspot\share\interpreter\interpreterRuntime.cpp, line 439]
Event: 62.821 Thread 0x00000215c1333d80 Exception <a 'java/lang/ArrayIndexOutOfBoundsException'{0x00000000d5da1f40}: Index 41 out of bounds for length 41> (0x00000000d5da1f40) 
thrown [s\src\hotspot\share\interpreter\interpreterRuntime.cpp, line 439]
Event: 62.823 Thread 0x00000215c1333d80 Exception <a 'java/lang/ArrayIndexOutOfBoundsException'{0x00000000d5da29b8}: Index 41 out of bounds for length 41> (0x00000000d5da29b8) 
thrown [s\src\hotspot\share\interpreter\interpreterRuntime.cpp, line 439]
Event: 62.826 Thread 0x00000215c1333d80 Exception <a 'java/lang/ArrayIndexOutOfBoundsException'{0x00000000d5da2f08}: Index 41 out of bounds for length 41> (0x00000000d5da2f08) 
thrown [s\src\hotspot\share\interpreter\interpreterRuntime.cpp, line 439]
Event: 63.053 Thread 0x00000215c1334410 Exception <a 'java/lang/ArrayIndexOutOfBoundsException'{0x00000000d600f190}: Index 41 out of bounds for length 41> (0x00000000d600f190) 
thrown [s\src\hotspot\share\interpreter\interpreterRuntime.cpp, line 439]
Event: 66.703 Thread 0x00000215c1333d80 Exception <a 'java/lang/ArrayIndexOutOfBoundsException'{0x00000000d65e17d8}: Index 46 out of bounds for length 46> (0x00000000d65e17d8) 
thrown [s\src\hotspot\share\interpreter\interpreterRuntime.cpp, line 439]
Event: 66.704 Thread 0x00000215c1333d80 Exception <a 'java/lang/ArrayIndexOutOfBoundsException'{0x00000000d65e1f40}: Index 46 out of bounds for length 46> (0x00000000d65e1f40) 
thrown [s\src\hotspot\share\interpreter\interpreterRuntime.cpp, line 439]
Event: 66.704 Thread 0x00000215c1333d80 Exception <a 'java/lang/ArrayIndexOutOfBoundsException'{0x00000000d65e2400}: Index 46 out of bounds for length 46> (0x00000000d65e2400) 
thrown [s\src\hotspot\share\interpreter\interpreterRuntime.cpp, line 439]
Event: 67.701 Thread 0x00000215c1333d80 Exception <a 'java/lang/ArrayIndexOutOfBoundsException'{0x00000000d55b2af0}: Index 47 out of bounds for length 47> (0x00000000d55b2af0) 
thrown [s\src\hotspot\share\interpreter\interpreterRuntime.cpp, line 439]
Event: 67.701 Thread 0x00000215c1333d80 Exception <a 'java/lang/ArrayIndexOutOfBoundsException'{0x00000000d55b3260}: Index 47 out of bounds for length 47> (0x00000000d55b3260) 
thrown [s\src\hotspot\share\interpreter\interpreterRuntime.cpp, line 439]
Event: 67.701 Thread 0x00000215c1333d80 Exception <a 'java/lang/ArrayIndexOutOfBoundsException'{0x00000000d55b3720}: Index 47 out of bounds for length 47> (0x00000000d55b3720) 
thrown [s\src\hotspot\share\interpreter\interpreterRuntime.cpp, line 439]
Event: 69.303 Thread 0x00000215c1333d80 Exception <a 'java/lang/ArrayIndexOutOfBoundsException'{0x00000000d5920238}: Index 49 out of bounds for length 49> (0x00000000d5920238) 
thrown [s\src\hotspot\share\interpreter\interpreterRuntime.cpp, line 439]
Event: 69.303 Thread 0x00000215c1333d80 Exception <a 'java/lang/ArrayIndexOutOfBoundsException'{0x00000000d59209a8}: Index 49 out of bounds for length 49> (0x00000000d59209a8) 
thrown [s\src\hotspot\share\interpreter\interpreterRuntime.cpp, line 439]
Event: 69.303 Thread 0x00000215c1333d80 Exception <a 'java/lang/ArrayIndexOutOfBoundsException'{0x00000000d5920e68}: Index 49 out of bounds for length 49> (0x00000000d5920e68) 
thrown [s\src\hotspot\share\interpreter\interpreterRuntime.cpp, line 439]
Event: 72.674 Thread 0x00000215c1333d80 Exception <a 'java/lang/NoSuchMethodError'{0x00000000d60940f0}: 'java.lang.Object java.lang.invoke.DirectMethodHandle$Holder.invokeStatic(java.lang.Object, int, int, java.lang.Object)'> (0x00000000d60940f0) 
thrown [s\src\hotspot\share\interpreter\linkResolver.cpp, line 773]
Event: 75.611 Thread 0x00000215c1333d80 Exception <a 'java/lang/IncompatibleClassChangeError'{0x00000000d55dd2a0}: Found class java.lang.Object, but interface was expected> (0x00000000d55dd2a0) 
thrown [s\src\hotspot\share\interpreter\linkResolver.cpp, line 840]

ZGC Phase Switch (0 events):
No events

VM Operations (20 events):
Event: 72.838 Executing non-safepoint VM operation: HandshakeAllThreads (Deoptimize)
Event: 72.838 Executing non-safepoint VM operation: HandshakeAllThreads (Deoptimize) done
Event: 72.838 Executing safepoint VM operation: Cleanup
Event: 72.839 Executing safepoint VM operation: Cleanup done
Event: 73.524 Executing safepoint VM operation: ParallelGCFailedAllocation (Allocation Failure)
Event: 73.537 Executing safepoint VM operation: ParallelGCFailedAllocation (Allocation Failure) done
Event: 75.543 Executing safepoint VM operation: Cleanup
Event: 75.543 Executing safepoint VM operation: Cleanup done
Event: 75.638 Executing non-safepoint VM operation: HandshakeAllThreads (Deoptimize)
Event: 75.638 Executing non-safepoint VM operation: HandshakeAllThreads (Deoptimize) done
Event: 75.643 Executing non-safepoint VM operation: HandshakeAllThreads (Deoptimize)
Event: 75.643 Executing non-safepoint VM operation: HandshakeAllThreads (Deoptimize) done
Event: 75.650 Executing non-safepoint VM operation: HandshakeAllThreads (Deoptimize)
Event: 75.650 Executing non-safepoint VM operation: HandshakeAllThreads (Deoptimize) done
Event: 75.661 Executing non-safepoint VM operation: HandshakeAllThreads (Deoptimize)
Event: 75.661 Executing non-safepoint VM operation: HandshakeAllThreads (Deoptimize) done
Event: 76.675 Executing safepoint VM operation: Cleanup
Event: 76.675 Executing safepoint VM operation: Cleanup done
Event: 77.680 Executing safepoint VM operation: Cleanup
Event: 77.680 Executing safepoint VM operation: Cleanup done

Memory protections (0 events):
No events

Nmethod flushes (20 events):
Event: 39.267 Thread 0x00000215e0bfde60 flushing  nmethod 0x00000215e4638c10
Event: 39.267 Thread 0x00000215e0bfde60 flushing  nmethod 0x00000215e4646c90
Event: 39.267 Thread 0x00000215e0bfde60 flushing  nmethod 0x00000215e4647c90
Event: 39.267 Thread 0x00000215e0bfde60 flushing  nmethod 0x00000215e4648110
Event: 39.267 Thread 0x00000215e0bfde60 flushing  nmethod 0x00000215e4648c10
Event: 39.267 Thread 0x00000215e0bfde60 flushing  nmethod 0x00000215e4649190
Event: 39.267 Thread 0x00000215e0bfde60 flushing  nmethod 0x00000215e4649790
Event: 39.267 Thread 0x00000215e0bfde60 flushing  nmethod 0x00000215e464a690
Event: 39.267 Thread 0x00000215e0bfde60 flushing  nmethod 0x00000215e464af10
Event: 39.267 Thread 0x00000215e0bfde60 flushing  nmethod 0x00000215e464b990
Event: 39.267 Thread 0x00000215e0bfde60 flushing  nmethod 0x00000215e464be90
Event: 39.267 Thread 0x00000215e0bfde60 flushing  nmethod 0x00000215e464ce10
Event: 39.267 Thread 0x00000215e0bfde60 flushing  nmethod 0x00000215e464db90
Event: 39.267 Thread 0x00000215e0bfde60 flushing  nmethod 0x00000215e4657d90
Event: 39.267 Thread 0x00000215e0bfde60 flushing  nmethod 0x00000215e465ed90
Event: 39.267 Thread 0x00000215e0bfde60 flushing  nmethod 0x00000215e4662690
Event: 39.267 Thread 0x00000215e0bfde60 flushing  nmethod 0x00000215e466b410
Event: 39.267 Thread 0x00000215e0bfde60 flushing  nmethod 0x00000215e466b910
Event: 39.267 Thread 0x00000215e0bfde60 flushing  nmethod 0x00000215e466be90
Event: 39.267 Thread 0x00000215e0bfde60 flushing  nmethod 0x00000215e467f710

Events (20 events):
Event: 19.152 Thread 0x00000215fd01c130 Thread added: 0x00000215fd01ce50
Event: 20.900 Thread 0x00000215f88e4fd0 Thread added: 0x00000215fd01ad80
Event: 21.825 Thread 0x00000215fd01c130 Thread added: 0x00000215fd01b410
Event: 22.290 Thread 0x00000215fd01b410 Thread added: 0x00000215fd01baa0
Event: 22.612 Thread 0x00000215e0b3cd70 Thread added: 0x00000215c1332340
Event: 23.841 Thread 0x00000215e0b3cd70 Thread added: 0x00000215c13336f0
Event: 23.841 Thread 0x00000215e0b3cd70 Thread added: 0x00000215c1333d80
Event: 26.535 Thread 0x00000215fd01b410 Thread added: 0x00000215c1334410
Event: 33.771 Thread 0x00000215c1334410 Thread exited: 0x00000215c1334410
Event: 35.468 Thread 0x00000215c1333d80 Thread added: 0x00000215c1334410
Event: 35.640 Thread 0x00000215c1334410 Thread added: 0x00000215c1331620
Event: 35.669 Thread 0x00000215c1331620 Thread added: 0x00000215c1333060
Event: 38.864 Thread 0x00000215c1333d80 Thread added: 0x00000215c1335130
Event: 41.974 Thread 0x00000215fd01d4e0 Thread added: 0x00000215c1331cb0
Event: 41.974 Thread 0x00000215fd01d4e0 Thread added: 0x00000215c1335e50
Event: 42.465 Thread 0x00000215fd01d4e0 Thread added: 0x00000215c13385b0
Event: 42.573 Thread 0x00000215fd01d4e0 Thread added: 0x00000215c1337f20
Event: 42.704 Thread 0x00000215fd01d4e0 Thread added: 0x00000215c1336b70
Event: 46.887 Thread 0x00000215c1335130 Thread added: 0x00000215c1337890
Event: 73.569 Thread 0x00000215c1334410 Thread added: 0x00000215c18c9fc0


Dynamic libraries:
0x00007ff7a77d0000 - 0x00007ff7a77de000 	c:\Users\admin\.vscode\extensions\redhat.java-1.56.0-win32-x64\jre\21.0.12.1-win32-x86_64\bin\java.exe
0x00007ffdcdf20000 - 0x00007ffdce187000 	C:\WINDOWS\SYSTEM32\ntdll.dll
0x00007ffdccf10000 - 0x00007ffdccfda000 	C:\WINDOWS\System32\KERNEL32.DLL
0x00007ffdcb420000 - 0x00007ffdcb822000 	C:\WINDOWS\System32\KERNELBASE.dll
0x00007ffdcb960000 - 0x00007ffdcbaac000 	C:\WINDOWS\System32\ucrtbase.dll
0x00007ffdc5f00000 - 0x00007ffdc5f18000 	c:\Users\admin\.vscode\extensions\redhat.java-1.56.0-win32-x64\jre\21.0.12.1-win32-x86_64\bin\jli.dll
0x00007ffdcdca0000 - 0x00007ffdcde6f000 	C:\WINDOWS\System32\USER32.dll
0x00007ffdcb280000 - 0x00007ffdcb2a7000 	C:\WINDOWS\System32\win32u.dll
0x00007ffdcc4a0000 - 0x00007ffdcc4cb000 	C:\WINDOWS\System32\GDI32.dll
0x00007ffdcb830000 - 0x00007ffdcb959000 	C:\WINDOWS\System32\gdi32full.dll
0x00007ffdcb370000 - 0x00007ffdcb413000 	C:\WINDOWS\System32\msvcp_win.dll
0x00007ffdb5d40000 - 0x00007ffdb5d5e000 	c:\Users\admin\.vscode\extensions\redhat.java-1.56.0-win32-x64\jre\21.0.12.1-win32-x86_64\bin\VCRUNTIME140.dll
0x00007ffdba860000 - 0x00007ffdbaaf0000 	C:\WINDOWS\WinSxS\amd64_microsoft.windows.common-controls_6595b64144ccf1df_6.0.26100.9278_none_3e0d1ba8e3303201\COMCTL32.dll
0x00007ffdcdae0000 - 0x00007ffdcdb89000 	C:\WINDOWS\System32\msvcrt.dll
0x00007ffdcce50000 - 0x00007ffdcce81000 	C:\WINDOWS\System32\IMM32.DLL
0x00007ffdc5ef0000 - 0x00007ffdc5efc000 	c:\Users\admin\.vscode\extensions\redhat.java-1.56.0-win32-x64\jre\21.0.12.1-win32-x86_64\bin\vcruntime140_1.dll
0x00007ffd55e90000 - 0x00007ffd55f1d000 	c:\Users\admin\.vscode\extensions\redhat.java-1.56.0-win32-x64\jre\21.0.12.1-win32-x86_64\bin\msvcp140.dll
0x00007ffd09d20000 - 0x00007ffd0aac2000 	c:\Users\admin\.vscode\extensions\redhat.java-1.56.0-win32-x64\jre\21.0.12.1-win32-x86_64\bin\server\jvm.dll
0x00007ffdcd1d0000 - 0x00007ffdcd28c000 	C:\WINDOWS\System32\ADVAPI32.dll
0x00007ffdcd2a0000 - 0x00007ffdcd349000 	C:\WINDOWS\System32\sechost.dll
0x00007ffdcc640000 - 0x00007ffdcc758000 	C:\WINDOWS\System32\RPCRT4.dll
0x00007ffdccfe0000 - 0x00007ffdcd060000 	C:\WINDOWS\System32\WS2_32.dll
0x00007ffdcaf90000 - 0x00007ffdcafee000 	C:\WINDOWS\SYSTEM32\POWRPROF.dll
0x00007ffdc1940000 - 0x00007ffdc1976000 	C:\WINDOWS\SYSTEM32\WINMM.dll
0x00007ffdc3820000 - 0x00007ffdc382b000 	C:\WINDOWS\SYSTEM32\VERSION.dll
0x00007ffdcaf70000 - 0x00007ffdcaf85000 	C:\WINDOWS\SYSTEM32\UMPDC.dll
0x00007ffdc9e00000 - 0x00007ffdc9e1b000 	C:\WINDOWS\SYSTEM32\kernel.appcore.dll
0x00007ffdc5ed0000 - 0x00007ffdc5eda000 	c:\Users\admin\.vscode\extensions\redhat.java-1.56.0-win32-x64\jre\21.0.12.1-win32-x86_64\bin\jimage.dll
0x00007ffdbab10000 - 0x00007ffdbad52000 	C:\WINDOWS\SYSTEM32\DBGHELP.DLL
0x00007ffdcd3b0000 - 0x00007ffdcd734000 	C:\WINDOWS\System32\combase.dll
0x00007ffdcdbc0000 - 0x00007ffdcdc99000 	C:\WINDOWS\System32\OLEAUT32.dll
0x00007ffdb8030000 - 0x00007ffdb806b000 	C:\WINDOWS\SYSTEM32\dbgcore.DLL
0x00007ffdcb2b0000 - 0x00007ffdcb35c000 	C:\WINDOWS\System32\bcryptPrimitives.dll
0x00007ffdc5e50000 - 0x00007ffdc5e5f000 	c:\Users\admin\.vscode\extensions\redhat.java-1.56.0-win32-x64\jre\21.0.12.1-win32-x86_64\bin\instrument.dll
0x00007ffdb5d20000 - 0x00007ffdb5d40000 	c:\Users\admin\.vscode\extensions\redhat.java-1.56.0-win32-x64\jre\21.0.12.1-win32-x86_64\bin\java.dll
0x00007ffdcbd00000 - 0x00007ffdcc498000 	C:\WINDOWS\System32\SHELL32.dll
0x00007ffdc8bd0000 - 0x00007ffdc947e000 	C:\WINDOWS\SYSTEM32\windows.storage.dll
0x00007ffdccc00000 - 0x00007ffdcccfb000 	C:\WINDOWS\System32\SHCORE.dll
0x00007ffdcc4d0000 - 0x00007ffdcc536000 	C:\WINDOWS\System32\shlwapi.dll
0x00007ffdcb050000 - 0x00007ffdcb079000 	C:\WINDOWS\SYSTEM32\profapi.dll
0x00007ffdae170000 - 0x00007ffdae188000 	c:\Users\admin\.vscode\extensions\redhat.java-1.56.0-win32-x64\jre\21.0.12.1-win32-x86_64\bin\zip.dll
0x00007ffdc5e10000 - 0x00007ffdc5e20000 	C:\Users\admin\.vscode\extensions\redhat.java-1.56.0-win32-x64\jre\21.0.12.1-win32-x86_64\bin\net.dll
0x00007ffdc24f0000 - 0x00007ffdc261a000 	C:\WINDOWS\SYSTEM32\WINHTTP.dll
0x00007ffdca3c0000 - 0x00007ffdca42c000 	C:\WINDOWS\system32\mswsock.dll
0x00007ffdae150000 - 0x00007ffdae166000 	C:\Users\admin\.vscode\extensions\redhat.java-1.56.0-win32-x64\jre\21.0.12.1-win32-x86_64\bin\nio.dll
0x00007ffdb6ff0000 - 0x00007ffdb7000000 	c:\Users\admin\.vscode\extensions\redhat.java-1.56.0-win32-x64\jre\21.0.12.1-win32-x86_64\bin\verify.dll
0x00007ffd55df0000 - 0x00007ffd55e35000 	C:\Users\admin\AppData\Roaming\Code\User\globalStorage\redhat.java\1.56.0\config_win\org.eclipse.equinox.launcher\org.eclipse.equinox.launcher.win32.win32.x86_64_1.3.100.v20260804-1928\eclipse_11924.dll
0x00007ffdcd920000 - 0x00007ffdcdab9000 	C:\WINDOWS\System32\ole32.dll
0x00007ffdca6d0000 - 0x00007ffdca6eb000 	C:\WINDOWS\SYSTEM32\CRYPTSP.dll
0x00007ffdc9d60000 - 0x00007ffdc9d99000 	C:\WINDOWS\system32\rsaenh.dll
0x00007ffdca470000 - 0x00007ffdca4a4000 	C:\WINDOWS\SYSTEM32\USERENV.dll
0x00007ffdcb020000 - 0x00007ffdcb04a000 	C:\WINDOWS\SYSTEM32\bcrypt.dll
0x00007ffdca6b0000 - 0x00007ffdca6bc000 	C:\WINDOWS\SYSTEM32\CRYPTBASE.dll
0x00007ffdc97d0000 - 0x00007ffdc9803000 	C:\WINDOWS\SYSTEM32\IPHLPAPI.DLL
0x00007ffdccbf0000 - 0x00007ffdccbfa000 	C:\WINDOWS\System32\NSI.dll
0x00007ffd44ca0000 - 0x00007ffd44ce9000 	C:\Users\admin\AppData\Local\Temp\jna-92668751\jna4155751317112572128.dll
0x00007ffdcded0000 - 0x00007ffdcded8000 	C:\WINDOWS\System32\PSAPI.DLL
0x00007ffdc27a0000 - 0x00007ffdc27bd000 	C:\WINDOWS\SYSTEM32\dhcpcsvc6.DLL
0x00007ffdc2770000 - 0x00007ffdc2795000 	C:\WINDOWS\SYSTEM32\dhcpcsvc.DLL
0x00007ffdc9f30000 - 0x00007ffdc9f66000 	C:\WINDOWS\SYSTEM32\ntmarta.dll

JVMTI agents:
c:\Users\admin\.vscode\extensions\redhat.java-1.56.0-win32-x64\lombok\lombok-1.18.39-4050.jar path:c:\Users\admin\.vscode\extensions\redhat.java-1.56.0-win32-x64\jre\21.0.12.1-win32-x86_64\bin\instrument.dll, loaded, initialized, instrumentlib options:none

dbghelp: loaded successfully - version: 4.0.5 - missing functions: none
symbol engine: initialized successfully - sym options: 0x614 - pdb path: .;c:\Users\admin\.vscode\extensions\redhat.java-1.56.0-win32-x64\jre\21.0.12.1-win32-x86_64\bin;C:\WINDOWS\SYSTEM32;C:\WINDOWS\WinSxS\amd64_microsoft.windows.common-controls_6595b64144ccf1df_6.0.26100.9278_none_3e0d1ba8e3303201;c:\Users\admin\.vscode\extensions\redhat.java-1.56.0-win32-x64\jre\21.0.12.1-win32-x86_64\bin\server;C:\Users\admin\AppData\Roaming\Code\User\globalStorage\redhat.java\1.56.0\config_win\org.eclipse.equinox.launcher\org.eclipse.equinox.launcher.win32.win32.x86_64_1.3.100.v20260804-1928;C:\Users\admin\AppData\Local\Temp\jna-92668751

VM Arguments:
jvm_args: --add-modules=ALL-SYSTEM --add-opens=java.base/java.util=ALL-UNNAMED --add-opens=java.base/java.lang=ALL-UNNAMED --add-opens=java.base/sun.nio.fs=ALL-UNNAMED -Declipse.application=org.eclipse.jdt.ls.core.id1 -Dosgi.bundles.defaultStartLevel=4 -Declipse.product=org.eclipse.jdt.ls.core.product -Djava.import.generatesMetadataFilesAtProjectRoot=false -Dm2e.project.cache.size=50 -DDetectVMInstallationsJob.disabled=true -Dfile.encoding=utf8 -XX:+UseParallelGC -XX:GCTimeRatio=4 -XX:AdaptiveSizePolicyWeight=90 -Dsun.zip.disableMemoryMapping=true -Xmx2G -Xms100m -Xlog:disable -javaagent:c:\Users\admin\.vscode\extensions\redhat.java-1.56.0-win32-x64\lombok\lombok-1.18.39-4050.jar -XX:+HeapDumpOnOutOfMemoryError -XX:HeapDumpPath=c:\Users\admin\AppData\Roaming\Code\User\workspaceStorage\05061040026b19977ea05106b8f7e486\redhat.java -Daether.dependencyCollector.impl=bf 
java_command: c:\Users\admin\.vscode\extensions\redhat.java-1.56.0-win32-x64\server\plugins\org.eclipse.equinox.launcher_1.8.0.v20260804-1928.jar -configuration c:\Users\admin\AppData\Roaming\Code\User\globalStorage\redhat.java\1.56.0\config_win -data c:\Users\admin\AppData\Roaming\Code\User\workspaceStorage\05061040026b19977ea05106b8f7e486\redhat.java\jdt_ws --stdio
java_class_path (initial): c:\Users\admin\.vscode\extensions\redhat.java-1.56.0-win32-x64\server\plugins\org.eclipse.equinox.launcher_1.8.0.v20260804-1928.jar
Launcher Type: SUN_STANDARD

[Global flags]
    uintx AdaptiveSizePolicyWeight                 = 90                                        {product} {command line}
     intx CICompilerCount                          = 3                                         {product} {ergonomic}
    uintx GCTimeRatio                              = 4                                         {product} {command line}
     bool HeapDumpOnOutOfMemoryError               = true                                   {manageable} {command line}
    ccstr HeapDumpPath                             = c:\Users\admin\AppData\Roaming\Code\User\workspaceStorage\05061040026b19977ea05106b8f7e486\redhat.java         {manageable} {command line}
   size_t InitialHeapSize                          = 104857600                                 {product} {command line}
   size_t MaxHeapSize                              = 2147483648                                {product} {command line}
   size_t MaxNewSize                               = 715653120                                 {product} {ergonomic}
   size_t MinHeapDeltaBytes                        = 524288                                    {product} {ergonomic}
   size_t MinHeapSize                              = 104857600                                 {product} {command line}
   size_t NewSize                                  = 34603008                                  {product} {ergonomic}
    uintx NonNMethodCodeHeapSize                   = 5832780                                {pd product} {ergonomic}
    uintx NonProfiledCodeHeapSize                  = 122912730                              {pd product} {ergonomic}
   size_t OldSize                                  = 70254592                                  {product} {ergonomic}
    uintx ProfiledCodeHeapSize                     = 122912730                              {pd product} {ergonomic}
    uintx ReservedCodeCacheSize                    = 251658240                              {pd product} {ergonomic}
     bool SegmentedCodeCache                       = true                                      {product} {ergonomic}
   size_t SoftMaxHeapSize                          = 2147483648                             {manageable} {ergonomic}
     bool UseCompressedOops                        = true                           {product lp64_product} {ergonomic}
     bool UseLargePagesIndividualAllocation        = false                                  {pd product} {ergonomic}
     bool UseParallelGC                            = true                                      {product} {command line}

Logging:
Log output configuration:
 #0: stdout all=off uptime,level,tags foldmultilines=false
 #1: stderr all=off uptime,level,tags foldmultilines=false

Release file:
JAVA_VERSION="21.0.12.1" 
MODULES="java.base java.compiler java.datatransfer java.xml java.prefs java.desktop java.instrument java.logging java.management java.security.sasl java.naming java.rmi java.management.rmi java.net.http java.scripting java.security.jgss java.transaction.xa java.sql java.sql.rowset java.xml.crypto java.se java.smartcardio jdk.accessibility jdk.internal.jvmstat jdk.attach jdk.charsets jdk.internal.opt jdk.zipfs jdk.compiler jdk.crypto.ec jdk.crypto.cryptoki jdk.crypto.mscapi jdk.dynalink jdk.internal.ed jdk.editpad jdk.hotspot.agent jdk.httpserver jdk.internal.le jdk.internal.vm.ci jdk.internal.vm.compiler jdk.internal.vm.compiler.management jdk.jartool jdk.javadoc jdk.jcmd jdk.management jdk.management.agent jdk.jconsole jdk.jdeps jdk.jdwp.agent jdk.jdi jdk.jfr jdk.jshell jdk.jsobject jdk.jstatd jdk.localedata jdk.management.jfr jdk.naming.dns jdk.naming.rmi jdk.net jdk.nio.mapmode jdk.random jdk.sctp jdk.security.auth jdk.security.jgss jdk.unsupported jdk.unsupported.desktop jdk.xml.dom" 

Environment Variables:
PATH=C:\Program Files\Eclipse Adoptium\jdk-25.0.0.36-hotspot\bin;C:\WINDOWS\system32;C:\WINDOWS;C:\WINDOWS\System32\Wbem;C:\WINDOWS\System32\WindowsPowerShell\v1.0\;C:\WINDOWS\System32\OpenSSH\;C:\Program Files\nodejs\;C:\Program Files\Git\cmd;C:\Users\admin\AppData\Local\Programs\Python\Launcher\;C:\Users\admin\AppData\Local\Microsoft\WindowsApps;C:\Users\admin\AppData\Local\Programs\Microsoft VS Code\bin;C:\Users\admin\AppData\Roaming\npm;
USERNAME=admin
OS=Windows_NT
PROCESSOR_IDENTIFIER=AMD64 Family 23 Model 24 Stepping 1, AuthenticAMD
TMP=C:\Users\admin\AppData\Local\Temp
TEMP=C:\Users\admin\AppData\Local\Temp




Periodic native trim disabled

---------------  S Y S T E M  ---------------

OS:
 Windows 11 , 64 bit Build 26100 (10.0.26100.9278)
OS uptime: 0 days 3:39 hours

CPU: total 4 (initial active 4) (4 cores per cpu, 2 threads per core) family 23 model 24 stepping 1 microcode 0x8108102, cx8, cmov, fxsr, ht, mmx, 3dnowpref, sse, sse2, sse3, ssse3, sse4a, sse4.1, sse4.2, popcnt, lzcnt, tsc, tscinvbit, avx, avx2, aes, clmul, bmi1, bmi2, adx, sha, fma, vzeroupper, clflush, clflushopt, rdtscp, f16c
Processor Information for the first 4 processors :
  Max Mhz: 2600, Current Mhz: 2600, Mhz Limit: 2600

Memory: 4k page, system-wide physical 3522M (63M free)
TotalPageFile size 14274M (AvailPageFile size 2M)
current process WorkingSet (physical memory assigned to process): 166M, peak: 220M
current process commit charge ("private bytes"): 363M, peak: 377M

vm_info: OpenJDK 64-Bit Server VM (21.0.12.1+1-LTS) for windows-amd64 JRE (21.0.12.1+1-LTS), built on 2026-08-18T00:00:00Z by "admin" with MS VC++ 17.12 (VS2022)

END.
