#
# There is insufficient memory for the Java Runtime Environment to continue.
# Native memory allocation (mmap) failed to map 65536 bytes. Error detail: Failed to commit metaspace.
# Possible reasons:
#   The system is out of physical RAM or swap space
#   This process is running with CompressedOops enabled, and the Java Heap may be blocking the growth of the native heap
# Possible solutions:
#   Reduce memory load on the system
#   Increase physical memory or swap space
#   Check if swap backing store is full
#   Decrease Java heap size (-Xmx/-Xms)
#   Decrease number of Java threads
#   Decrease Java thread stack sizes (-Xss)
#   Set larger code cache with -XX:ReservedCodeCacheSize=
#   JVM is running with Unscaled Compressed Oops mode in which the Java heap is
#     placed in the first 4GB address space. The Java Heap base address is the
#     maximum limit for the native heap growth. Please use -XX:HeapBaseMinAddress
#     to set the Java Heap base and to place the Java Heap above 4GB virtual address.
# This output file may be truncated or incomplete.
#
#  Out of Memory Error (virtualSpaceNode.cpp:113), pid=1448, tid=16532
#
# JRE version: OpenJDK Runtime Environment Temurin-21.0.12.1+1 (21.0.12.1+1) (build 21.0.12.1+1-LTS)
# Java VM: OpenJDK 64-Bit Server VM Temurin-21.0.12.1+1 (21.0.12.1+1-LTS, mixed mode, sharing, tiered, compressed oops, compressed class ptrs, parallel gc, windows-amd64)
# No core dump will be written. Minidumps are not enabled by default on client versions of Windows
#

---------------  S U M M A R Y ------------

Command Line: --add-modules=ALL-SYSTEM --add-opens=java.base/java.util=ALL-UNNAMED --add-opens=java.base/java.lang=ALL-UNNAMED --add-opens=java.base/sun.nio.fs=ALL-UNNAMED -Declipse.application=org.eclipse.jdt.ls.core.id1 -Dosgi.bundles.defaultStartLevel=4 -Declipse.product=org.eclipse.jdt.ls.core.product -Djava.import.generatesMetadataFilesAtProjectRoot=false -Dm2e.project.cache.size=50 -DDetectVMInstallationsJob.disabled=true -Dfile.encoding=utf8 -XX:+UseParallelGC -XX:GCTimeRatio=4 -XX:AdaptiveSizePolicyWeight=90 -Dsun.zip.disableMemoryMapping=true -Xmx2G -Xms100m -Xlog:disable -javaagent:c:\Users\admin\.vscode\extensions\redhat.java-1.56.0-win32-x64\lombok\lombok-1.18.39-4050.jar c:\Users\admin\.vscode\extensions\redhat.java-1.56.0-win32-x64\server\plugins\org.eclipse.equinox.launcher_1.8.0.v20260804-1928.jar -configuration c:\Users\admin\AppData\Roaming\Code\User\globalStorage\redhat.java\1.56.0\config_ss_win -data c:\Users\admin\AppData\Roaming\Code\User\workspaceStorage\05061040026b19977ea05106b8f7e486\redhat.java\ss_ws --pipe=\\.\pipe\lsp-65298c273f63aa366338ad0b4fc2ed71-sock

Host: AMD Ryzen 3 3200U with Radeon Vega Mobile Gfx  , 4 cores, 3G,  Windows 11 , 64 bit Build 26100 (10.0.26100.9444)
Time: Tue Sep 15 12:54:01 2026 India Standard Time elapsed time: 6.395046 seconds (0d 0h 0m 6s)

---------------  T H R E A D  ---------------

Current thread (0x000001c06bb9a5f0):  JavaThread "main"             [_thread_in_vm, id=16532, stack(0x0000001503400000,0x0000001503500000) (1024K)]

Stack: [0x0000001503400000,0x0000001503500000]
Native frames: (J=compiled Java code, j=interpreted, Vv=VM code, C=native code)
V  [jvm.dll+0x6d83e9]
V  [jvm.dll+0x8b5736]
V  [jvm.dll+0x8b7cee]
V  [jvm.dll+0x8b83d3]
V  [jvm.dll+0x284596]
V  [jvm.dll+0x8b147e]
V  [jvm.dll+0x679ad4]
V  [jvm.dll+0x679b3a]
V  [jvm.dll+0x67c336]
V  [jvm.dll+0x67c202]
V  [jvm.dll+0x67a4ae]
V  [jvm.dll+0x26f864]
V  [jvm.dll+0x21a11f]
V  [jvm.dll+0x20f80e]
V  [jvm.dll+0x5b6a7f]
V  [jvm.dll+0x2218ae]
V  [jvm.dll+0x82ec5d]
V  [jvm.dll+0x82fc8b]
V  [jvm.dll+0x830254]
V  [jvm.dll+0x82fee8]
V  [jvm.dll+0x271ebd]
V  [jvm.dll+0x3dd36e]
C  0x000001c0762e925f

The last pc belongs to new (printed below).
Java frames: (J=compiled Java code, j=interpreted, Vv=VM code)
j  sun.reflect.annotation.AnnotationParser$1.run()Ljava/lang/annotation/Annotation;+18 java.base@21.0.12.1
j  sun.reflect.annotation.AnnotationParser$1.run()Ljava/lang/Object;+1 java.base@21.0.12.1
j  java.security.AccessController.executePrivileged(Ljava/security/PrivilegedAction;Ljava/security/AccessControlContext;Ljava/lang/Class;)Ljava/lang/Object;+29 java.base@21.0.12.1
j  java.security.AccessController.doPrivileged(Ljava/security/PrivilegedAction;)Ljava/lang/Object;+5 java.base@21.0.12.1
j  sun.reflect.annotation.AnnotationParser.annotationForMap(Ljava/lang/Class;Ljava/util/Map;)Ljava/lang/annotation/Annotation;+9 java.base@21.0.12.1
j  sun.reflect.annotation.AnnotationParser.parseAnnotation2(Ljava/nio/ByteBuffer;Ljdk/internal/reflect/ConstantPool;Ljava/lang/Class;Z[Ljava/lang/Class;)Ljava/lang/annotation/Annotation;+271 java.base@21.0.12.1
j  sun.reflect.annotation.AnnotationParser.parseAnnotations2([BLjdk/internal/reflect/ConstantPool;Ljava/lang/Class;[Ljava/lang/Class;)Ljava/util/Map;+41 java.base@21.0.12.1
j  sun.reflect.annotation.AnnotationParser.parseSelectAnnotations([BLjdk/internal/reflect/ConstantPool;Ljava/lang/Class;[Ljava/lang/Class;)Ljava/util/Map;+12 java.base@21.0.12.1
j  sun.reflect.annotation.AnnotationType.<init>(Ljava/lang/Class;)V+291 java.base@21.0.12.1
j  sun.reflect.annotation.AnnotationType.getInstance(Ljava/lang/Class;)Lsun/reflect/annotation/AnnotationType;+21 java.base@21.0.12.1
j  sun.reflect.annotation.AnnotationParser.parseAnnotation2(Ljava/nio/ByteBuffer;Ljdk/internal/reflect/ConstantPool;Ljava/lang/Class;Z[Ljava/lang/Class;)Ljava/lang/annotation/Annotation;+103 java.base@21.0.12.1
j  sun.reflect.annotation.AnnotationParser.parseAnnotations2([BLjdk/internal/reflect/ConstantPool;Ljava/lang/Class;[Ljava/lang/Class;)Ljava/util/Map;+41 java.base@21.0.12.1
j  sun.reflect.annotation.AnnotationParser.parseAnnotations([BLjdk/internal/reflect/ConstantPool;Ljava/lang/Class;)Ljava/util/Map;+12 java.base@21.0.12.1
j  java.lang.reflect.Executable.declaredAnnotations()Ljava/util/Map;+62 java.base@21.0.12.1
j  java.lang.reflect.Executable.declaredAnnotations()Ljava/util/Map;+35 java.base@21.0.12.1
j  java.lang.reflect.Executable.getAnnotation(Ljava/lang/Class;)Ljava/lang/annotation/Annotation;+7 java.base@21.0.12.1
j  java.lang.reflect.Method.getAnnotation(Ljava/lang/Class;)Ljava/lang/annotation/Annotation;+2 java.base@21.0.12.1
j  java.lang.reflect.AnnotatedElement.isAnnotationPresent(Ljava/lang/Class;)Z+2 java.base@21.0.12.1
j  java.lang.reflect.AccessibleObject.isAnnotationPresent(Ljava/lang/Class;)Z+2 java.base@21.0.12.1
j  jdk.internal.reflect.Reflection.isCallerSensitive(Ljava/lang/reflect/Method;)Z+18 java.base@21.0.12.1
j  java.lang.reflect.Method.isCallerSensitive()Z+11 java.base@21.0.12.1
j  java.lang.reflect.Method.invoke(Ljava/lang/Object;[Ljava/lang/Object;)Ljava/lang/Object;+1 java.base@21.0.12.1
j  org.eclipse.osgi.internal.framework.EquinoxContainer.<init>(Ljava/util/Map;Lorg/osgi/framework/connect/ModuleConnector;)V+37
j  org.eclipse.osgi.launch.Equinox.<init>(Ljava/util/Map;Lorg/osgi/framework/connect/ModuleConnector;)V+10
j  org.eclipse.osgi.launch.Equinox.<init>(Ljava/util/Map;)V+3
j  org.eclipse.core.runtime.adaptor.EclipseStarter.startup([Ljava/lang/String;Ljava/lang/Runnable;)Lorg/osgi/framework/BundleContext;+28
j  org.eclipse.core.runtime.adaptor.EclipseStarter.run([Ljava/lang/String;Ljava/lang/Runnable;)Ljava/lang/Object;+21
j  java.lang.invoke.DirectMethodHandle$Holder.invokeStatic(Ljava/lang/Object;Ljava/lang/Object;Ljava/lang/Object;)Ljava/lang/Object;+11 java.base@21.0.12.1
j  java.lang.invoke.LambdaForm$MH+0x000001c00508a800.invoke(Ljava/lang/Object;Ljava/lang/Object;Ljava/lang/Object;Ljava/lang/Object;)Ljava/lang/Object;+54 java.base@21.0.12.1
j  java.lang.invoke.LambdaForm$MH+0x000001c005002c00.invokeExact_MT(Ljava/lang/Object;Ljava/lang/Object;Ljava/lang/Object;Ljava/lang/Object;Ljava/lang/Object;)Ljava/lang/Object;+22 java.base@21.0.12.1
j  jdk.internal.reflect.DirectMethodHandleAccessor.invokeImpl(Ljava/lang/Object;[Ljava/lang/Object;)Ljava/lang/Object;+72 java.base@21.0.12.1
j  jdk.internal.reflect.DirectMethodHandleAccessor.invoke(Ljava/lang/Object;[Ljava/lang/Object;)Ljava/lang/Object;+23 java.base@21.0.12.1
j  java.lang.reflect.Method.invoke(Ljava/lang/Object;[Ljava/lang/Object;)Ljava/lang/Object;+102 java.base@21.0.12.1
j  org.eclipse.equinox.launcher.Main.invokeFramework([Ljava/lang/String;[Ljava/net/URL;)V+155
j  org.eclipse.equinox.launcher.Main.basicRun([Ljava/lang/String;)V+191
j  org.eclipse.equinox.launcher.Main.run([Ljava/lang/String;)I+4
j  org.eclipse.equinox.launcher.Main.main([Ljava/lang/String;)V+10
v  ~StubRoutines::call_stub 0x000001c0762d100d
new  187 new  [0x000001c0762e90e0, 0x000001c0762e92e8]  520 bytes
[MachCode]
  0x000001c0762e90e0: 4883 ec08 | c5fa 1104 | 24eb 1f48 | 83ec 10c5 | fb11 0424 | eb14 4883 | ec10 4889 | 0424 48c7 
  0x000001c0762e9100: 4424 0800 | 0000 00eb | 0150 410f | b755 010f | cac1 ea10 | 488b 4de8 | 488b 4908 | 488b 4908 
  0x000001c0762e9120: 488b 4108 | 807c 1004 | 070f 85d3 | 0000 0066 | 8b54 d148 | 488b 4928 | 488b 4cd1 | 0851 80b9 
  0x000001c0762e9140: 3101 0000 | 040f 85b6 | 0000 008b | 5108 f6c2 | 010f 85aa | 0000 0049 | 8b87 b801 | 0000 488d 
  0x000001c0762e9160: 1c10 493b | 9fc8 0100 | 000f 8792 | 0000 0049 | 899f b801 | 0000 4883 | ea10 0f84 | 0f00 0000 
  0x000001c0762e9180: 33c9 c1ea | 0348 894c | d008 48ff | ca75 f648 | c700 0100 | 0000 5933 | f689 700c | 49ba 0000 
  0x000001c0762e91a0: 0004 c001 | 0000 492b | ca89 4808 | 49ba 076d | ff8f f87f | 0000 4180 | 3a00 0f84 | 3c00 0000 
  0x000001c0762e91c0: 5048 8bc8 | 4883 ec20 | 40f6 c40f | 0f84 1900 | 0000 4883 | ec08 48b8 | 20eb a88f | f87f 0000 
  0x000001c0762e91e0: ffd0 4883 | c408 e90c | 0000 0048 | b820 eba8 | 8ff8 7f00 | 00ff d048 | 83c4 2058 | e9cb 0000 
  0x000001c0762e9200: 0059 488b | 55e8 488b | 5208 488b | 5208 450f | b745 0141 | 0fc8 41c1 | e810 e805 | 0000 00e9 
  0x000001c0762e9220: a800 0000 | 488d 4424 | 084c 896d | c049 8bcf | c5f8 7749 | 89af b003 | 0000 4989 | 87a0 0300 
  0x000001c0762e9240: 0048 83ec | 2040 f6c4 | 0f0f 8419 | 0000 0048 | 83ec 0848 | b820 d372 | 8ff8 7f00 | 00ff d048 
  0x000001c0762e9260: 83c4 08e9 | 0c00 0000 | 48b8 20d3 | 728f f87f | 0000 ffd0 | 4883 c420 | 49c7 87a0 | 0300 0000 
  0x000001c0762e9280: 0000 0049 | c787 b003 | 0000 0000 | 0000 49c7 | 87a8 0300 | 0000 0000 | 00c5 f877 | 4983 7f08 
  0x000001c0762e92a0: 000f 8405 | 0000 00e9 | 547c feff | 498b 87f8 | 0300 0049 | c787 f803 | 0000 0000 | 0000 4c8b 
  0x000001c0762e92c0: 6dc0 4c8b | 75c8 4e8d | 74f5 00c3 | 410f b65d | 0349 83c5 | 0349 ba50 | 3502 90f8 | 7f00 0041 
  0x000001c0762e92e0: ff24 da0f | 1f44 0000 
[/MachCode]

---------------  P R O C E S S  ---------------

Threads class SMR info:
_java_thread_list=0x000001c07f495370, length=11, elements={
0x000001c06bb9a5f0, 0x000001c07e5887c0, 0x000001c07e58b410, 0x000001c07e58dbb0,
0x000001c07e590720, 0x000001c07e591180, 0x000001c07e591be0, 0x000001c07e592a20,
0x000001c07e610240, 0x000001c07f3a86e0, 0x000001c07f493c70
}

Java Threads: ( => current thread )
=>0x000001c06bb9a5f0 JavaThread "main"                              [_thread_in_vm, id=16532, stack(0x0000001503400000,0x0000001503500000) (1024K)]
  0x000001c07e5887c0 JavaThread "Reference Handler"          daemon [_thread_blocked, id=15460, stack(0x0000001503800000,0x0000001503900000) (1024K)]
  0x000001c07e58b410 JavaThread "Finalizer"                  daemon [_thread_blocked, id=5516, stack(0x0000001503900000,0x0000001503a00000) (1024K)]
  0x000001c07e58dbb0 JavaThread "Signal Dispatcher"          daemon [_thread_blocked, id=11764, stack(0x0000001503a00000,0x0000001503b00000) (1024K)]
  0x000001c07e590720 JavaThread "Attach Listener"            daemon [_thread_blocked, id=17128, stack(0x0000001503b00000,0x0000001503c00000) (1024K)]
  0x000001c07e591180 JavaThread "Service Thread"             daemon [_thread_blocked, id=17564, stack(0x0000001503c00000,0x0000001503d00000) (1024K)]
  0x000001c07e591be0 JavaThread "Monitor Deflation Thread"   daemon [_thread_blocked, id=812, stack(0x0000001503d00000,0x0000001503e00000) (1024K)]
  0x000001c07e592a20 JavaThread "C2 CompilerThread0"         daemon [_thread_blocked, id=14816, stack(0x0000001503e00000,0x0000001503f00000) (1024K)]
  0x000001c07e610240 JavaThread "C1 CompilerThread0"         daemon [_thread_blocked, id=16652, stack(0x0000001503f00000,0x0000001504000000) (1024K)]
  0x000001c07f3a86e0 JavaThread "Common-Cleaner"             daemon [_thread_blocked, id=7420, stack(0x0000001504000000,0x0000001504100000) (1024K)]
  0x000001c07f493c70 JavaThread "Notification Thread"        daemon [_thread_blocked, id=8864, stack(0x0000001504200000,0x0000001504300000) (1024K)]
Total: 11

Other Threads:
  0x000001c06bc5bff0 VMThread "VM Thread"                           [id=9356, stack(0x0000001503700000,0x0000001503800000) (1024K)]
  0x000001c07e52ca00 WatcherThread "VM Periodic Task Thread"        [id=8604, stack(0x0000001503600000,0x0000001503700000) (1024K)]
  0x000001c06bbb8800 WorkerThread "GC Thread#0"                     [id=13544, stack(0x0000001503500000,0x0000001503600000) (1024K)]
Total: 3

Threads with active compile tasks:
Total: 0

VM state: not at safepoint (normal execution)

VM Mutex/Monitor currently owned by a thread:  ([mutex/lock_event])
[0x00007ff89000d530] Metaspace_lock - owner thread: 0x000001c06bb9a5f0

Heap address: 0x0000000080000000, size: 2048 MB, Compressed Oops mode: 32-bit

CDS archive(s) mapped at: [0x000001c004000000-0x000001c004ba0000-0x000001c004ba0000), size 12189696, SharedBaseAddress: 0x000001c004000000, ArchiveRelocationMode: 1.
Compressed class space mapped at: 0x000001c005000000-0x000001c045000000, reserved size: 1073741824
Narrow klass base: 0x000001c004000000, Narrow klass shift: 0, Narrow klass range: 0x100000000

GC Precious Log:
 CardTable entry size: 512
 CPUs: 4 total, 4 available
 Memory: 3522M
 Large Page Support: Disabled
 NUMA Support: Disabled
 Compressed Oops: Enabled (32-bit)
 Alignments: Space 512K, Generation 512K, Heap 2M
 Heap Min Capacity: 100M
 Heap Initial Capacity: 100M
 Heap Max Capacity: 2G
 Pre-touch: Disabled
 Parallel Workers: 4

Heap:
 PSYoungGen      total 29696K, used 21435K [0x00000000d5580000, 0x00000000d7680000, 0x0000000100000000)
  eden space 25600K, 83% used [0x00000000d5580000,0x00000000d6a6ed38,0x00000000d6e80000)
  from space 4096K, 0% used [0x00000000d7280000,0x00000000d7280000,0x00000000d7680000)
  to   space 4096K, 0% used [0x00000000d6e80000,0x00000000d6e80000,0x00000000d7280000)
 ParOldGen       total 68608K, used 0K [0x0000000080000000, 0x0000000084300000, 0x00000000d5580000)
  object space 68608K, 0% used [0x0000000080000000,0x0000000080000000,0x0000000084300000)
 Metaspace       used 3939K, committed 4160K, reserved 1114112K
  class space    used 436K, committed 576K, reserved 1048576K

Card table byte_map: [0x000001c06b550000,0x000001c06b960000] _byte_map_base: 0x000001c06b150000

Marking Bits: (ParMarkBitMap*) 0x00007ff8900144a0
 Begin Bits: [0x000001c000000000, 0x000001c002000000)
 End Bits:   [0x000001c002000000, 0x000001c004000000)

Polling page: 0x000001c069b90000

Metaspace:

Usage:
  Non-class:      3.42 MB used.
      Class:    436.68 KB used.
       Both:      3.85 MB used.

Virtual space:
  Non-class space:       64.00 MB reserved,       3.50 MB (  5%) committed,  1 nodes.
      Class space:        1.00 GB reserved,     576.00 KB ( <1%) committed,  1 nodes.
             Both:        1.06 GB reserved,       4.06 MB ( <1%) committed. 

Chunk freelists:
   Non-Class:  11.31 MB
       Class:  15.45 MB
        Both:  26.77 MB

MaxMetaspaceSize: unlimited
CompressedClassSpaceSize: 1.00 GB
Initial GC threshold: 21.00 MB
Current GC threshold: 21.00 MB
CDS: on
 - commit_granule_bytes: 65536.
 - commit_granule_words: 8192.
 - virtual_space_node_default_size: 8388608.
 - enlarge_chunks_in_place: 1.
 - use_allocation_guard: 0.


Internal statistics:

num_allocs_failed_limit: 0.
num_arena_births: 178.
num_arena_deaths: 0.
num_vsnodes_births: 2.
num_vsnodes_deaths: 0.
num_space_committed: 65.
num_space_uncommitted: 0.
num_chunks_returned_to_freelist: 0.
num_chunks_taken_from_freelist: 234.
num_chunk_merges: 0.
num_chunk_splits: 151.
num_chunks_enlarged: 85.
num_inconsistent_stats: 0.

CodeHeap 'non-profiled nmethods': size=120000Kb used=442Kb max_used=442Kb free=119557Kb
 bounds [0x000001c076870000, 0x000001c076ae0000, 0x000001c07dda0000]
CodeHeap 'profiled nmethods': size=120000Kb used=1663Kb max_used=1663Kb free=118336Kb
 bounds [0x000001c06eda0000, 0x000001c06f010000, 0x000001c0762d0000]
CodeHeap 'non-nmethods': size=5760Kb used=1190Kb max_used=1213Kb free=4569Kb
 bounds [0x000001c0762d0000, 0x000001c076540000, 0x000001c076870000]
CodeCache: size=245760Kb, used=3295Kb, max_used=3318Kb, free=242462Kb
 total_blobs=1489, nmethods=1038, adapters=358, full_count=0
Compilation: enabled, stopped_count=0, restarted_count=0

Compilation events (20 events):
Event: 6.035 Thread 0x000001c07e592a20 1030       4       jdk.internal.org.objectweb.asm.Symbol::<init> (38 bytes)
Event: 6.037 Thread 0x000001c07e592a20 nmethod 1030 0x000001c0768de690 code [0x000001c0768de820, 0x000001c0768de8e0]
Event: 6.046 Thread 0x000001c07e610240 1031       3       jdk.internal.org.objectweb.asm.AnnotationWriter::visitEnd (44 bytes)
Event: 6.047 Thread 0x000001c07e610240 nmethod 1031 0x000001c06ef3cc90 code [0x000001c06ef3ce40, 0x000001c06ef3cfe0]
Event: 6.069 Thread 0x000001c07e610240 1032   !   3       java.util.WeakHashMap::expungeStaleEntries (139 bytes)
Event: 6.070 Thread 0x000001c07e610240 nmethod 1032 0x000001c06ef3d110 code [0x000001c06ef3d320, 0x000001c06ef3dae8]
Event: 6.070 Thread 0x000001c07e610240 1033       3       java.util.WeakHashMap::indexFor (6 bytes)
Event: 6.071 Thread 0x000001c07e610240 nmethod 1033 0x000001c06ef3de90 code [0x000001c06ef3e020, 0x000001c06ef3e118]
Event: 6.246 Thread 0x000001c07e610240 1034       3       java.lang.ClassLoader::loadClass (7 bytes)
Event: 6.247 Thread 0x000001c07e610240 nmethod 1034 0x000001c06ef3e190 code [0x000001c06ef3e340, 0x000001c06ef3e518]
Event: 6.278 Thread 0x000001c07e610240 1035       3       jdk.internal.ref.CleanerImpl::getCleanerImpl (13 bytes)
Event: 6.279 Thread 0x000001c07e610240 nmethod 1035 0x000001c06ef3e590 code [0x000001c06ef3e740, 0x000001c06ef3ea00]
Event: 6.279 Thread 0x000001c07e610240 1036       3       java.lang.ref.Cleaner$1::apply (9 bytes)
Event: 6.279 Thread 0x000001c07e610240 nmethod 1036 0x000001c06ef3eb10 code [0x000001c06ef3ecc0, 0x000001c06ef3ef30]
Event: 6.281 Thread 0x000001c07e610240 1037       3       java.io.RandomAccessFile::read (8 bytes)
Event: 6.281 Thread 0x000001c07e610240 nmethod 1037 0x000001c06ef3f010 code [0x000001c06ef3f1c0, 0x000001c06ef3f2f8]
Event: 6.281 Thread 0x000001c07e610240 1039       3       jdk.internal.misc.Unsafe::putIntUnaligned (14 bytes)
Event: 6.282 Thread 0x000001c07e610240 nmethod 1039 0x000001c06ef3f390 code [0x000001c06ef3f540, 0x000001c06ef3f780]
Event: 6.282 Thread 0x000001c07e610240 1038   !   3       java.io.RandomAccessFile::readBytes (32 bytes)
Event: 6.282 Thread 0x000001c07e610240 nmethod 1038 0x000001c06ef3f890 code [0x000001c06ef3fa60, 0x000001c06ef3fc88]

GC Heap History (0 events):
No events

Dll operation events (16 events):
Event: 0.036 Attempting to load shared library c:\Users\admin\.vscode\extensions\redhat.java-1.56.0-win32-x64\jre\21.0.12.1-win32-x86_64\bin\java.dll
Event: 0.036 Loaded shared library c:\Users\admin\.vscode\extensions\redhat.java-1.56.0-win32-x64\jre\21.0.12.1-win32-x86_64\bin\java.dll
Event: 0.391 Attempting to load shared library c:\Users\admin\.vscode\extensions\redhat.java-1.56.0-win32-x64\jre\21.0.12.1-win32-x86_64\bin\zip.dll
Event: 0.392 Loaded shared library c:\Users\admin\.vscode\extensions\redhat.java-1.56.0-win32-x64\jre\21.0.12.1-win32-x86_64\bin\zip.dll
Event: 0.525 Attempting to load shared library C:\Users\admin\.vscode\extensions\redhat.java-1.56.0-win32-x64\jre\21.0.12.1-win32-x86_64\bin\instrument.dll
Event: 0.525 Loaded shared library C:\Users\admin\.vscode\extensions\redhat.java-1.56.0-win32-x64\jre\21.0.12.1-win32-x86_64\bin\instrument.dll
Event: 0.534 Attempting to load shared library C:\Users\admin\.vscode\extensions\redhat.java-1.56.0-win32-x64\jre\21.0.12.1-win32-x86_64\bin\net.dll
Event: 0.538 Loaded shared library C:\Users\admin\.vscode\extensions\redhat.java-1.56.0-win32-x64\jre\21.0.12.1-win32-x86_64\bin\net.dll
Event: 0.546 Attempting to load shared library C:\Users\admin\.vscode\extensions\redhat.java-1.56.0-win32-x64\jre\21.0.12.1-win32-x86_64\bin\nio.dll
Event: 0.547 Loaded shared library C:\Users\admin\.vscode\extensions\redhat.java-1.56.0-win32-x64\jre\21.0.12.1-win32-x86_64\bin\nio.dll
Event: 0.556 Attempting to load shared library C:\Users\admin\.vscode\extensions\redhat.java-1.56.0-win32-x64\jre\21.0.12.1-win32-x86_64\bin\zip.dll
Event: 0.556 Loaded shared library C:\Users\admin\.vscode\extensions\redhat.java-1.56.0-win32-x64\jre\21.0.12.1-win32-x86_64\bin\zip.dll
Event: 0.602 Attempting to load shared library C:\Users\admin\.vscode\extensions\redhat.java-1.56.0-win32-x64\jre\21.0.12.1-win32-x86_64\bin\jimage.dll
Event: 0.603 Loaded shared library C:\Users\admin\.vscode\extensions\redhat.java-1.56.0-win32-x64\jre\21.0.12.1-win32-x86_64\bin\jimage.dll
Event: 0.826 Attempting to load shared library c:\Users\admin\.vscode\extensions\redhat.java-1.56.0-win32-x64\jre\21.0.12.1-win32-x86_64\bin\verify.dll
Event: 0.828 Loaded shared library c:\Users\admin\.vscode\extensions\redhat.java-1.56.0-win32-x64\jre\21.0.12.1-win32-x86_64\bin\verify.dll

Deoptimization events (20 events):
Event: 3.597 Thread 0x000001c06bb9a5f0 DEOPT PACKING pc=0x000001c0768a264c sp=0x00000015034fdbe0
Event: 3.597 Thread 0x000001c06bb9a5f0 DEOPT UNPACKING pc=0x000001c076323aa2 sp=0x00000015034fdba0 mode 2
Event: 3.597 Thread 0x000001c06bb9a5f0 Uncommon trap: trap_request=0xffffffde fr.pc=0x000001c0768a264c relative=0x000000000000096c
Event: 3.597 Thread 0x000001c06bb9a5f0 Uncommon trap: reason=class_check action=maybe_recompile pc=0x000001c0768a264c method=java.util.HashMap.putVal(ILjava/lang/Object;Ljava/lang/Object;ZZ)Ljava/lang/Object; @ 91 c2
Event: 3.597 Thread 0x000001c06bb9a5f0 DEOPT PACKING pc=0x000001c0768a264c sp=0x00000015034fdd00
Event: 3.597 Thread 0x000001c06bb9a5f0 DEOPT UNPACKING pc=0x000001c076323aa2 sp=0x00000015034fdc90 mode 2
Event: 3.601 Thread 0x000001c06bb9a5f0 Uncommon trap: trap_request=0xffffff6e fr.pc=0x000001c0768b7e9c relative=0x00000000000001fc
Event: 3.601 Thread 0x000001c06bb9a5f0 Uncommon trap: reason=loop_limit_check action=maybe_recompile pc=0x000001c0768b7e9c method=java.math.BigInteger.implMulAdd([I[IIII)I @ 26 c2
Event: 3.601 Thread 0x000001c06bb9a5f0 DEOPT PACKING pc=0x000001c0768b7e9c sp=0x00000015034fd6b0
Event: 3.601 Thread 0x000001c06bb9a5f0 DEOPT UNPACKING pc=0x000001c076323aa2 sp=0x00000015034fd600 mode 2
Event: 3.843 Thread 0x000001c06bb9a5f0 Uncommon trap: trap_request=0xffffff45 fr.pc=0x000001c0768a39d0 relative=0x00000000000005f0
Event: 3.843 Thread 0x000001c06bb9a5f0 Uncommon trap: reason=unstable_if action=reinterpret pc=0x000001c0768a39d0 method=java.lang.AbstractStringBuilder.append(Ljava/lang/String;)Ljava/lang/AbstractStringBuilder; @ 1 c2
Event: 3.843 Thread 0x000001c06bb9a5f0 DEOPT PACKING pc=0x000001c0768a39d0 sp=0x00000015034fdd70
Event: 3.843 Thread 0x000001c06bb9a5f0 DEOPT UNPACKING pc=0x000001c076323aa2 sp=0x00000015034fdd00 mode 2
Event: 3.908 Thread 0x000001c06bb9a5f0 DEOPT PACKING pc=0x000001c06eebbafb sp=0x00000015034fd250
Event: 3.908 Thread 0x000001c06bb9a5f0 DEOPT UNPACKING pc=0x000001c076324242 sp=0x00000015034fc6c8 mode 0
Event: 5.467 Thread 0x000001c06bb9a5f0 Uncommon trap: trap_request=0xffffffc6 fr.pc=0x000001c0768d4540 relative=0x00000000000002e0
Event: 5.478 Thread 0x000001c06bb9a5f0 Uncommon trap: reason=bimorphic_or_optimized_type_check action=maybe_recompile pc=0x000001c0768d4540 method=java.util.HashMap.getNode(Ljava/lang/Object;)Ljava/util/HashMap$Node; @ 128 c2
Event: 5.478 Thread 0x000001c06bb9a5f0 DEOPT PACKING pc=0x000001c0768d4540 sp=0x00000015034fe110
Event: 5.478 Thread 0x000001c06bb9a5f0 DEOPT UNPACKING pc=0x000001c076323aa2 sp=0x00000015034fe088 mode 2

Classes loaded (20 events):
Event: 6.298 Loading class sun/reflect/generics/visitor/Reifier done
Event: 6.299 Loading class java/lang/reflect/GenericArrayType
Event: 6.299 Loading class java/lang/reflect/GenericArrayType done
Event: 6.299 Loading class sun/reflect/annotation/AnnotationType
Event: 6.300 Loading class sun/reflect/annotation/AnnotationType done
Event: 6.300 Loading class sun/reflect/annotation/AnnotationType$1
Event: 6.300 Loading class sun/reflect/annotation/AnnotationType$1 done
Event: 6.301 Loading class java/lang/annotation/Retention
Event: 6.310 Loading class java/lang/annotation/Retention done
Event: 6.310 Loading class java/lang/annotation/Inherited
Event: 6.311 Loading class java/lang/annotation/Inherited done
Event: 6.311 Loading class java/lang/annotation/RetentionPolicy
Event: 6.311 Loading class java/lang/annotation/RetentionPolicy done
Event: 6.312 Loading class sun/reflect/annotation/AnnotationTypeMismatchExceptionProxy
Event: 6.312 Loading class sun/reflect/annotation/ExceptionProxy
Event: 6.312 Loading class sun/reflect/annotation/ExceptionProxy done
Event: 6.312 Loading class sun/reflect/annotation/AnnotationTypeMismatchExceptionProxy done
Event: 6.312 Loading class sun/reflect/annotation/AnnotationParser$1
Event: 6.313 Loading class sun/reflect/annotation/AnnotationParser$1 done
Event: 6.313 Loading class sun/reflect/annotation/AnnotationInvocationHandler

Classes unloaded (0 events):
No events

Classes redefined (0 events):
No events

Internal exceptions (20 events):
Event: 0.700 Thread 0x000001c06bb9a5f0 Exception <a 'java/lang/NoSuchMethodError'{0x00000000d59e83d8}: 'void java.lang.invoke.DelegatingMethodHandle$Holder.reinvoke_L(java.lang.Object, java.lang.Object, java.lang.Object, int, java.lang.Object)'> (0x00000000d59e83d8) 
thrown [s\src\hotspot\share\interpreter\linkResolver.cpp, line 773]
Event: 0.705 Thread 0x000001c06bb9a5f0 Exception <a 'java/lang/NoSuchMethodError'{0x00000000d59f8d28}: 'int java.lang.invoke.DirectMethodHandle$Holder.invokeSpecial(java.lang.Object, java.lang.Object, java.lang.Object)'> (0x00000000d59f8d28) 
thrown [s\src\hotspot\share\interpreter\linkResolver.cpp, line 773]
Event: 0.709 Thread 0x000001c06bb9a5f0 Exception <a 'java/lang/NoSuchMethodError'{0x00000000d5a049e8}: 'java.lang.Object java.lang.invoke.DirectMethodHandle$Holder.invokeStatic(java.lang.Object, java.lang.Object, int)'> (0x00000000d5a049e8) 
thrown [s\src\hotspot\share\interpreter\linkResolver.cpp, line 773]
Event: 0.711 Thread 0x000001c06bb9a5f0 Exception <a 'java/lang/NoSuchMethodError'{0x00000000d5a09338}: 'void java.lang.invoke.DirectMethodHandle$Holder.invokeStatic(java.lang.Object, java.lang.Object, int, java.lang.Object)'> (0x00000000d5a09338) 
thrown [s\src\hotspot\share\interpreter\linkResolver.cpp, line 773]
Event: 0.713 Thread 0x000001c06bb9a5f0 Exception <a 'java/lang/NoSuchMethodError'{0x00000000d5a0cec8}: 'void java.lang.invoke.DirectMethodHandle$Holder.invokeSpecial(java.lang.Object, java.lang.Object, java.lang.Object, int, java.lang.Object)'> (0x00000000d5a0cec8) 
thrown [s\src\hotspot\share\interpreter\linkResolver.cpp, line 773]
Event: 0.714 Thread 0x000001c06bb9a5f0 Exception <a 'java/lang/NoSuchMethodError'{0x00000000d5a10338}: 'void java.lang.invoke.DelegatingMethodHandle$Holder.delegate(java.lang.Object, java.lang.Object, int, java.lang.Object)'> (0x00000000d5a10338) 
thrown [s\src\hotspot\share\interpreter\linkResolver.cpp, line 773]
Event: 1.309 Thread 0x000001c06bb9a5f0 Exception <a 'java/lang/NoSuchMethodError'{0x00000000d5bcf160}: 'void java.lang.invoke.DelegatingMethodHandle$Holder.reinvoke_L(java.lang.Object, java.lang.Object, java.lang.Object, int)'> (0x00000000d5bcf160) 
thrown [s\src\hotspot\share\interpreter\linkResolver.cpp, line 773]
Event: 2.799 Thread 0x000001c06bb9a5f0 Exception <a 'java/lang/NoSuchMethodError'{0x00000000d6060890}: 'void java.lang.invoke.DirectMethodHandle$Holder.invokeVirtual(java.lang.Object, java.lang.Object)'> (0x00000000d6060890) 
thrown [s\src\hotspot\share\interpreter\linkResolver.cpp, line 773]
Event: 3.728 Thread 0x000001c06bb9a5f0 Exception <a 'java/lang/NoSuchMethodError'{0x00000000d6437528}: 'void java.lang.invoke.DirectMethodHandle$Holder.invokeStatic(java.lang.Object, java.lang.Object)'> (0x00000000d6437528) 
thrown [s\src\hotspot\share\interpreter\linkResolver.cpp, line 773]
Event: 3.747 Thread 0x000001c06bb9a5f0 Exception <a 'java/lang/ClassNotFoundException'{0x00000000d645f620}: sun/net/www/protocol/c/Handler> (0x00000000d645f620) 
thrown [s\src\hotspot\share\classfile\systemDictionary.cpp, line 313]
Event: 3.826 Thread 0x000001c06bb9a5f0 Exception <a 'java/io/FileNotFoundException'{0x00000000d64bc6e8}> (0x00000000d64bc6e8) 
thrown [s\src\hotspot\share\prims\jni.cpp, line 520]
Event: 3.828 Thread 0x000001c06bb9a5f0 Exception <a 'java/io/FileNotFoundException'{0x00000000d64bda10}> (0x00000000d64bda10) 
thrown [s\src\hotspot\share\prims\jni.cpp, line 520]
Event: 3.828 Thread 0x000001c06bb9a5f0 Exception <a 'java/io/FileNotFoundException'{0x00000000d64be688}> (0x00000000d64be688) 
thrown [s\src\hotspot\share\prims\jni.cpp, line 520]
Event: 3.829 Thread 0x000001c06bb9a5f0 Exception <a 'java/io/FileNotFoundException'{0x00000000d64bf1c8}> (0x00000000d64bf1c8) 
thrown [s\src\hotspot\share\prims\jni.cpp, line 520]
Event: 3.843 Thread 0x000001c06bb9a5f0 Implicit null exception at 0x000001c0768a3424 to 0x000001c0768a39b8
Event: 3.856 Thread 0x000001c06bb9a5f0 Exception <a 'java/io/FileNotFoundException'{0x00000000d64f9358}> (0x00000000d64f9358) 
thrown [s\src\hotspot\share\prims\jni.cpp, line 520]
Event: 3.901 Thread 0x000001c06bb9a5f0 Exception <a 'java/lang/NoSuchMethodError'{0x00000000d6532158}: 'java.lang.Object java.lang.invoke.DirectMethodHandle$Holder.invokeInterface(java.lang.Object, java.lang.Object)'> (0x00000000d6532158) 
thrown [s\src\hotspot\share\interpreter\linkResolver.cpp, line 773]
Event: 3.947 Thread 0x000001c06bb9a5f0 Exception <a 'java/lang/NoSuchMethodError'{0x00000000d6545790}: 'java.lang.Object java.lang.invoke.Invokers$Holder.invokeExact_MT(java.lang.Object, java.lang.Object, java.lang.Object, java.lang.Object, java.lang.Object, java.lang.Object)'> (0x00000000d6545790) 
thrown [s\src\hotspot\share\interpreter\linkResolver.cpp, line 773]
Event: 4.052 Thread 0x000001c06bb9a5f0 Exception <a 'java/lang/NoSuchMethodError'{0x00000000d655c868}: 'int java.lang.invoke.DirectMethodHandle$Holder.invokeStatic(java.lang.Object, java.lang.Object, java.lang.Object, java.lang.Object, java.lang.Object)'> (0x00000000d655c868) 
thrown [s\src\hotspot\share\interpreter\linkResolver.cpp, line 773]
Event: 4.918 Thread 0x000001c06bb9a5f0 Exception <a 'java/lang/NoSuchMethodError'{0x00000000d65effc0}: 'java.lang.Object java.lang.invoke.DirectMethodHandle$Holder.invokeInterface(java.lang.Object, java.lang.Object, int)'> (0x00000000d65effc0) 
thrown [s\src\hotspot\share\interpreter\linkResolver.cpp, line 773]

ZGC Phase Switch (0 events):
No events

VM Operations (16 events):
Event: 0.390 Executing non-safepoint VM operation: HandshakeAllThreads (Deoptimize)
Event: 0.390 Executing non-safepoint VM operation: HandshakeAllThreads (Deoptimize) done
Event: 0.635 Executing non-safepoint VM operation: HandshakeAllThreads (Deoptimize)
Event: 0.635 Executing non-safepoint VM operation: HandshakeAllThreads (Deoptimize) done
Event: 1.647 Executing safepoint VM operation: Cleanup
Event: 1.743 Executing safepoint VM operation: Cleanup done
Event: 2.745 Executing safepoint VM operation: Cleanup
Event: 2.753 Executing safepoint VM operation: Cleanup done
Event: 3.631 Executing non-safepoint VM operation: HandshakeAllThreads (Deoptimize)
Event: 3.631 Executing non-safepoint VM operation: HandshakeAllThreads (Deoptimize) done
Event: 3.714 Executing non-safepoint VM operation: HandshakeAllThreads (Deoptimize)
Event: 3.714 Executing non-safepoint VM operation: HandshakeAllThreads (Deoptimize) done
Event: 4.725 Executing safepoint VM operation: Cleanup
Event: 4.913 Executing safepoint VM operation: Cleanup done
Event: 5.913 Executing safepoint VM operation: Cleanup
Event: 5.960 Executing safepoint VM operation: Cleanup done

Memory protections (0 events):
No events

Nmethod flushes (0 events):
No events

Events (11 events):
Event: 0.171 Thread 0x000001c06bb9a5f0 Thread added: 0x000001c06bb9a5f0
Event: 0.270 Thread 0x000001c06bb9a5f0 Thread added: 0x000001c07e5887c0
Event: 0.270 Thread 0x000001c06bb9a5f0 Thread added: 0x000001c07e58b410
Event: 0.270 Thread 0x000001c06bb9a5f0 Thread added: 0x000001c07e58dbb0
Event: 0.270 Thread 0x000001c06bb9a5f0 Thread added: 0x000001c07e590720
Event: 0.271 Thread 0x000001c06bb9a5f0 Thread added: 0x000001c07e591180
Event: 0.271 Thread 0x000001c06bb9a5f0 Thread added: 0x000001c07e591be0
Event: 0.271 Thread 0x000001c06bb9a5f0 Thread added: 0x000001c07e592a20
Event: 0.299 Thread 0x000001c06bb9a5f0 Thread added: 0x000001c07e610240
Event: 0.529 Thread 0x000001c06bb9a5f0 Thread added: 0x000001c07f3a86e0
Event: 2.368 Thread 0x000001c06bb9a5f0 Thread added: 0x000001c07f493c70


Dynamic libraries:
0x00007ff7337b0000 - 0x00007ff7337be000 	c:\Users\admin\.vscode\extensions\redhat.java-1.56.0-win32-x64\jre\21.0.12.1-win32-x86_64\bin\java.exe
0x00007ff936340000 - 0x00007ff9365a7000 	C:\WINDOWS\SYSTEM32\ntdll.dll
0x00007ff935bc0000 - 0x00007ff935c8b000 	C:\WINDOWS\System32\KERNEL32.DLL
0x00007ff933770000 - 0x00007ff933b72000 	C:\WINDOWS\System32\KERNELBASE.dll
0x00007ff933cb0000 - 0x00007ff933dfc000 	C:\WINDOWS\System32\ucrtbase.dll
0x00007ff92a460000 - 0x00007ff92a478000 	c:\Users\admin\.vscode\extensions\redhat.java-1.56.0-win32-x64\jre\21.0.12.1-win32-x86_64\bin\jli.dll
0x00007ff935f80000 - 0x00007ff93614f000 	C:\WINDOWS\System32\USER32.dll
0x00007ff933600000 - 0x00007ff933627000 	C:\WINDOWS\System32\win32u.dll
0x00007ff935f50000 - 0x00007ff935f7b000 	C:\WINDOWS\System32\GDI32.dll
0x00007ff933b80000 - 0x00007ff933ca9000 	C:\WINDOWS\System32\gdi32full.dll
0x00007ff933630000 - 0x00007ff9336d3000 	C:\WINDOWS\System32\msvcp_win.dll
0x00007ff928c00000 - 0x00007ff928c1e000 	c:\Users\admin\.vscode\extensions\redhat.java-1.56.0-win32-x64\jre\21.0.12.1-win32-x86_64\bin\VCRUNTIME140.dll
0x00007ff9200b0000 - 0x00007ff920340000 	C:\WINDOWS\WinSxS\amd64_microsoft.windows.common-controls_6595b64144ccf1df_6.0.26100.9278_none_3e0d1ba8e3303201\COMCTL32.dll
0x00007ff9346b0000 - 0x00007ff934759000 	C:\WINDOWS\System32\msvcrt.dll
0x00007ff934aa0000 - 0x00007ff934ad1000 	C:\WINDOWS\System32\IMM32.DLL
0x00007ff92a450000 - 0x00007ff92a45c000 	c:\Users\admin\.vscode\extensions\redhat.java-1.56.0-win32-x64\jre\21.0.12.1-win32-x86_64\bin\vcruntime140_1.dll
0x00007ff91e190000 - 0x00007ff91e21d000 	c:\Users\admin\.vscode\extensions\redhat.java-1.56.0-win32-x64\jre\21.0.12.1-win32-x86_64\bin\msvcp140.dll
0x00007ff88f350000 - 0x00007ff8900f2000 	c:\Users\admin\.vscode\extensions\redhat.java-1.56.0-win32-x64\jre\21.0.12.1-win32-x86_64\bin\server\jvm.dll
0x00007ff9349d0000 - 0x00007ff934a8c000 	C:\WINDOWS\System32\ADVAPI32.dll
0x00007ff9352f0000 - 0x00007ff935399000 	C:\WINDOWS\System32\sechost.dll
0x00007ff9348b0000 - 0x00007ff9349c8000 	C:\WINDOWS\System32\RPCRT4.dll
0x00007ff934620000 - 0x00007ff9346a0000 	C:\WINDOWS\System32\WS2_32.dll
0x00007ff9333a0000 - 0x00007ff9333fe000 	C:\WINDOWS\SYSTEM32\POWRPROF.dll
0x00007ff92c8a0000 - 0x00007ff92c8d6000 	C:\WINDOWS\SYSTEM32\WINMM.dll
0x00007ff92c8e0000 - 0x00007ff92c8eb000 	C:\WINDOWS\SYSTEM32\VERSION.dll
0x00007ff933380000 - 0x00007ff933395000 	C:\WINDOWS\SYSTEM32\UMPDC.dll
0x00007ff932210000 - 0x00007ff93222b000 	C:\WINDOWS\SYSTEM32\kernel.appcore.dll
0x00007ff928c30000 - 0x00007ff928c3a000 	c:\Users\admin\.vscode\extensions\redhat.java-1.56.0-win32-x64\jre\21.0.12.1-win32-x86_64\bin\jimage.dll
0x00007ff920350000 - 0x00007ff92059c000 	C:\WINDOWS\SYSTEM32\DBGHELP.DLL
0x00007ff935830000 - 0x00007ff935bb5000 	C:\WINDOWS\System32\combase.dll
0x00007ff934760000 - 0x00007ff934839000 	C:\WINDOWS\System32\OLEAUT32.dll
0x00007ff91dcf0000 - 0x00007ff91dd2b000 	C:\WINDOWS\SYSTEM32\dbgcore.DLL
0x00007ff933fa0000 - 0x00007ff93404c000 	C:\WINDOWS\System32\bcryptPrimitives.dll
0x00007ff928bf0000 - 0x00007ff928bff000 	c:\Users\admin\.vscode\extensions\redhat.java-1.56.0-win32-x64\jre\21.0.12.1-win32-x86_64\bin\instrument.dll
0x00007ff928bd0000 - 0x00007ff928bf0000 	c:\Users\admin\.vscode\extensions\redhat.java-1.56.0-win32-x64\jre\21.0.12.1-win32-x86_64\bin\java.dll
0x00007ff934ae0000 - 0x00007ff935278000 	C:\WINDOWS\System32\SHELL32.dll
0x00007ff930fe0000 - 0x00007ff93188e000 	C:\WINDOWS\SYSTEM32\windows.storage.dll
0x00007ff935e50000 - 0x00007ff935f4b000 	C:\WINDOWS\System32\SHCORE.dll
0x00007ff935280000 - 0x00007ff9352e6000 	C:\WINDOWS\System32\shlwapi.dll
0x00007ff933460000 - 0x00007ff933489000 	C:\WINDOWS\SYSTEM32\profapi.dll
0x00007ff928bb0000 - 0x00007ff928bc8000 	c:\Users\admin\.vscode\extensions\redhat.java-1.56.0-win32-x64\jre\21.0.12.1-win32-x86_64\bin\zip.dll
0x00007ff9282c0000 - 0x00007ff9282d0000 	C:\Users\admin\.vscode\extensions\redhat.java-1.56.0-win32-x64\jre\21.0.12.1-win32-x86_64\bin\net.dll
0x00007ff928540000 - 0x00007ff92866a000 	C:\WINDOWS\SYSTEM32\WINHTTP.dll
0x00007ff9327d0000 - 0x00007ff93283c000 	C:\WINDOWS\system32\mswsock.dll
0x00007ff920800000 - 0x00007ff920816000 	C:\Users\admin\.vscode\extensions\redhat.java-1.56.0-win32-x64\jre\21.0.12.1-win32-x86_64\bin\nio.dll
0x00007ff9208c0000 - 0x00007ff9208d0000 	c:\Users\admin\.vscode\extensions\redhat.java-1.56.0-win32-x64\jre\21.0.12.1-win32-x86_64\bin\verify.dll

JVMTI agents:
c:\Users\admin\.vscode\extensions\redhat.java-1.56.0-win32-x64\lombok\lombok-1.18.39-4050.jar path:c:\Users\admin\.vscode\extensions\redhat.java-1.56.0-win32-x64\jre\21.0.12.1-win32-x86_64\bin\instrument.dll, loaded, initialized, instrumentlib options:none

dbghelp: loaded successfully - version: 4.0.5 - missing functions: none
symbol engine: initialized successfully - sym options: 0x614 - pdb path: .;c:\Users\admin\.vscode\extensions\redhat.java-1.56.0-win32-x64\jre\21.0.12.1-win32-x86_64\bin;C:\WINDOWS\SYSTEM32;C:\WINDOWS\WinSxS\amd64_microsoft.windows.common-controls_6595b64144ccf1df_6.0.26100.9278_none_3e0d1ba8e3303201;c:\Users\admin\.vscode\extensions\redhat.java-1.56.0-win32-x64\jre\21.0.12.1-win32-x86_64\bin\server

VM Arguments:
jvm_args: --add-modules=ALL-SYSTEM --add-opens=java.base/java.util=ALL-UNNAMED --add-opens=java.base/java.lang=ALL-UNNAMED --add-opens=java.base/sun.nio.fs=ALL-UNNAMED -Declipse.application=org.eclipse.jdt.ls.core.id1 -Dosgi.bundles.defaultStartLevel=4 -Declipse.product=org.eclipse.jdt.ls.core.product -Djava.import.generatesMetadataFilesAtProjectRoot=false -Dm2e.project.cache.size=50 -DDetectVMInstallationsJob.disabled=true -Dfile.encoding=utf8 -XX:+UseParallelGC -XX:GCTimeRatio=4 -XX:AdaptiveSizePolicyWeight=90 -Dsun.zip.disableMemoryMapping=true -Xmx2G -Xms100m -Xlog:disable -javaagent:c:\Users\admin\.vscode\extensions\redhat.java-1.56.0-win32-x64\lombok\lombok-1.18.39-4050.jar 
java_command: c:\Users\admin\.vscode\extensions\redhat.java-1.56.0-win32-x64\server\plugins\org.eclipse.equinox.launcher_1.8.0.v20260804-1928.jar -configuration c:\Users\admin\AppData\Roaming\Code\User\globalStorage\redhat.java\1.56.0\config_ss_win -data c:\Users\admin\AppData\Roaming\Code\User\workspaceStorage\05061040026b19977ea05106b8f7e486\redhat.java\ss_ws --pipe=\\.\pipe\lsp-65298c273f63aa366338ad0b4fc2ed71-sock
java_class_path (initial): c:\Users\admin\.vscode\extensions\redhat.java-1.56.0-win32-x64\server\plugins\org.eclipse.equinox.launcher_1.8.0.v20260804-1928.jar
Launcher Type: SUN_STANDARD

[Global flags]
    uintx AdaptiveSizePolicyWeight                 = 90                                        {product} {command line}
     intx CICompilerCount                          = 3                                         {product} {ergonomic}
    uintx GCTimeRatio                              = 4                                         {product} {command line}
   size_t InitialHeapSize                          = 104857600                                 {product} {command line}
   size_t MaxHeapSize                              = 2147483648                                {product} {command line}
   size_t MaxNewSize                               = 715653120                                 {product} {ergonomic}
   size_t MinHeapDeltaBytes                        = 524288                                    {product} {ergonomic}
   size_t MinHeapSize                              = 104857600                                 {product} {command line}
   size_t NewSize                                  = 34603008                                  {product} {ergonomic}
    uintx NonNMethodCodeHeapSize                   = 5832780                                {pd product} {ergonomic}
    uintx NonProfiledCodeHeapSize                  = 122912730                              {pd product} {ergonomic}
   size_t OldSize                                  = 70254592                                  {product} {ergonomic}
    uintx ProfiledCodeHeapSize                     = 122912730                              {pd product} {ergonomic}
    uintx ReservedCodeCacheSize                    = 251658240                              {pd product} {ergonomic}
     bool SegmentedCodeCache                       = true                                      {product} {ergonomic}
   size_t SoftMaxHeapSize                          = 2147483648                             {manageable} {ergonomic}
     bool UseCompressedOops                        = true                           {product lp64_product} {ergonomic}
     bool UseLargePagesIndividualAllocation        = false                                  {pd product} {ergonomic}
     bool UseParallelGC                            = true                                      {product} {command line}

Logging:
Log output configuration:
 #0: stdout all=off uptime,level,tags foldmultilines=false
 #1: stderr all=off uptime,level,tags foldmultilines=false

Release file:
JAVA_VERSION="21.0.12.1" 
MODULES="java.base java.compiler java.datatransfer java.xml java.prefs java.desktop java.instrument java.logging java.management java.security.sasl java.naming java.rmi java.management.rmi java.net.http java.scripting java.security.jgss java.transaction.xa java.sql java.sql.rowset java.xml.crypto java.se java.smartcardio jdk.accessibility jdk.internal.jvmstat jdk.attach jdk.charsets jdk.internal.opt jdk.zipfs jdk.compiler jdk.crypto.ec jdk.crypto.cryptoki jdk.crypto.mscapi jdk.dynalink jdk.internal.ed jdk.editpad jdk.hotspot.agent jdk.httpserver jdk.internal.le jdk.internal.vm.ci jdk.internal.vm.compiler jdk.internal.vm.compiler.management jdk.jartool jdk.javadoc jdk.jcmd jdk.management jdk.management.agent jdk.jconsole jdk.jdeps jdk.jdwp.agent jdk.jdi jdk.jfr jdk.jshell jdk.jsobject jdk.jstatd jdk.localedata jdk.management.jfr jdk.naming.dns jdk.naming.rmi jdk.net jdk.nio.mapmode jdk.random jdk.sctp jdk.security.auth jdk.security.jgss jdk.unsupported jdk.unsupported.desktop jdk.xml.dom" 

Environment Variables:
PATH=C:\Program Files\Eclipse Adoptium\jdk-25.0.0.36-hotspot\bin;C:\WINDOWS\system32;C:\WINDOWS;C:\WINDOWS\System32\Wbem;C:\WINDOWS\System32\WindowsPowerShell\v1.0\;C:\WINDOWS\System32\OpenSSH\;C:\Program Files\nodejs\;C:\Program Files\Git\cmd;C:\Users\admin\AppData\Local\Programs\Python\Launcher\;C:\Users\admin\AppData\Local\Microsoft\WindowsApps;C:\Users\admin\AppData\Local\Programs\Microsoft VS Code\bin;C:\Users\admin\AppData\Roaming\npm;
USERNAME=admin
OS=Windows_NT
PROCESSOR_IDENTIFIER=AMD64 Family 23 Model 24 Stepping 1, AuthenticAMD
TMP=C:\Users\admin\AppData\Local\Temp
TEMP=C:\Users\admin\AppData\Local\Temp




Periodic native trim disabled

---------------  S Y S T E M  ---------------

OS:
 Windows 11 , 64 bit Build 26100 (10.0.26100.9444)
OS uptime: 0 days 3:06 hours

CPU: total 4 (initial active 4) (4 cores per cpu, 2 threads per core) family 23 model 24 stepping 1 microcode 0x8108102, cx8, cmov, fxsr, ht, mmx, 3dnowpref, sse, sse2, sse3, ssse3, sse4a, sse4.1, sse4.2, popcnt, lzcnt, tsc, tscinvbit, avx, avx2, aes, clmul, bmi1, bmi2, adx, sha, fma, vzeroupper, clflush, clflushopt, rdtscp, f16c
Processor Information for the first 4 processors :
  Max Mhz: 2600, Current Mhz: 2600, Mhz Limit: 2600

Memory: 4k page, system-wide physical 3522M (79M free)
TotalPageFile size 14274M (AvailPageFile size 0M)
current process WorkingSet (physical memory assigned to process): 69M, peak: 69M
current process commit charge ("private bytes"): 218M, peak: 220M

vm_info: OpenJDK 64-Bit Server VM (21.0.12.1+1-LTS) for windows-amd64 JRE (21.0.12.1+1-LTS), built on 2026-08-18T00:00:00Z by "admin" with MS VC++ 17.12 (VS2022)

END.
